###############################################################################
#
# IAR ELF Linker V7.70.1.11437/W32 for ARM                13/Jul/2016  13:39:20
# Copyright 2007-2016 IAR Systems AB.
#
#    Output file  =  Sensor.out
#    Map file     =  
#        C:/Users/Alex/SimplicityStudio/v3_workspace/Sensor/IAR ARM -
#        Debug/Sensor.map
#    Command line =  
#        ./wstk-sensors/wstk-sensors.o ./usb-common/descriptors.o
#        ./usb-common/em_usbd.o ./usb-common/em_usbdch9.o
#        ./usb-common/em_usbdep.o ./usb-common/em_usbdint.o
#        ./usb-common/em_usbhal.o ./usb-common/em_usbtimer.o
#        ./usb-common/usb-common.o ./usb-cdc/usb-cdc-cli.o ./usb-cdc/usb-cdc.o
#        ./stack/stack-common/ember-configuration.o ./sim-eeprom1/sim-eeprom.o
#        ./serial/ember-printf.o ./serial/serial.o ./poll/poll.o
#        ./phy-ezradio/phy-config-connect.o ./main/main.o
#        ./idle-sleep/idle-sleep.o ./heartbeat/heartbeat.o
#        ./hal/hal-ezr32/EZR32_WG330/system_ezr32wg.o
#        ./hal/hal-ezr32/bsp_stk_leds.o ./hal/hal-ezr32/button.o
#        ./hal/hal-ezr32/buzzer.o ./hal/hal-ezr32/com.o ./hal/hal-ezr32/crc.o
#        ./hal/hal-ezr32/cstartup-common.o ./hal/hal-ezr32/dmactrl.o
#        ./hal/hal-ezr32/dmadrv.o ./hal/hal-ezr32/em_acmp.o
#        ./hal/hal-ezr32/em_adc.o ./hal/hal-ezr32/em_aes.o
#        ./hal/hal-ezr32/em_assert.o ./hal/hal-ezr32/em_burtc.o
#        ./hal/hal-ezr32/em_cmu.o ./hal/hal-ezr32/em_dac.o
#        ./hal/hal-ezr32/em_dbg.o ./hal/hal-ezr32/em_dma.o
#        ./hal/hal-ezr32/em_ebi.o ./hal/hal-ezr32/em_emu.o
#        ./hal/hal-ezr32/em_gpio.o ./hal/hal-ezr32/em_i2c.o
#        ./hal/hal-ezr32/em_idac.o ./hal/hal-ezr32/em_int.o
#        ./hal/hal-ezr32/em_lesense.o ./hal/hal-ezr32/em_letimer.o
#        ./hal/hal-ezr32/em_leuart.o ./hal/hal-ezr32/em_mpu.o
#        ./hal/hal-ezr32/em_msc.o ./hal/hal-ezr32/em_opamp.o
#        ./hal/hal-ezr32/em_pcnt.o ./hal/hal-ezr32/em_prs.o
#        ./hal/hal-ezr32/em_rmu.o ./hal/hal-ezr32/em_rtc.o
#        ./hal/hal-ezr32/em_system.o ./hal/hal-ezr32/em_timer.o
#        ./hal/hal-ezr32/em_usart.o ./hal/hal-ezr32/em_vcmp.o
#        ./hal/hal-ezr32/em_wdog.o ./hal/hal-ezr32/endian.o
#        ./hal/hal-ezr32/ext-device.o ./hal/hal-ezr32/faults.o
#        ./hal/hal-ezr32/gpiointerrupt.o ./hal/hal-ezr32/i2cspm.o
#        ./hal/hal-ezr32/isr-stubs.o ./hal/hal-ezr32/led.o
#        ./hal/hal-ezr32/mem-util.o ./hal/hal-ezr32/mfg-token.o
#        ./hal/hal-ezr32/micro-common.o ./hal/hal-ezr32/micro.o
#        ./hal/hal-ezr32/mpu.o ./hal/hal-ezr32/random.o
#        ./hal/hal-ezr32/rtcdriver.o ./hal/hal-ezr32/si7013.o
#        ./hal/hal-ezr32/sleep-efm32.o ./hal/hal-ezr32/sleep.o
#        ./hal/hal-ezr32/spidrv.o ./hal/hal-ezr32/symbol-timer.o
#        ./hal/hal-ezr32/token-def.o ./hal/hal-ezr32/token.o
#        ./hal/hal-ezr32/uartdrv.o ./hal/hal-ezr32/udelay.o
#        ./hal/hal-ezr32/ustimer.o ./diagnostic/EZR32/assert-crash-handlers.o
#        ./diagnostic/EZR32/diagnostic.o ./debug-print/debug-print.o
#        ./command-interpreter/command-interpreter.o ./connect-bookkeeping.o
#        ./connect-callback-stubs.o ./connect-callbacks.o ./connect-cli.o
#        ./connect-events.o -o Sensor.out --config
#        C:/SiliconLabs/SiliconLabsConnect/SiliconLabsConnect//submodules/base/hal/micro/cortexm3/efm32/ezr32lg330f256/iar-cfg.icf
#        --config_def BTL_SIZE=0K --config_def NULL_BTL=1 --no_wrap_diagnostics
#        C:/SiliconLabs/SiliconLabsConnect/SiliconLabsConnect//connect/plugins/libraries/parent-support-library.a
#        C:/SiliconLabs/SiliconLabsConnect/SiliconLabsConnect//connect/plugins/libraries/hal-library.a
#        C:/SiliconLabs/SiliconLabsConnect/SiliconLabsConnect//connect/plugins/libraries/form-and-join-library.a
#        C:/SiliconLabs/SiliconLabsConnect/SiliconLabsConnect//connect/plugins/libraries/packet-queue-library.a
#        C:/SiliconLabs/SiliconLabsConnect/SiliconLabsConnect//connect/plugins/libraries/sim-eeprom1-library.a
#        C:/SiliconLabs/SiliconLabsConnect/SiliconLabsConnect//connect/plugins/libraries/stack-common-library.a
#        C:/SiliconLabs/SiliconLabsConnect/SiliconLabsConnect//connect/plugins/libraries/stack-counters-library.a
#        C:/SiliconLabs/SiliconLabsConnect/SiliconLabsConnect//connect/plugins/libraries/aes-security-library.a
#        C:/SiliconLabs/SiliconLabsConnect/SiliconLabsConnect//connect/plugins/libraries/phy-pro2-brd4502c-library.a
#        C:/SiliconLabs/SiliconLabsConnect/SiliconLabsConnect//connect/plugins/libraries/xxtea-security-library.a
#        --entry halEntryPoint --map
#        "C:/Users/Alex/SimplicityStudio/v3_workspace/Sensor/IAR ARM -
#        Debug/Sensor.map" --log_file
#        "C:/Users/Alex/SimplicityStudio/v3_workspace/Sensor/IAR ARM -
#        Debug/Sensor.log" --log initialization,modules,sections,veneers
#        --remarks --diag_suppress=Lp012 --redirect _Printf=_PrintfFull
#        --redirect _Scanf=_ScanfFull
#
###############################################################################

*******************************************************************************
*** RUNTIME MODEL ATTRIBUTES
***

__SystemLibrary = DLib


*******************************************************************************
*** PLACEMENT SUMMARY
***

"HEADERS":
       place at start of [0x00000000-0x000000ff] { block HEADER_block };
"APP ro":
       place at start of [0x00000100-0x0003ffff] { block APPRO_block };
"NVM&SIMEE":
       place at end of [0x00000100-0x0003ffff] {
          zi section NVM, zi section SIMEE, zi section INTERNAL_STORAGE };
"APP rw":
       place at end of [0x20000000-0x20007fef] { block APPRW_block };
"Heap":
       place at start of [0x20000000-0x20007fef] { overlay EMHEAP_overlay };
"Guard":
       place in [from 0x20000000 to 0x20007fef] { rw section GUARD_REGION };
do not initialize { rw };
initialize manually with packing = copy, complex ranges {
   section .data, section .textrw, rw section __DLIB_PERTHREAD };

  Section                 Kind        Address    Size  Object
  -------                 ----        -------    ----  ------
"HEADERS":                                      0x100
  HEADER_block                     0x00000000   0x100  <Block>
    BAT                   const    0x00000000    0x54  cstartup-common.o [5]
    AAT                   const    0x00000054    0xac  cstartup-common.o [5]
                                 - 0x00000100   0x100

"APP ro":                                      0xfd60
  APPRO_block                      0x00000100  0xfd60  <Block>
    .intvec               const    0x00000100    0xdc  cstartup-common.o [5]
    .textrw_init                   0x000001dc   0x1d4  <Block>
      Initializer bytes   const    0x000001dc   0x1d4  <for .textrw-1>
    .text                          0x000003b0  0xecae  <Block>
      .text               ro code  0x000003b0    0x34  wstk-sensors.o [17]
      .text               ro code  0x000003e4   0x7b4  em_cmu.o [5]
      .text               ro code  0x00000b98   0x110  em_gpio.o [5]
      .text               ro code  0x00000ca8    0xcc  i2cspm.o [5]
      .text               ro code  0x00000d74    0x4a  si7013.o [5]
      .text               ro code  0x00000dc0   0x108  system_ezr32wg.o [6]
      .text               ro code  0x00000ec8   0x190  em_emu.o [5]
      .text               ro code  0x00001058   0x2d4  em_i2c.o [5]
      .text               ro code  0x0000132c   0x60c  em_usbd.o [16]
      .text               ro code  0x00001938   0x644  em_usbhal.o [16]
      .text               ro code  0x00001f7c   0x170  em_usbtimer.o [16]
      .text               ro code  0x000020ec     0x6  ABImemclr4.o [25]
      .text               ro code  0x000020f4    0x76  ABImemcpy_unaligned.o [25]
      .text               ro code  0x0000216a    0xf0  em_timer.o [5]
      .text               ro code  0x0000225c    0x32  ABImemset48.o [25]
      .text               ro code  0x00002290   0x59c  em_usbdch9.o [16]
      .text               ro code  0x0000282c   0x234  em_usbdep.o [16]
      .text               ro code  0x00002a60   0x660  em_usbdint.o [16]
      .text               ro code  0x000030c0   0x1b8  usb-common.o [16]
      .text               ro code  0x00003278   0x164  usb-cdc.o [15]
      .text               ro code  0x000033dc   0x244  usb-cdc-cli.o [15]
      .text               ro code  0x00003620    0xd0  debug-print.o [3]
      .text               ro code  0x000036f0   0x6c0  command-interpreter.o [2]
      .text               ro code  0x00003db0    0xd8  serial.o [12]
      .text               ro code  0x00003e88   0x48c  com.o [5]
      .text               ro code  0x00004314   0x1c8  ember-printf.o [12]
      .text               ro code  0x000044dc   0x844  uartdrv.o [5]
      .text               ro code  0x00004d20   0x37c  dmadrv.o [5]
      .text               ro code  0x0000509c   0x184  em_usart.o [5]
      .text               ro code  0x00005220    0xc8  gpiointerrupt.o [5]
      .text               ro code  0x000052e8   0x2cc  em_dma.o [5]
      .text               ro code  0x000055b4    0xee  I64DivMod.o [25]
      .text               ro code  0x000056a4     0x2  I64DivZer.o [25]
      .text               ro code  0x000056a8    0x90  sim-eeprom.o [13]
      .text               ro code  0x00005738    0xb8  mem-util.o [5]
      .text               ro code  0x000057f0   0xb10  sim-eeprom-internal.o [26]
      .text               ro code  0x00006300   0x1e4  assert-crash-handlers.o [4]
      .text               ro code  0x000064e4    0x66  ABImemset.o [25]
      .text               ro code  0x0000654c   0x114  connect-callbacks.o [1]
      Veneer              ro code  0x00006660     0x8  - Linker created -
      Veneer              ro code  0x00006668     0x8  - Linker created -
      Veneer              ro code  0x00006670     0x8  - Linker created -
      .text               ro code  0x00006678    0xca  flash.o [21]
      .text               ro code  0x00006744    0x7c  micro-common.o [5]
      .text               ro code  0x000067c0     0xc  spmr.o [21]
      .text               ro code  0x000067cc   0x130  micro-internal.o [21]
      .text               ro code  0x000068fc   0x194  ustimer.o [5]
      .text               ro code  0x00006a90   0x438  network.o [27]
      .text               ro code  0x00006ec8   0x7d0  association.o [20]
      .text               ro code  0x00007698    0x78  em_msc.o [5]
      .text               ro code  0x00007710    0xb0  em_wdog.o [5]
      .text               ro code  0x000077c0    0x90  mpu.o [5]
      .text               ro code  0x00007850     0x6  spmr.o [21]
      .text               ro code  0x00007858    0xc8  token.o [5]
      .text               ro code  0x00007920   0x220  stack.o [27]
      .text               ro code  0x00007b40  0x17f4  phy.o [24]
      .text               ro code  0x00009334   0x2d8  security-common.o [27]
      .text               ro code  0x0000960c   0x45c  child-table.o [23]
      .text               ro code  0x00009a68   0x448  upper-mac.o [27]
      .text               ro code  0x00009eb0   0x1a0  network-command.o [27]
      .text               ro code  0x0000a050   0x1cc  main.o [9]
      .text               ro code  0x0000a21c   0x182  packet-header.o [27]
      .text               ro code  0x0000a3a0    0x24  ember-library.o [27]
      .text               ro code  0x0000a3c4    0x3c  counters.o [28]
      .text               ro code  0x0000a400   0x23c  parent-support.o [23]
      .text               ro code  0x0000a63c   0x260  scan.o [20]
      .text               ro code  0x0000a89c   0x218  event-control.o [27]
      .text               ro code  0x0000aab4    0x34  random.o [5]
      .text               ro code  0x0000aae8   0x2fc  coordinator-support.o [23]
      .text               ro code  0x0000ade4    0x50  em_mpu.o [5]
      .text               ro code  0x0000ae34     0xe  spmr.o [21]
      .text               ro code  0x0000ae44   0x18c  mfg-token.o [5]
      .text               ro code  0x0000afd0     0x8  spmr.o [21]
      .text               ro code  0x0000afd8   0x778  buffer-management.o [27]
      .text               ro code  0x0000b750   0x1b4  mac-queue.o [22]
      .text               ro code  0x0000b904   0x444  indirect-queue.o [23]
      .text               ro code  0x0000bd48    0x28  buffers-bookkeeping.o [27]
      .text               ro code  0x0000bd70   0x578  lower-mac-pro2.o [24]
      .text               ro code  0x0000c2e8   0x35a  sipro2.o [24]
      .text               ro code  0x0000c642     0x4  micro-common-internal.o [21]
      .text               ro code  0x0000c648    0xc0  system-timer.o [21]
      .text               ro code  0x0000c708   0x128  micro.o [5]
      .text               ro code  0x0000c830    0x18  eui64.o [27]
      .text               ro code  0x0000c848   0x20c  security-xxtea.o [29]
      .text               ro code  0x0000ca54   0x26c  security-aes.o [19]
      .text               ro code  0x0000ccc0   0x100  command.o [27]
      .text               ro code  0x0000cdc0    0x40  connect-bookkeeping.o [1]
      .text               ro code  0x0000ce00    0xbc  cstartup-common.o [5]
      .text               ro code  0x0000cebc   0x8cc  diagnostic.o [4]
      .text               ro code  0x0000d788   0x100  symbol-timer.o [5]
      .text               ro code  0x0000d888     0xe  spmr.o [21]
      .text               ro code  0x0000d898    0x42  strcmp_unaligned.o [25]
      .text               ro code  0x0000d8dc    0xe4  buffer-queue.o [27]
      .text               ro code  0x0000d9c0   0x1f8  ext-device.o [5]
      .text               ro code  0x0000dbb8   0x58c  spidrv.o [5]
      .text               ro code  0x0000e144   0x568  rtcdriver.o [5]
      .text               ro code  0x0000e6ac    0xa4  sleep-efm32.o [5]
      .text               ro code  0x0000e750   0x150  button.o [5]
      .text               ro code  0x0000e8a0     0x4  led.o [5]
      .text               ro code  0x0000e8a4   0x228  xxtea.o [29]
      .text               ro code  0x0000eacc    0x38  aes.o [21]
      .text               ro code  0x0000eb04     0xc  heartbeat.o [7]
      .text               ro code  0x0000eb10    0xb4  idle-sleep.o [8]
      .text               ro code  0x0000ebc4    0x40  poll.o [11]
      .text               ro code  0x0000ec04     0x2  connect-callback-stubs.o [1]
      .text               ro code  0x0000ec08   0x104  em_rmu.o [5]
      .text               ro code  0x0000ed0c    0x1e  em_prs.o [5]
      .text               ro code  0x0000ed2c    0x56  em_rtc.o [5]
      .text               ro code  0x0000ed84    0x34  sleep.o [5]
      .text               ro code  0x0000edb8     0x4  spmr.o [21]
      .text               ro code  0x0000edbc     0x4  spmr.o [21]
      .text               ro code  0x0000edc0    0x38  bsp_stk_leds.o [5]
      .text               ro code  0x0000edf8    0x58  em_aes.o [5]
      .text               ro code  0x0000ee50     0x2  faults.o [5]
      .text               ro code  0x0000ee54     0x2  faults.o [5]
      .text               ro code  0x0000ee58     0x2  faults.o [5]
      .text               ro code  0x0000ee5c     0x2  faults.o [5]
      .text               ro code  0x0000ee60     0x2  faults.o [5]
      .text               ro code  0x0000ee64     0x2  faults.o [5]
      .text               ro code  0x0000ee68     0x2  faults.o [5]
      .text               ro code  0x0000ee6c    0x70  faults.o [5]
      .text               ro code  0x0000eedc     0x4  isr-stubs.o [5]
      .text               ro code  0x0000eee0   0x178  cstartup-iar.o [21]
      .text               ro code  0x0000f058     0x6  ABImemclr.o [25]
    .rodata               const    0x0000f060    0xf4  descriptors.o [16]
    .rodata               const    0x0000f154    0x60  em_usbd.o [16]
    .rodata               const    0x0000f1b4    0x14  usb-common.o [16]
    .rodata               const    0x0000f1c8    0x1c  sim-eeprom.o [13]
    .rodata               const    0x0000f1e4   0x204  phy-config-connect.o [10]
    .rodata               const    0x0000f3e8   0x134  micro.o [5]
    .rodata               const    0x0000f51c    0x78  token-def.o [5]
    .rodata               const    0x0000f594   0x4e8  diagnostic.o [4]
    .rodata               const    0x0000fa7c    0x84  command-interpreter.o [2]
    .rodata               const    0x0000fb00    0x7c  connect-cli.o [1]
    .rodata               const    0x0000fb7c     0x8  connect-events.o [1]
    .rodata               const    0x0000fb84     0x1  phy.o [24]
    .rodata               const    0x0000fb86     0x6  mfg-token.o [5]
    .rodata               const    0x0000fb8c     0x4  micro-common-internal.o [21]
    .rodata               const    0x0000fb90     0x1  ember-configuration.o [14]
    .rodata               const    0x0000fb91     0x1  mac-queue.o [22]
    .rodata               const    0x0000fb92     0x1  parent-support.o [23]
    .rodata               const    0x0000fb93     0x1  security-aes.o [19]
    .rodata               const    0x0000fb94     0x1  security-xxtea.o [29]
    .data_init                     0x0000fb98   0x2c8  <Block>
      Initializer bytes   const    0x0000fb98   0x2c8  <for .data-1>
                                 - 0x0000fe60  0xfd60

"NVM&SIMEE":                                   0x2000
  SIMEE                            0x0003e000  0x2000  <Block>
    SIMEE                 uninit   0x0003e000  0x2000  sim-eeprom.o [13]
                                 - 0x00040000  0x2000

"Heap":                                         0xfa0
  EMHEAP_overlay                   0x20000000   0xfa0  <Overlay>
    part 1:
      EMHEAP                       0x20000000   0xfa0  <Block>
        EMHEAP            uninit   0x20000000   0xfa0  ember-configuration.o [14]
    part 2:
      RESETINFO                    0x20000000    0x9c  <Block>
        RESETINFO         rw data  0x20000000     0x0  faults.o [5]
        RESETINFO         rw data  0x20000000     0x0  isr-stubs.o [5]
        RESETINFO         rw data  0x20000000     0x0  spmr.o [21]
        RESETINFO         uninit   0x20000000    0x9c  cstartup-common.o [5]
                                 - 0x20000fa0   0xfa0

"Guard":                                         0x20
  GUARD_REGION            uninit   0x20000fa0    0x20  cstartup-common.o [5]
                                 - 0x20000fc0    0x20

"APP rw":                                      0x2078
  APPRW_block                      0x20005f00  0x2078  <Block>
    ALIGN_CSTACK                   0x20005f00   0x960  <Block>
      CSTACK                       0x20005f00   0x960  <Block>
        CSTACK            rw data  0x20005f00     0x0  faults.o [5]
        CSTACK            rw data  0x20005f00     0x0  isr-stubs.o [5]
        CSTACK            rw data  0x20005f00     0x0  spmr.o [21]
        CSTACK            uninit   0x20005f00   0x960  cstartup-common.o [5]
    .textrw                        0x20006860   0x1d4  <Block>
      .textrw-1                    0x20006860   0x1d4  <Init block>
        Veneer            inited   0x20006860     0x8  - Linker created -
        .textrw           inited   0x20006868   0x1cc  em_msc.o [5]
    .data                          0x20006a34   0x2c8  <Block>
      .data-1                      0x20006a34   0x2c8  <Init block>
        .data             inited   0x20006a34    0x18  wstk-sensors.o [17]
        .data             inited   0x20006a4c     0x4  em_usbd.o [16]
        .data             inited   0x20006a50    0x20  em_usbd.o [16]
        .data             inited   0x20006a70    0x20  usb-common.o [16]
        .data             inited   0x20006a90    0x24  usb-common.o [16]
        .data             inited   0x20006ab4     0x8  usb-cdc.o [15]
        .data             inited   0x20006abc     0x8  usb-cdc.o [15]
        .data             inited   0x20006ac4     0x4  ember-configuration.o [14]
        .data             inited   0x20006ac8     0x4  ember-configuration.o [14]
        .data             inited   0x20006acc     0x4  ember-configuration.o [14]
        .data             inited   0x20006ad0     0x4  ember-configuration.o [14]
        .data             inited   0x20006ad4     0x4  ember-configuration.o [14]
        .data             inited   0x20006ad8     0x8  system_ezr32wg.o [6]
        .data             inited   0x20006ae0    0x80  com.o [5]
        .data             inited   0x20006b60    0x80  com.o [5]
        .data             inited   0x20006be0    0x5c  com.o [5]
        .data             inited   0x20006c3c     0x4  micro.o [5]
        .data             inited   0x20006c40    0x50  mpu.o [5]
        .data             inited   0x20006c90    0x20  command-interpreter.o [2]
        .data             inited   0x20006cb0     0x9  upper-mac.o [27]
        .data             inited   0x20006cbc    0x18  phy.o [24]
        .data             inited   0x20006cd4     0x4  micro-internal.o [21]
        .data             inited   0x20006cd8     0x4  buffer-management.o [27]
        .data             inited   0x20006cdc     0x4  packet-header.o [27]
        .data             inited   0x20006ce0     0x2  ember-configuration.o [14]
        .data             inited   0x20006ce2     0x4  poll.o [11]
        .data             inited   0x20006ce6     0x4  random.o [5]
        .data             inited   0x20006cea     0x4  stack.o [27]
        .data             inited   0x20006cee     0x2  parent-support.o [23]
        .data             inited   0x20006cf0     0x1  ember-configuration.o [14]
        .data             inited   0x20006cf1     0x1  ember-configuration.o [14]
        .data             inited   0x20006cf2     0x1  ember-configuration.o [14]
        .data             inited   0x20006cf3     0x1  ember-configuration.o [14]
        .data             inited   0x20006cf4     0x1  ember-configuration.o [14]
        .data             inited   0x20006cf5     0x1  ext-device.o [5]
        .data             inited   0x20006cf6     0x1  micro.o [5]
        .data             inited   0x20006cf7     0x1  debug-print.o [3]
        .data             inited   0x20006cf8     0x1  connect-callbacks.o [1]
        .data             inited   0x20006cf9     0x1  upper-mac.o [27]
        .data             inited   0x20006cfa     0x1  indirect-queue.o [23]
        .data             inited   0x20006cfb     0x1  lower-mac-pro2.o [24]
    DLIB_PERTHREAD_INITIALIZED_DATA
                                   0x20006cfc     0x0  <Block>
    DLIB_PERTHREAD_ZERO_DATA
                                   0x20006cfc     0x0  <Block>
    .bss                           0x20006d00  0x1278  <Block>
      .bss                uninit   0x20006d00   0x200  dmactrl.o [5]
      .bss                uninit   0x20006f00    0xa0  rtcdriver.o [5]
      .bss                uninit   0x20006fa0    0xf8  em_usbd.o [16]
      .bss                uninit   0x20007098     0x4  em_usbdch9.o [16]
      .bss                uninit   0x2000709c     0xc  em_usbdep.o [16]
      .bss                uninit   0x200070a8    0x68  em_usbdint.o [16]
      .bss                uninit   0x20007110    0x10  em_usbtimer.o [16]
      .bss                uninit   0x20007120    0x40  usb-common.o [16]
      .bss                uninit   0x20007160    0x40  usb-common.o [16]
      .bss                uninit   0x200071a0    0x40  usb-common.o [16]
      .bss                uninit   0x200071e0    0x40  usb-common.o [16]
      .bss                uninit   0x20007220    0x40  usb-common.o [16]
      .bss                uninit   0x20007260    0x40  usb-common.o [16]
      .bss                uninit   0x200072a0    0x40  usb-common.o [16]
      .bss                uninit   0x200072e0    0x40  usb-common.o [16]
      .bss                uninit   0x20007320    0x28  usb-common.o [16]
      .bss                uninit   0x20007348    0xc8  usb-cdc-cli.o [15]
      .bss                uninit   0x20007410     0xc  usb-cdc-cli.o [15]
      .bss                uninit   0x2000741c    0xcc  usb-cdc-cli.o [15]
      .bss                uninit   0x200074e8    0x44  usb-cdc.o [15]
      .bss                uninit   0x2000752c    0x40  usb-cdc.o [15]
      .bss                uninit   0x2000756c    0x24  ember-configuration.o [14]
      .bss                uninit   0x20007590   0x140  ember-configuration.o [14]
      .bss                uninit   0x200076d0    0x50  ember-configuration.o [14]
      .bss                uninit   0x20007720    0x50  ember-configuration.o [14]
      .bss                uninit   0x20007770    0x10  ember-configuration.o [14]
      .bss                uninit   0x20007780    0x30  sim-eeprom.o [13]
      .bss                uninit   0x200077b0    0x10  poll.o [11]
      .bss                uninit   0x200077c0     0x8  heartbeat.o [7]
      .bss                uninit   0x200077c8     0x4  system_ezr32wg.o [6]
      .bss                uninit   0x200077cc    0x48  com.o [5]
      .bss                uninit   0x20007814    0x88  com.o [5]
      .bss                uninit   0x2000789c    0xd8  com.o [5]
      .bss                uninit   0x20007974    0x40  com.o [5]
      .bss                uninit   0x200079b4     0x4  com.o [5]
      .bss                uninit   0x200079b8     0xa  cstartup-common.o [5]
      .bss                uninit   0x200079c2     0x2  debug-print.o [3]
      .bss                uninit   0x200079c4    0x34  dmadrv.o [5]
      .bss                uninit   0x200079f8    0x50  dmadrv.o [5]
      .bss                uninit   0x20007a48     0x4  em_emu.o [5]
      .bss                uninit   0x20007a4c    0x18  em_i2c.o [5]
      .bss                uninit   0x20007a64     0x4  em_int.o [5]
      .bss                uninit   0x20007a68     0x4  ext-device.o [5]
      .bss                uninit   0x20007a6c    0x40  gpiointerrupt.o [5]
      .bss                uninit   0x20007aac    0x14  rtcdriver.o [5]
      .bss                uninit   0x20007ac0     0x4  sleep-efm32.o [5]
      .bss                uninit   0x20007ac4     0xc  sleep.o [5]
      .bss                uninit   0x20007ad0    0x14  uartdrv.o [5]
      .bss                uninit   0x20007ae4     0xc  ustimer.o [5]
      .bss                uninit   0x20007af0    0x7c  command-interpreter.o [2]
      .bss                uninit   0x20007b6c     0x4  connect-callbacks.o [1]
      .bss                uninit   0x20007b70     0x8  eui64.o [27]
      .bss                uninit   0x20007b78     0x4  sim-eeprom-internal.o [26]
      .bss                uninit   0x20007b7c     0x8  system-timer.o [21]
      .bss                uninit   0x20007b84     0xc  upper-mac.o [27]
      .bss                uninit   0x20007b90    0x3c  phy.o [24]
      .bss                uninit   0x20007bcc    0xa0  phy.o [24]
      .bss                uninit   0x20007c6c     0xc  phy.o [24]
      .bss                uninit   0x20007c78    0x24  association.o [20]
      .bss                uninit   0x20007c9c    0x20  association.o [20]
      .bss                uninit   0x20007cbc    0x80  coordinator-support.o [23]
      .bss                uninit   0x20007d3c    0x48  counters.o [28]
      .bss                uninit   0x20007d84     0x8  indirect-queue.o [23]
      .bss                uninit   0x20007d8c    0x24  buffer-management.o [27]
      .bss                uninit   0x20007db0    0x18  lower-mac-pro2.o [24]
      .bss                uninit   0x20007dc8    0x80  lower-mac-pro2.o [24]
      .bss                uninit   0x20007e48     0x8  parent-support.o [23]
      .bss                uninit   0x20007e50    0x10  scan.o [20]
      .bss                uninit   0x20007e60     0x8  security-common.o [27]
      .bss                uninit   0x20007e68    0xe4  sipro2.o [24]
      .bss                uninit   0x20007f4c    0x10  aes.o [21]
      .bss                uninit   0x20007f5c     0x4  sim-eeprom-internal.o [26]
      .bss                uninit   0x20007f60     0x4  stack.o [27]
      .bss                uninit   0x20007f64     0x1  main.o [9]
      .bss                uninit   0x20007f65     0x2  button.o [5]
      .bss                uninit   0x20007f67     0x1  spidrv.o [5]
      .bss                uninit   0x20007f68     0x2  token.o [5]
      .bss                uninit   0x20007f6a     0x2  command-interpreter.o [2]
      .bss                uninit   0x20007f6c     0x2  event-control.o [27]
      .bss                uninit   0x20007f6e     0x1  stack.o [27]
      .bss                uninit   0x20007f6f     0x1  stack.o [27]
      .bss                uninit   0x20007f70     0x2  upper-mac.o [27]
      .bss                uninit   0x20007f72     0x2  phy.o [24]
      .bss                uninit   0x20007f74     0x1  phy.o [24]
      .bss                uninit   0x20007f75     0x1  indirect-queue.o [23]
      .bss                uninit   0x20007f76     0x2  mac-queue.o [22]
                                 - 0x20007f78  0x2078



*******************************************************************************
*** MODULE SUMMARY
***

    Module                    ro code  rw code  ro data  rw data
    ------                    -------  -------  -------  -------
C:\Users\Alex\SimplicityStudio\v3_workspace\Sensor\IAR ARM - Debug: [1]
    connect-bookkeeping.o          64
    connect-callback-stubs.o        2
    connect-callbacks.o           276                 1        5
    connect-cli.o                                   124
    connect-events.o                                  8
    ------------------------------------------------------------
    Total:                        342               133        5

C:\Users\Alex\SimplicityStudio\v3_workspace\Sensor\IAR ARM - Debug\command-interpreter: [2]
    command-interpreter.o       1 728               164      158
    ------------------------------------------------------------
    Total:                      1 728               164      158

C:\Users\Alex\SimplicityStudio\v3_workspace\Sensor\IAR ARM - Debug\debug-print: [3]
    debug-print.o                 208                 1        3
    ------------------------------------------------------------
    Total:                        208                 1        3

C:\Users\Alex\SimplicityStudio\v3_workspace\Sensor\IAR ARM - Debug\diagnostic\EZR32: [4]
    assert-crash-handlers.o       484
    diagnostic.o                2 252             1 256
    ------------------------------------------------------------
    Total:                      2 736             1 256

C:\Users\Alex\SimplicityStudio\v3_workspace\Sensor\IAR ARM - Debug\hal\hal-ezr32: [5]
    bsp_stk_leds.o                 56
    button.o                      336                          2
    com.o                       1 164               348      840
    cstartup-common.o             188               476    2 442
    dmactrl.o                                                512
    dmadrv.o                      892                        132
    em_aes.o                       88
    em_cmu.o                    1 972
    em_dma.o                      716
    em_emu.o                      400                          4
    em_gpio.o                     272
    em_i2c.o                      724                         24
    em_int.o                                                   4
    em_mpu.o                       80
    em_msc.o                      120      460      460
    em_prs.o                       30
    em_rmu.o                      260
    em_rtc.o                       86
    em_timer.o                    240
    em_usart.o                    388
    em_wdog.o                     176
    ext-device.o                  504                 1        5
    faults.o                      126
    gpiointerrupt.o               200                         64
    i2cspm.o                      204
    isr-stubs.o                     4
    led.o                           4
    mem-util.o                    184
    mfg-token.o                   396                 6
    micro-common.o                124
    micro.o                       296               313        5
    mpu.o                         144                80       80
    random.o                       52                 4        4
    rtcdriver.o                 1 384                        180
    si7013.o                       74
    sleep-efm32.o                 164                          4
    sleep.o                        52                         12
    spidrv.o                    1 420                          1
    symbol-timer.o                256
    token-def.o                                     120
    token.o                       200                          2
    uartdrv.o                   2 116                         20
    ustimer.o                     404                         12
    ------------------------------------------------------------
    Total:                     16 496      460    1 808    4 349

C:\Users\Alex\SimplicityStudio\v3_workspace\Sensor\IAR ARM - Debug\hal\hal-ezr32\EZR32_WG330: [6]
    system_ezr32wg.o              264                 8       12
    ------------------------------------------------------------
    Total:                        264                 8       12

C:\Users\Alex\SimplicityStudio\v3_workspace\Sensor\IAR ARM - Debug\heartbeat: [7]
    heartbeat.o                    12                          8
    ------------------------------------------------------------
    Total:                         12                          8

C:\Users\Alex\SimplicityStudio\v3_workspace\Sensor\IAR ARM - Debug\idle-sleep: [8]
    idle-sleep.o                  180
    ------------------------------------------------------------
    Total:                        180

C:\Users\Alex\SimplicityStudio\v3_workspace\Sensor\IAR ARM - Debug\main: [9]
    main.o                        460                          1
    ------------------------------------------------------------
    Total:                        460                          1

C:\Users\Alex\SimplicityStudio\v3_workspace\Sensor\IAR ARM - Debug\phy-ezradio: [10]
    phy-config-connect.o                            516
    ------------------------------------------------------------
    Total:                                          516

C:\Users\Alex\SimplicityStudio\v3_workspace\Sensor\IAR ARM - Debug\poll: [11]
    poll.o                         64                 4       20
    ------------------------------------------------------------
    Total:                         64                 4       20

C:\Users\Alex\SimplicityStudio\v3_workspace\Sensor\IAR ARM - Debug\serial: [12]
    ember-printf.o                456
    serial.o                      216
    ------------------------------------------------------------
    Total:                        672

C:\Users\Alex\SimplicityStudio\v3_workspace\Sensor\IAR ARM - Debug\sim-eeprom1: [13]
    sim-eeprom.o                  144                28    8 240
    ------------------------------------------------------------
    Total:                        144                28    8 240

C:\Users\Alex\SimplicityStudio\v3_workspace\Sensor\IAR ARM - Debug\stack\stack-common: [14]
    ember-configuration.o                            28      559
    ------------------------------------------------------------
    Total:                                           28      559

C:\Users\Alex\SimplicityStudio\v3_workspace\Sensor\IAR ARM - Debug\usb-cdc: [15]
    usb-cdc-cli.o                 580                        416
    usb-cdc.o                     356                16      148
    ------------------------------------------------------------
    Total:                        936                16      564

C:\Users\Alex\SimplicityStudio\v3_workspace\Sensor\IAR ARM - Debug\usb-common: [16]
    descriptors.o                                   244
    em_usbd.o                   1 548               132      284
    em_usbdch9.o                1 436                          4
    em_usbdep.o                   564                         12
    em_usbdint.o                1 632                        104
    em_usbhal.o                 1 604
    em_usbtimer.o                 368                         16
    usb-common.o                  440                88      620
    ------------------------------------------------------------
    Total:                      7 592               464    1 040

C:\Users\Alex\SimplicityStudio\v3_workspace\Sensor\IAR ARM - Debug\wstk-sensors: [17]
    wstk-sensors.o                 52                24       24
    ------------------------------------------------------------
    Total:                         52                24       24

command line: [18]
    ------------------------------------------------------------
    Total:

aes-security-library.a: [19]
    security-aes.o                620                 1
    ------------------------------------------------------------
    Total:                        620                 1

form-and-join-library.a: [20]
    association.o               2 000                         68
    scan.o                        608                         16
    ------------------------------------------------------------
    Total:                      2 608                         84

hal-library.a: [21]
    aes.o                          56                         16
    cstartup-iar.o                376
    flash.o                       202
    micro-common-internal.o         4                 4
    micro-internal.o              304                 4        4
    spmr.o                         62
    system-timer.o                192                          8
    ------------------------------------------------------------
    Total:                      1 196                 8       28

packet-queue-library.a: [22]
    mac-queue.o                   436                 1        2
    ------------------------------------------------------------
    Total:                        436                 1        2

parent-support-library.a: [23]
    child-table.o               1 116
    coordinator-support.o         764                        128
    indirect-queue.o            1 092                 1       10
    parent-support.o              572                 3       10
    ------------------------------------------------------------
    Total:                      3 544                 4      148

phy-pro2-brd4502c-library.a: [24]
    lower-mac-pro2.o            1 400                 1      153
    phy.o                       6 132                28      259
    sipro2.o                      858                        228
    ------------------------------------------------------------
    Total:                      8 390                29      640

rt7M_tl.a: [25]
    ABImemclr.o                     6
    ABImemclr4.o                    6
    ABImemcpy_unaligned.o         118
    ABImemset.o                   102
    ABImemset48.o                  50
    I64DivMod.o                   238
    I64DivZer.o                     2
    strcmp_unaligned.o             66
    ------------------------------------------------------------
    Total:                        588

sim-eeprom1-library.a: [26]
    sim-eeprom-internal.o       2 832                          8
    ------------------------------------------------------------
    Total:                      2 832                          8

stack-common-library.a: [27]
    buffer-management.o         1 912                 4       40
    buffer-queue.o                228
    buffers-bookkeeping.o          40
    command.o                     256
    ember-library.o                36
    eui64.o                        24                          8
    event-control.o               536                          2
    network-command.o             416
    network.o                   1 080
    packet-header.o               386                 4        4
    security-common.o             728                          8
    stack.o                       544                 4       10
    upper-mac.o                 1 096                10       24
    ------------------------------------------------------------
    Total:                      7 282                22       96

stack-counters-library.a: [28]
    counters.o                     60                         72
    ------------------------------------------------------------
    Total:                         60                         72

xxtea-security-library.a: [29]
    security-xxtea.o              524                 1
    xxtea.o                       552
    ------------------------------------------------------------
    Total:                      1 076                 1

    Gaps                           48                 3        3
    Linker created                 24        8        8    4 000
----------------------------------------------------------------
    Grand Total:               60 590      468    4 527   20 064


*******************************************************************************
*** ENTRY LIST
***

Entry                      Address    Size  Type      Object
-----                      -------    ----  ----      ------
.bss$$Base              0x20006d00           --   Gb  - Linker created -
.bss$$Length            0x00001278           --   Gb  - Linker created -
.bss$$Limit             0x20007f78           --   Gb  - Linker created -
.data$$Base             0x20006a34           --   Gb  - Linker created -
.data$$Limit            0x20006cfc           --   Gb  - Linker created -
.data_init$$Base        0x0000fb98           --   Gb  - Linker created -
.data_init$$Length      0x000002c8           --   Gb  - Linker created -
.data_init$$Limit       0x0000fe60           --   Gb  - Linker created -
.noinit$$Base           0x00000000           --   Gb  - Linker created -
.text$$Base             0x000003b0           --   Gb  - Linker created -
.text$$Limit            0x0000f05e           --   Gb  - Linker created -
.textrw$$Base           0x20006860           --   Gb  - Linker created -
.textrw$$Limit          0x20006a34           --   Gb  - Linker created -
.textrw_init$$Base      0x000001dc           --   Gb  - Linker created -
.textrw_init$$Length    0x000001d4           --   Gb  - Linker created -
.textrw_init$$Limit     0x000003b0           --   Gb  - Linker created -
ACMP0_IRQHandler        0x0000eedd          Code  Wk  isr-stubs.o [5]
ADC0_IRQHandler         0x0000eedd          Code  Wk  isr-stubs.o [5]
AES_ECB128              0x0000edf9    0x52  Code  Gb  em_aes.o [5]
AES_IRQHandler          0x0000eedd          Code  Wk  isr-stubs.o [5]
ALIGN_CSTACK$$Base      0x20005f00           --   Gb  - Linker created -
ALIGN_CSTACK$$Limit     0x20006860           --   Gb  - Linker created -
APPRO_block$$Base       0x00000100           --   Gb  - Linker created -
APPRO_block$$Limit      0x0000fe60           --   Gb  - Linker created -
APPRW_block$$Base       0x20005f00           --   Gb  - Linker created -
APPRW_block$$Limit      0x20007f78           --   Gb  - Linker created -
APP_RAM$$Base           0x00000000           --   Gb  - Linker created -
APP_RAM$$Length         0x00000000           --   Gb  - Linker created -
BSP_LedsInit            0x0000edc1    0x2e  Code  Gb  bsp_stk_leds.o [5]
BURTC_IRQHandler        0x0000eedd          Code  Wk  isr-stubs.o [5]
BUS_RegBitRead          0x000003f3     0xe  Code  Lc  em_cmu.o [5]
BUS_RegBitWrite         0x000003e5     0xe  Code  Lc  em_cmu.o [5]
BUS_RegBitWrite         0x000052e9     0xe  Code  Lc  em_dma.o [5]
BUS_RegBitWrite         0x00000b99     0xe  Code  Lc  em_gpio.o [5]
BUS_RegBitWrite         0x00001059     0xe  Code  Lc  em_i2c.o [5]
BUS_RegBitWrite         0x0000ec09     0xe  Code  Lc  em_rmu.o [5]
BUS_RegBitWrite         0x00007711     0xe  Code  Lc  em_wdog.o [5]
BUS_RegBitWrite         0x0000ed85     0xe  Code  Lc  sleep.o [5]
BlockingComplete        0x0000ddfd     0xa  Code  Lc  spidrv.o [5]
CMU_ClockDivSet         0x00000565   0x132  Code  Gb  em_cmu.o [5]
CMU_ClockEnable         0x000006bb    0x94  Code  Gb  em_cmu.o [5]
CMU_ClockFreqGet        0x0000074f   0x10c  Code  Gb  em_cmu.o [5]
CMU_ClockSelectGet      0x00000869    0xb6  Code  Gb  em_cmu.o [5]
CMU_ClockSelectSet      0x0000091f   0x176  Code  Gb  em_cmu.o [5]
CMU_IRQHandler          0x0000eedd          Code  Wk  isr-stubs.o [5]
CMU_OscillatorEnable    0x00000ac5    0x5c  Code  Gb  em_cmu.o [5]
COM_ForceWriteData      0x000042ad    0x14  Code  Gb  com.o [5]
COM_Init                0x00004049    0x82  Code  Gb  com.o [5]
COM_InternalPowerDown   0x00003ec5    0x34  Code  Gb  com.o [5]
COM_InternalPowerUp     0x00003ef9    0x32  Code  Gb  com.o [5]
COM_Printf              0x000041c5    0x18  Code  Gb  com.o [5]
COM_PrintfVarArg        0x000041a3    0x22  Code  Gb  com.o [5]
COM_ReadAvailable       0x000040cb    0x16  Code  Gb  com.o [5]
COM_ReadByte            0x000040e1    0x5c  Code  Gb  com.o [5]
COM_WaitSend            0x000042c1    0x18  Code  Gb  com.o [5]
COM_WriteByte           0x0000418d    0x10  Code  Gb  com.o [5]
COM_WriteData           0x000041dd    0xa2  Code  Gb  com.o [5]
COM_pendingWrite        0x0000413d    0x50  Code  Gb  com.o [5]
CSTACK$$Base            0x20005f00           --   Gb  - Linker created -
CSTACK$$Limit           0x20006860           --   Gb  - Linker created -
CheckParams             0x00004831    0x20  Code  Lc  uartdrv.o [5]
ClearFeature            0x000024cf    0x88  Code  Lc  em_usbdch9.o [16]
ConfigGPIO              0x0000de07   0x15c  Code  Lc  spidrv.o [5]
ConfigGPIO              0x00004851   0x124  Code  Lc  uartdrv.o [5]
DAC0_IRQHandler         0x0000eedd          Code  Wk  isr-stubs.o [5]
DEBUG_CHANNEL$$Base     0x00000000           --   Gb  - Linker created -
DEBUG_CHANNEL$$Limit    0x00000000           --   Gb  - Linker created -
DLIB_PERTHREAD_INITIALIZED_DATA$$Base
                        0x20006cfc           --   Gb  - Linker created -
DLIB_PERTHREAD_INITIALIZED_DATA$$Limit
                        0x20006cfc           --   Gb  - Linker created -
DLIB_PERTHREAD_ZERO_DATA$$Base
                        0x20006cfc           --   Gb  - Linker created -
DLIB_PERTHREAD_ZERO_DATA$$Length
                        0x00000000           --   Gb  - Linker created -
DLIB_PERTHREAD_ZERO_DATA$$Limit
                        0x20006cfc           --   Gb  - Linker created -
DMADRV_AllocateChannel  0x00004d49    0x4c  Code  Gb  dmadrv.o [5]
DMADRV_Init             0x00004d9f    0x54  Code  Gb  dmadrv.o [5]
DMADRV_MemoryPeripheral
                        0x00004df3     0xc  Code  Gb  dmadrv.o [5]
DMADRV_PeripheralMemory
                        0x00004dff     0xa  Code  Gb  dmadrv.o [5]
DMADRV_TransferRemainingCount
                        0x00004e35    0x46  Code  Gb  dmadrv.o [5]
DMA_ActivateBasic       0x000053d3    0x20  Code  Gb  em_dma.o [5]
DMA_ActivatePingPong    0x000053f9    0x34  Code  Gb  em_dma.o [5]
DMA_CfgChannel          0x00005437    0x40  Code  Gb  em_dma.o [5]
DMA_CfgDescr            0x00005477    0x34  Code  Gb  em_dma.o [5]
DMA_IRQHandler          0x0000536d    0x66  Code  Gb  em_dma.o [5]
DMA_Init                0x000054ab    0x34  Code  Gb  em_dma.o [5]
DMA_Prepare             0x000052f7    0x76  Code  Lc  em_dma.o [5]
DMA_RefreshPingPong     0x000054df    0x66  Code  Gb  em_dma.o [5]
DMA_Reset               0x0000554f    0x30  Code  Gb  em_dma.o [5]
DelayTicks              0x00001f7d    0x22  Code  Lc  em_usbtimer.o [16]
DelayTicksPolled        0x00006a25    0x22  Code  Lc  ustimer.o [5]
DequeueBuffer           0x00004649    0x36  Code  Lc  uartdrv.o [5]
DisableReceiver         0x000046c5    0x10  Code  Lc  uartdrv.o [5]
DmaBasicCallback        0x00004e99    0x1a  Code  Lc  dmadrv.o [5]
DmaPingPongCallback     0x00004eb3    0x3e  Code  Lc  dmadrv.o [5]
EMHEAP$$Base            0x20000000           --   Gb  - Linker created -
EMHEAP$$Limit           0x20000fa0           --   Gb  - Linker created -
EMHEAP_overlay$$Base    0x20000000           --   Gb  - Linker created -
EMHEAP_overlay$$Limit   0x20000fa0           --   Gb  - Linker created -
EMU_EnterEM2            0x00000f71    0x4e  Code  Gb  em_emu.o [5]
EMU_EnterEM3            0x00000fbf    0x64  Code  Gb  em_emu.o [5]
EMU_IRQHandler          0x0000eedd          Code  Wk  isr-stubs.o [5]
EMU_UpdateOscConfig     0x0000102f     0xa  Code  Gb  em_emu.o [5]
ERASE_CRITICAL_THRESHOLD
                        0x0000f1d4     0x2  Data  Gb  sim-eeprom.o [13]
EnableReceiver          0x000046af    0x16  Code  Lc  uartdrv.o [5]
EnqueueBuffer           0x000045ed    0x5c  Code  Lc  uartdrv.o [5]
FcApplyState            0x0000459d    0x50  Code  Lc  uartdrv.o [5]
GPIOINT_CallbackRegister
                        0x0000525b    0x2c  Code  Gb  gpiointerrupt.o [5]
GPIOINT_IRQDispatcher   0x00005287    0x28  Code  Lc  gpiointerrupt.o [5]
GPIOINT_Init            0x0000523f    0x1c  Code  Gb  gpiointerrupt.o [5]
GPIO_EVEN_IRQHandler    0x000052af     0xe  Code  Gb  gpiointerrupt.o [5]
GPIO_InputSenseSet      0x0000d9c1     0xe  Code  Lc  ext-device.o [5]
GPIO_IntConfig          0x00000bcb    0x4c  Code  Gb  em_gpio.o [5]
GPIO_ODD_IRQHandler     0x000052d1    0x12  Code  Gb  gpiointerrupt.o [5]
GPIO_PinInGet           0x0000e751    0x18  Code  Lc  button.o [5]
GPIO_PinModeSet         0x00000c23    0x70  Code  Gb  em_gpio.o [5]
GPIO_PinOutClear        0x00000ba7    0x12  Code  Lc  em_gpio.o [5]
GPIO_PinOutClear        0x0000d9cf    0x12  Code  Lc  ext-device.o [5]
GPIO_PinOutClear        0x000044dd    0x14  Code  Lc  uartdrv.o [5]
GPIO_PinOutSet          0x00000bb9    0x12  Code  Lc  em_gpio.o [5]
GPIO_PinOutSet          0x0000d9e1    0x12  Code  Lc  ext-device.o [5]
GPIO_PinOutSet          0x000044f1    0x14  Code  Lc  uartdrv.o [5]
GetDescriptor           0x0000255d    0x68  Code  Lc  em_usbdch9.o [16]
GetStatus               0x000025c5    0xe4  Code  Lc  em_usbdch9.o [16]
GetTailBuffer           0x0000467f    0x1e  Code  Lc  uartdrv.o [5]
HEADER_block$$Base      0x00000000           --   Gb  - Linker created -
HEADER_block$$Limit     0x00000100           --   Gb  - Linker created -
Handle_USB_GINTSTS_IEPINT
                        0x00002d39    0x84  Code  Lc  em_usbdint.o [16]
Handle_USB_GINTSTS_OEPINT
                        0x00002dbd    0xd6  Code  Lc  em_usbdint.o [16]
HwFcGetClearToSendPin   0x0000452d    0x20  Code  Lc  uartdrv.o [5]
HwFcManageClearToSend   0x0000454d    0x50  Code  Lc  uartdrv.o [5]
I2C0_IRQHandler         0x0000eedd          Code  Wk  isr-stubs.o [5]
I2C1_IRQHandler         0x0000eedd          Code  Wk  isr-stubs.o [5]
I2CSPM_Init             0x00000ca9    0x80  Code  Gb  i2cspm.o [5]
I2CSPM_Transfer         0x00000d39    0x20  Code  Gb  i2cspm.o [5]
I2C_BusFreqSet          0x00001067    0x42  Code  Gb  em_i2c.o [5]
I2C_Init                0x000010a9    0x30  Code  Gb  em_i2c.o [5]
I2C_Transfer            0x000010dd   0x1d8  Code  Gb  em_i2c.o [5]
I2C_TransferInit        0x000012b5    0x60  Code  Gb  em_i2c.o [5]
ID_COUNT                0x0000f1d6     0x2  Data  Gb  sim-eeprom.o [13]
INTERNAL_STORAGE$$Base  0x00000000           --   Gb  - Linker created -
INT_Disable             0x0000132d    0x16  Code  Lc  em_usbd.o [16]
INT_Disable             0x00003e9d    0x16  Code  Lc  com.o [5]
INT_Disable             0x00004d21    0x16  Code  Lc  dmadrv.o [5]
INT_Disable             0x0000e159    0x16  Code  Lc  rtcdriver.o [5]
INT_Disable             0x0000dbb9    0x16  Code  Lc  spidrv.o [5]
INT_Disable             0x00004505    0x16  Code  Lc  uartdrv.o [5]
INT_Enable              0x00001343    0x12  Code  Lc  em_usbd.o [16]
INT_Enable              0x00002a61    0x12  Code  Lc  em_usbdint.o [16]
INT_Enable              0x000030c1    0x10  Code  Lc  usb-common.o [16]
INT_Enable              0x00003eb3    0x12  Code  Lc  com.o [5]
INT_Enable              0x00004d37    0x12  Code  Lc  dmadrv.o [5]
INT_Enable              0x0000e16f    0x12  Code  Lc  rtcdriver.o [5]
INT_Enable              0x0000dbcf    0x12  Code  Lc  spidrv.o [5]
INT_Enable              0x0000451b    0x12  Code  Lc  uartdrv.o [5]
INT_LockCnt             0x20007a64     0x4  Data  Gb  em_int.o [5]
LCD_IRQHandler          0x0000eedd          Code  Wk  isr-stubs.o [5]
LEFT_BASE               0x0000f1cc     0x2  Data  Gb  sim-eeprom.o [13]
LEFT_TOP                0x0000f1ce     0x2  Data  Gb  sim-eeprom.o [13]
LESENSE_IRQHandler      0x0000eedd          Code  Wk  isr-stubs.o [5]
LETIMER0_IRQHandler     0x0000eedd          Code  Wk  isr-stubs.o [5]
LEUART0_IRQHandler      0x0000eedd          Code  Wk  isr-stubs.o [5]
LEUART1_IRQHandler      0x0000eedd          Code  Wk  isr-stubs.o [5]
LineCodingReceived      0x000033d1     0xc  Code  Lc  usb-cdc.o [15]
MPU_ConfigureRegion     0x0000ade5    0x50  Code  Gb  em_mpu.o [5]
MPU_Disable             0x000077c1    0x14  Code  Lc  mpu.o [5]
MSC_Deinit              0x000076ef    0x10  Code  Gb  em_msc.o [5]
MSC_ErasePage           0x20006997    0x66  Code  Gb  em_msc.o [5]
MSC_IRQHandler          0x0000eedd          Code  Wk  isr-stubs.o [5]
MSC_Init                0x00007699    0x42  Code  Gb  em_msc.o [5]
MSC_LoadWriteData       0x20006869    0xa0  Code  Lc  em_msc.o [5]
MSC_MassErase           0x20006a01    0x24  Code  Gb  em_msc.o [5]
MSC_WriteWord           0x200069fd     0x4  Code  Gb  em_msc.o [5]
MSC_WriteWordI          0x20006909    0x8e  Code  Lc  em_msc.o [5]
NVIC_ClearPendingIRQ    0x00001939    0x14  Code  Lc  em_usbhal.o [16]
NVIC_ClearPendingIRQ    0x00003e89    0x14  Code  Lc  com.o [5]
NVIC_ClearPendingIRQ    0x0000522d     0xa  Code  Lc  gpiointerrupt.o [5]
NVIC_ClearPendingIRQ    0x0000e145    0x14  Code  Lc  rtcdriver.o [5]
NVIC_ClearPendingIRQ    0x000068fd    0x12  Code  Lc  ustimer.o [5]
NVIC_EnableIRQ          0x00005221     0xc  Code  Lc  gpiointerrupt.o [5]
PCNT0_IRQHandler        0x0000eedd          Code  Wk  isr-stubs.o [5]
PCNT1_IRQHandler        0x0000eedd          Code  Wk  isr-stubs.o [5]
PCNT2_IRQHandler        0x0000eedd          Code  Wk  isr-stubs.o [5]
PRS_SourceAsyncSignalSet
                        0x0000ed0d    0x18  Code  Gb  em_prs.o [5]
PTR_CACHE_SIZE          0x0000f1d8     0x2  Data  Gb  sim-eeprom.o [13]
REAL_PAGES_PER_VIRTUAL  0x0000f1c8     0x1  Data  Gb  sim-eeprom.o [13]
REAL_PAGE_SIZE          0x0000f1ca     0x2  Data  Gb  sim-eeprom.o [13]
RESETINFO$$Base         0x20000000           --   Gb  - Linker created -
RESETINFO$$Limit        0x2000009c           --   Gb  - Linker created -
RIGHT_BASE              0x0000f1d0     0x2  Data  Gb  sim-eeprom.o [13]
RIGHT_TOP               0x0000f1d2     0x2  Data  Gb  sim-eeprom.o [13]
RMU_ResetCauseClear     0x0000ec17    0x36  Code  Gb  em_rmu.o [5]
RMU_ResetCauseGet       0x0000ec4d    0x2e  Code  Gb  em_rmu.o [5]
RTCDRV_AllocateTimer    0x0000e181    0x46  Code  Gb  rtcdriver.o [5]
RTCDRV_GetWallClockTicks64
                        0x0000e477    0x1c  Code  Gb  rtcdriver.o [5]
RTCDRV_Init             0x0000e1c7    0x8c  Code  Gb  rtcdriver.o [5]
RTCDRV_StartTimer       0x0000e253   0x16a  Code  Gb  rtcdriver.o [5]
RTCDRV_StopTimer        0x0000e3c7    0x24  Code  Gb  rtcdriver.o [5]
RTCDRV_TicksToMsec      0x0000e493    0x12  Code  Gb  rtcdriver.o [5]
RTCDRV_TimeRemaining    0x0000e403    0x74  Code  Gb  rtcdriver.o [5]
RTC_CompareGet          0x0000ed2d    0x16  Code  Gb  em_rtc.o [5]
RTC_CompareSet          0x0000ed43    0x12  Code  Gb  em_rtc.o [5]
RTC_CounterReset        0x0000ed75     0xe  Code  Gb  em_rtc.o [5]
RTC_IRQHandler          0x0000e4b7    0x68  Code  Gb  rtcdriver.o [5]
RTC_Init                0x0000ed55    0x18  Code  Gb  em_rtc.o [5]
ReceiveDmaComplete      0x00004735    0x90  Code  Lc  uartdrv.o [5]
RxDMAComplete           0x0000df85    0x3c  Code  Lc  spidrv.o [5]
SIMEE$$Base             0x0003e000           --   Gb  - Linker created -
SIMEE$$Limit            0x00040000           --   Gb  - Linker created -
SLEEP_SleepBlockBegin   0x0000ed93    0x18  Code  Gb  sleep.o [5]
SPIDRV_Init             0x0000dbe1   0x186  Code  Gb  spidrv.o [5]
SPIDRV_MTransferB       0x0000dd79    0x20  Code  Gb  spidrv.o [5]
SPIDRV_MTransmitB       0x0000ddb7    0x1c  Code  Gb  spidrv.o [5]
SetConfiguration        0x000026a9    0xbe  Code  Lc  em_usbdch9.o [16]
SetFeature              0x00002767    0x84  Code  Lc  em_usbdch9.o [16]
SetupCmd                0x00003149     0x4  Code  Lc  usb-common.o [16]
Si7013_Detect           0x00000d75    0x4a  Code  Gb  si7013.o [5]
StartReceiveDma         0x000046d5    0x28  Code  Lc  uartdrv.o [5]
StartTransfer           0x00004ef1   0x172  Code  Lc  dmadrv.o [5]
StartTransferDMA        0x0000dfc1    0x28  Code  Lc  spidrv.o [5]
StartTransmitDMA        0x0000dfe9    0x28  Code  Lc  spidrv.o [5]
StartTransmitDma        0x000046fd    0x28  Code  Lc  uartdrv.o [5]
StateChangeEvent        0x0000314d     0x4  Code  Lc  usb-common.o [16]
SystemCoreClock         0x200077c8     0x4  Data  Gb  system_ezr32wg.o [6]
SystemCoreClockGet      0x00000dc1    0x24  Code  Gb  system_ezr32wg.o [6]
SystemHFClockGet        0x00000de9    0x7c  Code  Gb  system_ezr32wg.o [6]
SystemHFXOClock         0x20006ad8     0x4  Data  Lc  system_ezr32wg.o [6]
SystemHFXOClockGet      0x00000e65     0x6  Code  Gb  system_ezr32wg.o [6]
SystemInit              0x00000e6b     0xc  Code  Gb  system_ezr32wg.o [6]
SystemLFRCOClockGet     0x00000e77     0x2  Code  Gb  system_ezr32wg.o [6]
SystemLFXOClock         0x20006adc     0x4  Data  Lc  system_ezr32wg.o [6]
SystemLFXOClockGet      0x00000e85     0x6  Code  Gb  system_ezr32wg.o [6]
SystemMaxCoreClockGet   0x00000de5     0x4  Code  Gb  system_ezr32wg.o [6]
SystemULFRCOClockGet    0x00000e7f     0x6  Code  Gb  system_ezr32wg.o [6]
TIMER0_IRQHandler       0x00006a11    0x14  Code  Gb  ustimer.o [5]
TIMER1_IRQHandler       0x0000eedd          Code  Wk  isr-stubs.o [5]
TIMER2_IRQHandler       0x0000eedd          Code  Wk  isr-stubs.o [5]
TIMER3_IRQHandler       0x0000d835    0x12  Code  Gb  symbol-timer.o [5]
TIMER_Init              0x0000216b    0x90  Code  Gb  em_timer.o [5]
TIMER_InitCC            0x000021fb    0x60  Code  Gb  em_timer.o [5]
TOKEN_MFG_CCA_THRESHOLD
                        0x0000fb88     0x2  Data  Gb  mfg-token.o [5]
TOKEN_MFG_EUI_64        0x0000fb8a     0x2  Data  Gb  mfg-token.o [5]
TOKEN_MFG_PHY_CONFIG    0x0000fb86     0x2  Data  Gb  mfg-token.o [5]
TOKEN_STACK_ANALYSIS_REBOOT_DEFAULTS
                        0x0000f546     0x2  Data  Gb  token-def.o [5]
TOKEN_STACK_CHILD_TABLE_DEFAULTS
                        0x0000f568     0xc  Data  Gb  token-def.o [5]
TOKEN_STACK_LAST_ASSIGNED_ID_DEFAULTS
                        0x0000f564     0x2  Data  Gb  token-def.o [5]
TOKEN_STACK_NODE_DATA_DEFAULTS
                        0x0000f558     0xc  Data  Gb  token-def.o [5]
TOKEN_STACK_NONCE_COUNTER_DEFAULTS
                        0x0000f574     0x4  Data  Gb  token-def.o [5]
TOKEN_STACK_NVDATA_VERSION_DEFAULTS
                        0x0000f544     0x2  Data  Gb  token-def.o [5]
TOKEN_STACK_SECURITY_KEY_DEFAULTS
                        0x0000f548    0x10  Data  Gb  token-def.o [5]
TransferApiBlockingPrologue
                        0x0000e06b    0x26  Code  Lc  spidrv.o [5]
TransmitDmaComplete     0x000047d1    0x48  Code  Lc  uartdrv.o [5]
UART0_RX_IRQHandler     0x0000eedd          Code  Wk  isr-stubs.o [5]
UART0_TX_IRQHandler     0x0000eedd          Code  Wk  isr-stubs.o [5]
UART1_RX_IRQHandler     0x0000eedd          Code  Wk  isr-stubs.o [5]
UART1_TX_IRQHandler     0x0000eedd          Code  Wk  isr-stubs.o [5]
UARTDRV_ForceTransmit   0x00004ba1    0x60  Code  Gb  uartdrv.o [5]
UARTDRV_GetReceiveStatus
                        0x00004b4f    0x2e  Code  Gb  uartdrv.o [5]
UARTDRV_GetTransmitDepth
                        0x00004b7d     0x2  Code  Gb  uartdrv.o [5]
UARTDRV_Init            0x0000497d   0x1d2  Code  Gb  uartdrv.o [5]
UARTDRV_Receive         0x00004c01    0x2e  Code  Gb  uartdrv.o [5]
UARTDRV_Transmit        0x00004c59    0x28  Code  Gb  uartdrv.o [5]
USART0_RX_IRQHandler    0x0000eedd          Code  Wk  isr-stubs.o [5]
USART0_TX_IRQHandler    0x0000eedd          Code  Wk  isr-stubs.o [5]
USART1_RX_IRQHandler    0x0000eedd          Code  Wk  isr-stubs.o [5]
USART1_TX_IRQHandler    0x0000eedd          Code  Wk  isr-stubs.o [5]
USART2_RX_IRQHandler    0x0000eedd          Code  Wk  isr-stubs.o [5]
USART2_TX_IRQHandler    0x0000eedd          Code  Wk  isr-stubs.o [5]
USART_BaudrateAsyncSet  0x0000509d    0x58  Code  Gb  em_usart.o [5]
USART_BaudrateSyncSet   0x000050f5    0x36  Code  Gb  em_usart.o [5]
USART_Enable            0x0000512b     0xe  Code  Gb  em_usart.o [5]
USART_InitAsync         0x00005139    0x40  Code  Gb  em_usart.o [5]
USART_InitSync          0x00005179    0x56  Code  Gb  em_usart.o [5]
USART_Reset             0x000051d5    0x34  Code  Gb  em_usart.o [5]
USBDCH9_SetupCmd        0x00002371   0x15e  Code  Gb  em_usbdch9.o [16]
USBDEP_Ep0Handler       0x000028c1   0x12a  Code  Gb  em_usbdep.o [16]
USBDEP_Ep0Handler::callback
                        0x200070a4     0x4  Data  Lc  em_usbdep.o [16]
USBDEP_Ep0Handler::statusIn
                        0x2000709c     0x1  Data  Lc  em_usbdep.o [16]
USBDEP_Ep0Handler::xferred
                        0x200070a0     0x4  Data  Lc  em_usbdep.o [16]
USBDEP_EpHandler        0x000029f7    0x58  Code  Gb  em_usbdep.o [16]
USBDESC_bufferingMultiplier
                        0x0000f150     0x4  Data  Gb  descriptors.o [16]
USBDESC_configDesc      0x0000f074    0x4c  Data  Gb  descriptors.o [16]
USBDESC_deviceDesc      0x0000f060    0x14  Data  Gb  descriptors.o [16]
USBDESC_strings         0x0000f140    0x10  Data  Gb  descriptors.o [16]
USBDHAL_AbortAllEps     0x00001c9b   0x1b6  Code  Gb  em_usbhal.o [16]
USBDHAL_AbortAllTransfers
                        0x00001ef1    0x88  Code  Gb  em_usbhal.o [16]
USBDHAL_AbortEpIn       0x00001ba3    0x72  Code  Gb  em_usbhal.o [16]
USBDHAL_AbortEpOut      0x00001c15    0x6c  Code  Gb  em_usbhal.o [16]
USBDHAL_ActivateEp      0x00002291    0x74  Code  Lc  em_usbdch9.o [16]
USBDHAL_CoreInit        0x000019ff   0x1a4  Code  Gb  em_usbhal.o [16]
USBDHAL_EnableInts      0x00002a73    0x20  Code  Lc  em_usbdint.o [16]
USBDHAL_Ep0Activate     0x00002a93    0x18  Code  Lc  em_usbdint.o [16]
USBDHAL_EpIsStalled     0x00001355    0x2e  Code  Lc  em_usbd.o [16]
USBDHAL_GetInEpInts     0x00001961    0x16  Code  Lc  em_usbhal.o [16]
USBDHAL_GetOutEpInts    0x00001977    0x16  Code  Lc  em_usbhal.o [16]
USBDHAL_ReenableEp0Setup
                        0x0000282d    0x1a  Code  Lc  em_usbdep.o [16]
USBDHAL_SetAddr         0x00002305    0x12  Code  Lc  em_usbdch9.o [16]
USBDHAL_SetEPDISNAK     0x0000198d    0x3c  Code  Lc  em_usbhal.o [16]
USBDHAL_StallEp         0x00002847    0x34  Code  Lc  em_usbdep.o [16]
USBDHAL_StartEp0Setup   0x00002aab    0x1c  Code  Lc  em_usbdint.o [16]
USBD_AbortTransfer      0x000014b9    0x88  Code  Gb  em_usbd.o [16]
USBD_ActivateAllEps     0x00002317    0x22  Code  Lc  em_usbdch9.o [16]
USBD_ArmEp              0x00001383     0xc  Code  Lc  em_usbd.o [16]
USBD_ArmEp0             0x0000138f    0x60  Code  Lc  em_usbd.o [16]
USBD_ArmEpN             0x000013ef    0x94  Code  Lc  em_usbd.o [16]
USBD_EpIsBusy           0x00001541    0x12  Code  Gb  em_usbd.o [16]
USBD_GetEpFromAddr      0x00001483    0x36  Code  Lc  em_usbd.o [16]
USBD_GetEpFromAddr      0x00002339    0x36  Code  Lc  em_usbdch9.o [16]
USBD_GetEpFromAddr      0x00002ad5    0x36  Code  Lc  em_usbdint.o [16]
USBD_GetUsbState        0x00001553     0xc  Code  Gb  em_usbd.o [16]
USBD_GetUsbStateName    0x0000155f    0x10  Code  Gb  em_usbd.o [16]
USBD_Init               0x0000156f   0x248  Code  Gb  em_usbd.o [16]
USBD_ReArmEp0           0x0000288b    0x36  Code  Lc  em_usbdep.o [16]
USBD_Read               0x000017b7    0x66  Code  Gb  em_usbd.o [16]
USBD_SetUsbState        0x0000182b    0x26  Code  Gb  em_usbd.o [16]
USBD_Write              0x0000185b    0x68  Code  Gb  em_usbd.o [16]
USBD_poweredDown        0x200070a8     0x1  Data  Gb  em_usbdint.o [16]
USBHAL_CoreReset        0x000019c9    0x36  Code  Gb  em_usbhal.o [16]
USBHAL_FlushTxFifo      0x0000194d    0x14  Code  Lc  em_usbhal.o [16]
USBTIMER_DelayMs        0x00001f9f    0x2e  Code  Gb  em_usbtimer.o [16]
USBTIMER_DelayUs        0x00001fcd    0x58  Code  Gb  em_usbtimer.o [16]
USBTIMER_Init           0x0000202d    0x86  Code  Gb  em_usbtimer.o [16]
USB_IRQHandler          0x00002b0b   0x210  Code  Gb  em_usbdint.o [16]
USTIMER_DelayIntSafe    0x000069bd    0x30  Code  Gb  ustimer.o [5]
USTIMER_Init            0x0000690f    0xae  Code  Gb  ustimer.o [5]
UsbCdcDataReceived      0x00003345    0x3a  Code  Lc  usb-cdc.o [15]
UsbCdcDataTransmitted   0x0000337f    0x3a  Code  Gb  usb-cdc.o [15]
UsbCdc_SetupCmd         0x00003287    0x76  Code  Gb  usb-cdc.o [15]
UsbCdc_StateChangeEvent
                        0x000032fd    0x46  Code  Gb  usb-cdc.o [15]
UsbPowerDown            0x00002e93    0xd6  Code  Lc  em_usbdint.o [16]
UsbPowerUp              0x00002f69    0xfe  Code  Lc  em_usbdint.o [16]
VCMP_IRQHandler         0x0000eedd          Code  Wk  isr-stubs.o [5]
WDOG_Enable             0x0000771f    0x10  Code  Gb  em_wdog.o [5]
WDOG_Feed               0x00007733    0x1a  Code  Gb  em_wdog.o [5]
WDOG_Init               0x0000774d    0x60  Code  Gb  em_wdog.o [5]
WDOG_Lock               0x000077ad     0xe  Code  Gb  em_wdog.o [5]
WaitForTransferCompletion
                        0x0000e0af    0x2e  Code  Lc  spidrv.o [5]
__DLIB_PERTHREAD_init$$Base
                        0x00000000           --   Gb  - Linker created -
__DLIB_PERTHREAD_init$$Length
                        0x00000000           --   Gb  - Linker created -
__aeabi_ldiv0           0x000056a5          Code  Gb  I64DivZer.o [25]
__aeabi_memclr          0x0000f059          Code  Gb  ABImemclr.o [25]
__aeabi_memclr4         0x000020ed          Code  Gb  ABImemclr4.o [25]
__aeabi_memset          0x000064e5          Code  Gb  ABImemset.o [25]
__aeabi_uldivmod        0x000055b5          Code  Gb  I64DivMod.o [25]
__iar_Memset            0x000064e5          Code  Gb  ABImemset.o [25]
__iar_Memset4_word      0x0000225d          Code  Gb  ABImemset48.o [25]
__iar_Memset8_word      0x0000225d          Code  Gb  ABImemset48.o [25]
__iar_Memset_word       0x000064ed          Code  Gb  ABImemset.o [25]
__iar_unaligned___aeabi_memcpy
                        0x000020f5          Code  Gb  ABImemcpy_unaligned.o [25]
__iar_unaligned___aeabi_memcpy4
                        0x00002115          Code  Gb  ABImemcpy_unaligned.o [25]
__iar_unaligned___aeabi_memcpy8
                        0x00002115          Code  Gb  ABImemcpy_unaligned.o [25]
__iar_unaligned_strcmp  0x0000d899          Code  Gb  strcmp_unaligned.o [25]
__vector_table          0x00000100    0xdc  Data  Gb  cstartup-common.o [5]
_basePriIsDisabled      0x0000d889          Code  Gb  spmr.o [21]
_clearPriMask           0x0000edbd          Code  Gb  spmr.o [21]
_disableBasePri         0x000067c1          Code  Gb  spmr.o [21]
_enableBasePri          0x0000afd1          Code  Gb  spmr.o [21]
_executeBarrierInstructions
                        0x0000ae35          Code  Gb  spmr.o [21]
_setPriMask             0x0000edb9          Code  Gb  spmr.o [21]
_writeBasePri           0x00007851          Code  Gb  spmr.o [21]
ageChildren             0x00009695    0x4e  Code  Lc  child-table.o [23]
allowIdling             0x20007f6c     0x1  Data  Lc  event-control.o [27]
amalgamateQueue         0x20007da8     0x4  Data  Lc  buffer-management.o [27]
applicationBeaconPayload
                        0x20007c8c    0x10  Data  Lc  association.o [20]
applicationBeaconPayloadLength
                        0x20007c79     0x1  Data  Lc  association.o [20]
application_channel     0x20006cf8     0x1  Data  Gb  connect-callbacks.o [1]
arePageCountersOkay     0x0000591f    0x3e  Code  Lc  sim-eeprom-internal.o [26]
associationRequestHandler
                        0x000073ef    0x34  Code  Lc  association.o [20]
asynchronousHeapLimit   0x20007dac     0x4  Data  Lc  buffer-management.o [27]
auxClkGet               0x00000401    0x54  Code  Lc  em_cmu.o [5]
backoffExponent         0x20007db2     0x1  Data  Lc  lower-mac-pro2.o [24]
bitmasks                0x20006cf7     0x1  Data  Lc  debug-print.o [3]
bufferTracker           0x20007d94     0x2  Data  Lc  buffer-management.o [27]
button0State            0x20007f65     0x1  Data  Gb  button.o [5]
button1State            0x20007f66     0x1  Data  Gb  button.o [5]
buttonIrqCallback       0x0000e841    0x5e  Code  Gb  button.o [5]
bytesToWrite            0x20007bb6     0x2  Data  Lc  phy.o [24]
calculateMic            0x0000cc09    0xb8  Code  Lc  security-aes.o [19]
callCommandAction       0x00003939   0x17c  Code  Lc  command-interpreter.o [2]
callEnergyScanCompleteHandler
                        0x0000a789    0x86  Code  Lc  scan.o [20]
callMessageSentHandler  0x0000bcdb    0x32  Code  Lc  indirect-queue.o [23]
callbackEnd             0x0000c687     0x8  Code  Gb  system-timer.o [21]
callbacks               0x0000f1b4    0x14  Data  Lc  usb-common.o [16]
cdcLineCoding           0x20006ab4     0x8  Data  Lc  usb-cdc.o [15]
cfsrBits                0x0000d5c4    0x68  Data  Lc  diagnostic.o [4]
chTable                 0x200079f8    0x50  Data  Lc  dmadrv.o [5]
charDowncase            0x0000390f     0xe  Code  Lc  command-interpreter.o [2]
checkAllTimers          0x0000e529    0x94  Code  Lc  rtcdriver.o [5]
checkAndUpdateFrameCounter
                        0x0000954f    0x8e  Code  Lc  security-common.o [27]
checkAndUpdatePeerFrameCounter
                        0x0000949d    0xb2  Code  Lc  security-common.o [27]
checkForSimEe2DataExistence
                        0x0000595d    0x5a  Code  Gb  sim-eeprom-internal.o [26]
childTable              0x20007590   0x140  Data  Lc  ember-configuration.o [14]
cmuStatus               0x2000710c     0x4  Data  Lc  em_usbdint.o [16]
cmuStatus               0x20007a48     0x4  Data  Lc  em_emu.o [5]
com3RxBufferQueue       0x20006ae0    0x80  Data  Lc  com.o [5]
com3RxFifoQueue         0x200077cc    0x48  Data  Lc  com.o [5]
com3TxBufferQueue       0x20006b60    0x80  Data  Lc  com.o [5]
com3TxFifoQueue         0x20007814    0x88  Data  Lc  com.o [5]
comRxBufferQueues       0x20006c10    0x10  Data  Gb  com.o [5]
comRxQueueSize          0x0000430c     0x8  Data  Gb  com.o [5]
comRxQueues             0x20006c00    0x10  Data  Gb  com.o [5]
comTxBufferQueues       0x20006c20    0x10  Data  Gb  com.o [5]
comTxQueueSize          0x00004304     0x8  Data  Gb  com.o [5]
comTxQueues             0x20006bf0    0x10  Data  Gb  com.o [5]
comhandle               0x20006be0    0x10  Data  Gb  com.o [5]
comhandledata           0x20007974    0x40  Data  Lc  com.o [5]
commandState            0x20007af0    0x78  Data  Lc  command-interpreter.o [2]
compressPointer         0x0000b04d    0x12  Code  Lc  buffer-management.o [27]
computeMic              0x0000c9b3    0x8e  Code  Lc  security-xxtea.o [29]
convertKey              0x0000e8cb    0x2a  Code  Lc  xxtea.o [29]
copyTokensToOtherPage   0x00005d51   0x1d0  Code  Lc  sim-eeprom-internal.o [26]
coreKey                 0x20007f4c    0x10  Data  Lc  aes.o [21]
countIncremarks         0x00006133    0x3a  Code  Lc  sim-eeprom-internal.o [26]
counters                0x20007d3c    0x48  Data  Lc  counters.o [28]
csmaKickstart           0x0000c24f    0x16  Code  Lc  lower-mac-pro2.o [24]
cstackMemory            0x20005f00   0x960  Data  Gb  cstartup-common.o [5]
currentIncomingFrame    0x20007dc0     0x2  Data  Lc  lower-mac-pro2.o [24]
currentOutgoingPacketTag
                        0x20007b84     0x1  Data  Lc  upper-mac.o [27]
currentUser             0x20006cd8     0x4  Data  Lc  buffer-management.o [27]
dev                     0x20006a4c     0x4  Data  Gb  em_usbd.o [16]
device                  0x20006fa0    0xf8  Data  Lc  em_usbd.o [16]
dmaCallBack             0x200079c8    0x30  Data  Lc  dmadrv.o [5]
dmaControlBlock         0x20006d00   0x200  Data  Gb  dmactrl.o [5]
dma_IEN                 0x200079b4     0x4  Data  Gb  com.o [5]
dutyCycleLimits         0x0000f368     0x4  Data  Lc  phy-config-connect.o [10]
edCcaThreshold          0x20006ccb     0x1  Data  Lc  phy.o [24]
emActiveTaskCount       0x20007f6d     0x1  Data  Lc  event-control.o [27]
emAddAuxiliaryMacHeader
                        0x000093f3    0x22  Code  Gb  security-common.o [27]
emAesEncrypt            0x0000ead9    0x20  Code  Gb  aes.o [21]
emAesSecurityLibraryStatus
                        0x0000fb93     0x1  Data  Gb  security-aes.o [19]
emAppEvents             0x0000fb7c     0x8  Data  Gb  connect-events.o [1]
emAppTask               0x20007f64     0x1  Data  Gb  main.o [9]
emAssociationEvent      0x20007cb4     0x8  Data  Gb  association.o [20]
emAssociationEventHandler
                        0x00006fa3    0xae  Code  Gb  association.o [20]
emAssociationInProgress
                        0x000075a1     0xc  Code  Gb  association.o [20]
emAssociationResponsePending
                        0x0000758d    0x14  Code  Gb  association.o [20]
emBeaconEvent           0x20007c84     0x8  Data  Gb  association.o [20]
emBeaconEventHandler    0x000072ed    0xb2  Code  Gb  association.o [20]
emBufferBytesRemaining  0x0000b009    0x22  Code  Gb  buffer-management.o [27]
emBufferSystemTick      0x0000bd49     0x8  Code  Gb  buffers-bookkeeping.o [27]
emChildTable            0x20006ac8     0x4  Data  Gb  ember-configuration.o [14]
emChildTableAddOrUpdateEntry
                        0x00009799    0xb0  Code  Gb  child-table.o [23]
emChildTableBuildShortIdList
                        0x000098b1    0x5c  Code  Gb  child-table.o [23]
emChildTableCheckAndUpdateFrameCounter
                        0x00009a17    0x26  Code  Gb  child-table.o [23]
emChildTableDataPending
                        0x0000988f    0x22  Code  Gb  child-table.o [23]
emChildTableEntryChangedHandler
                        0x0000abe5    0x48  Code  Gb  coordinator-support.o [23]
emChildTableGetUnusedEntryIndex
                        0x0000976f    0x2a  Code  Gb  child-table.o [23]
emChildTableInit        0x000096e3    0x30  Code  Gb  child-table.o [23]
emChildTableLoadFromToken
                        0x00009713    0x5c  Code  Gb  child-table.o [23]
emChildTableLookUp      0x00009849    0x46  Code  Gb  child-table.o [23]
emChildTableNotifyActivity
                        0x00009975    0x9c  Code  Gb  child-table.o [23]
emChildTableSetSecurityTxOptions
                        0x0000990d    0x60  Code  Gb  child-table.o [23]
emCoordinatorCheckOrAllocateShortId
                        0x0000ab1b    0x34  Code  Gb  coordinator-support.o [23]
emCoordinatorGetNextHop
                        0x0000ab69    0x7c  Code  Gb  coordinator-support.o [23]
emCoordinatorInit       0x0000aae9    0x1a  Code  Gb  coordinator-support.o [23]
emCoordinatorResetLastAssignedId
                        0x0000ab4f     0xa  Code  Gb  coordinator-support.o [23]
emCounterHandler        0x0000a3cd    0x22  Code  Gb  counters.o [28]
emCountersInit          0x0000a3c5     0x8  Code  Gb  counters.o [28]
emCurrentRssi           0x20007db4     0x1  Data  Gb  lower-mac-pro2.o [24]
emDecryptAndAuthenticatePacket
                        0x0000943b    0x36  Code  Gb  security-common.o [27]
emDecryptAndAuthenticatePacketAes
                        0x0000cab1    0x5a  Code  Gb  security-aes.o [19]
emDecryptAndAuthenticatePacketXxtea
                        0x0000c8eb    0x82  Code  Gb  security-xxtea.o [29]
emEncryptAndSignPacket  0x00009415    0x26  Code  Gb  security-common.o [27]
emEncryptAndSignPacketAes
                        0x0000ca55    0x5c  Code  Gb  security-aes.o [19]
emEncryptAndSignPacketXxtea
                        0x0000c85f    0x8c  Code  Gb  security-xxtea.o [29]
emEnergyScanInProgress  0x0000a81d    0x10  Code  Gb  scan.o [20]
emEventControlSetActive
                        0x0000a8c1    0x16  Code  Gb  event-control.o [27]
emEventControlSetDelayMS
                        0x0000a8d7    0x1a  Code  Gb  event-control.o [27]
emGenericQueueAdd       0x0000d8dd    0x32  Code  Gb  buffer-queue.o [27]
emGenericQueueRemove    0x0000d955    0x64  Code  Gb  buffer-queue.o [27]
emGenericQueueRemoveHead
                        0x0000d917    0x3e  Code  Gb  buffer-queue.o [27]
emGetBufferLength       0x0000b573    0x2c  Code  Gb  buffer-management.o [27]
emGetBufferLink         0x0000b59f    0x20  Code  Gb  buffer-management.o [27]
emGetBufferPointer      0x0000b547    0x2c  Code  Gb  buffer-management.o [27]
emGetNextOutgoingFrameCounter
                        0x000093c1    0x1a  Code  Gb  security-common.o [27]
emGetPhyRadioChannel    0x0000865d     0xa  Code  Gb  phy.o [24]
emGetPhyRadioPower      0x00008667     0xa  Code  Gb  phy.o [24]
emGetSecurityKey        0x000093b1    0x10  Code  Gb  security-common.o [27]
emGetSecurityPaddingLength
                        0x00009471     0xc  Code  Gb  security-common.o [27]
emGetSecurityPaddingLengthAes
                        0x0000cb3d     0x4  Code  Gb  security-aes.o [19]
emGetSecurityPaddingLengthXxtea
                        0x0000c849    0x16  Code  Gb  security-xxtea.o [29]
emHeapBase              0x20007d98     0x4  Data  Lc  buffer-management.o [27]
emHeapLimit             0x20007d9c     0x4  Data  Lc  buffer-management.o [27]
emIncomingAssociationRequestHandler
                        0x00007423    0x2a  Code  Gb  association.o [20]
emIncomingAssociationResponseHandler
                        0x0000756b    0x22  Code  Gb  association.o [20]
emIncomingExtendedAssociationRequestHandler
                        0x0000744d    0x38  Code  Gb  association.o [20]
emIncomingMacBeaconHandler
                        0x000071fb    0xea  Code  Gb  association.o [20]
emIncomingMacBeaconRequestHandler
                        0x000073ab    0x44  Code  Gb  association.o [20]
emIncomingMacCommandHandler
                        0x0000ccc1    0xba  Code  Gb  command.o [27]
emIncomingMacLongSourceDataRequestHandler
                        0x0000748f    0xae  Code  Gb  association.o [20]
emIncomingMacShortSourceDataRequestHandler
                        0x0000b9a9    0x66  Code  Gb  indirect-queue.o [23]
emIncomingNwkCommandHandler
                        0x00009eb1    0xca  Code  Gb  network-command.o [27]
emIndirectPacketQueue   0x20006ad0     0x4  Data  Gb  ember-configuration.o [14]
emIndirectQueueAddPacket
                        0x0000ba0f    0x7e  Code  Gb  indirect-queue.o [23]
emIndirectQueueEvent    0x20007d84     0x8  Data  Gb  indirect-queue.o [23]
emIndirectQueueEventHandler
                        0x0000b929    0x80  Code  Gb  indirect-queue.o [23]
emIndirectQueueInit     0x0000b905    0x24  Code  Gb  indirect-queue.o [23]
emIndirectQueueIsEmpty  0x0000bae9    0x18  Code  Gb  indirect-queue.o [23]
emIndirectQueueTimeouts
                        0x20006ad4     0x4  Data  Gb  ember-configuration.o [14]
emInitEui64             0x0000c831    0x18  Code  Gb  eui64.o [27]
emInitializeBuffers     0x0000afd9    0x30  Code  Gb  buffer-management.o [27]
emLoadFrameCounterFromToken
                        0x000093db    0x18  Code  Gb  security-common.o [27]
emLoadKeyIntoCore       0x0000eacd     0xa  Code  Gb  aes.o [21]
emLocalEui64            0x20007b70     0x8  Data  Gb  eui64.o [27]
emLocalNodeId           0x20006cea     0x2  Data  Gb  stack.o [27]
emLocalNodeSupportsSecurity
                        0x0000938f    0x22  Code  Gb  security-common.o [27]
emLocalPanId            0x20006cec     0x2  Data  Gb  stack.o [27]
emLowerMacEvent         0x20007db8     0x8  Data  Gb  lower-mac-pro2.o [24]
emLowerMacEventHandler  0x0000bd89    0xe6  Code  Gb  lower-mac-pro2.o [24]
emLowerMacTick          0x0000be6f   0x2e6  Code  Gb  lower-mac-pro2.o [24]
emLowerMacTimerIsr      0x0000c203     0x6  Code  Gb  lower-mac-pro2.o [24]
emMacAssociationRequestSentHandler
[...]
main                    0x0000a09d    0x82  Code  Gb  main.o [9]
mapChannelToBand        0x00007eab    0x4a  Code  Lc  phy.o [24]
mapMacPgChanToPhyChanBand
                        0x00008671     0xe  Code  Lc  phy.o [24]
markers                 0x0000bd50    0x20  Data  Lc  buffers-bookkeeping.o [27]
minTicks                0x20007aec     0x4  Data  Lc  ustimer.o [5]
moveToNewLocation       0x0000b1b5    0x46  Code  Lc  buffer-management.o [27]
mpuConfig               0x20006c40    0x50  Data  Lc  mpu.o [5]
nameStrings             0x0000d6c8    0xc0  Data  Lc  diagnostic.o [4]
newShortId              0x20006cee     0x2  Data  Lc  parent-support.o [23]
nextBuffer              0x0000b083    0x26  Code  Lc  buffer-management.o [27]
noteUse                 0x0000b0a9    0x80  Code  Lc  buffer-management.o [27]
nullEui                 0x0000afc8     0x8  Data  Lc  mfg-token.o [5]
numberBackoffs          0x20007db1     0x1  Data  Lc  lower-mac-pro2.o [24]
originalChannel         0x20007e50     0x1  Data  Lc  scan.o [20]
originalPanId           0x20007e5c     0x2  Data  Lc  scan.o [20]
outgoingFrameCounter    0x20007e64     0x4  Data  Lc  security-common.o [27]
parameters              0x20007b6c     0x4  Data  Gb  connect-callbacks.o [1]
peerFrameCountersList   0x20007e60     0x2  Data  Lc  security-common.o [27]
pendingTasksBitmask     0x20007b85     0x1  Data  Lc  upper-mac.o [27]
phy2ChEvents            0x20006cc8     0x1  Data  Lc  phy.o [24]
phy2Channel             0x20006cca     0x1  Data  Lc  phy.o [24]
phy2L1Events            0x20006cc4     0x1  Data  Lc  phy.o [24]
phy2Listening           0x20007ba8     0x1  Data  Lc  phy.o [24]
phy2MoEvents            0x20006cc7     0x1  Data  Lc  phy.o [24]
phy2PhEvents            0x20006cc6     0x1  Data  Lc  phy.o [24]
phy2PtiGpio             0x20006cf6     0x1  Data  Gb  micro.o [5]
phy2PtiLog              0x20006cce     0x2  Data  Lc  phy.o [24]
phy2RxCrcEnabled        0x20006cc2     0x1  Data  Lc  phy.o [24]
phy2SfdRecvNotificationEnabled
                        0x20007f72     0x1  Data  Lc  phy.o [24]
phy2TxPA                0x20007bc8     0x4  Data  Lc  phy.o [24]
phyToMacQueue           0x20007d8e     0x2  Data  Lc  buffer-management.o [27]
powers10                0x000044b8    0x24  Data  Lc  ember-printf.o [12]
previousCharacter       0x20007f6a     0x1  Data  Lc  command-interpreter.o [2]
printCommandUsage       0x00003b5b    0x9e  Code  Lc  command-interpreter.o [2]
printVarArg             0x00003641    0x26  Code  Lc  debug-print.o [3]
pro2ChEvents            0x20006cc9     0x1  Data  Lc  phy.o [24]
pro2CleanupTxState      0x00008193    0x30  Code  Lc  phy.o [24]
pro2DieInfo             0x20007c6c     0xc  Data  Lc  phy.o [24]
pro2ForceCalibration    0x20007ba9     0x1  Data  Lc  phy.o [24]
pro2FuncInfo            0x20007b9c     0xc  Data  Lc  phy.o [24]
pro2GetAckEvents        0x00007c11    0x32  Code  Lc  phy.o [24]
pro2GetFwRev            0x00007cab    0x16  Code  Gb  phy.o [24]
pro2GetInfo             0x00007c49    0x5a  Code  Lc  phy.o [24]
pro2GetOtpId            0x00007ccb     0x6  Code  Gb  phy.o [24]
pro2GetPartNum          0x00007cc1     0xa  Code  Gb  phy.o [24]
pro2GpioCfgPowerUp      0x0000f3ec     0xc  Data  Gb  micro.o [5]
pro2GpioConfig          0x00007d89    0x4c  Code  Gb  phy.o [24]
pro2IdleRadio           0x00007e93    0x16  Code  Lc  phy.o [24]
pro2Isr                 0x00008407    0xa8  Code  Lc  phy.o [24]
pro2L1Events            0x20006cc5     0x1  Data  Lc  phy.o [24]
pro2MoEvents            0x20007baf     0x1  Data  Lc  phy.o [24]
pro2OverridePaSelection
                        0x00007ef5   0x12c  Code  Lc  phy.o [24]
pro2PartInfo            0x20007b90     0xc  Data  Lc  phy.o [24]
pro2PhDisabled          0x20007f74     0x1  Data  Lc  phy.o [24]
pro2PhEvents            0x20007bae     0x1  Data  Lc  phy.o [24]
pro2Poke                0x00007b41    0x26  Code  Gb  phy.o [24]
pro2PowerUp             0x000084b9   0x15c  Code  Lc  phy.o [24]
pro2PoweredUp           0x20007bab     0x1  Data  Lc  phy.o [24]
pro2PtiGpio             0x20007bb0     0x1  Data  Lc  phy.o [24]
pro2PtiLog              0x20007bb8     0x2  Data  Lc  phy.o [24]
pro2RadioBootMode       0x20006cbc     0x1  Data  Lc  phy.o [24]
pro2ReadOneProperty     0x00007b6d    0x26  Code  Gb  phy.o [24]
pro2ResetEvents         0x00007e27    0x28  Code  Lc  phy.o [24]
pro2RestartRadio        0x000081c3    0x3e  Code  Lc  phy.o [24]
pro2RxRssi              0x20007f73     0x1  Data  Lc  phy.o [24]
pro2RxTxFifoInfo        0x00007ddd    0x48  Code  Lc  phy.o [24]
pro2SetPhEnable         0x000080e3    0x38  Code  Lc  phy.o [24]
pro2SetRadioProperties  0x00007e4f    0x1e  Code  Lc  phy.o [24]
pro2SetRadioRamPatch    0x00007e6d    0x1e  Code  Lc  phy.o [24]
pro2SpiClockMHz         0x0000f3e8     0x1  Data  Gb  micro.o [5]
pro2SpiPort             0x20006c3c     0x4  Data  Gb  micro.o [5]
pro2StartEd             0x0000811b    0x26  Code  Lc  phy.o [24]
pro2StartRx             0x00008149    0x30  Code  Lc  phy.o [24]
pro2TxCrcEnabled        0x20006cc3     0x1  Data  Lc  phy.o [24]
pro2TxPower             0x20006cbf     0x1  Data  Lc  phy.o [24]
pro2UpdateEvents        0x00007cd7    0xa8  Code  Lc  phy.o [24]
pro2WakeUp              0x00008baf    0x78  Code  Lc  phy.o [24]
pro2WriteNProperties    0x00007b99    0x3c  Code  Lc  phy.o [24]
pro2WriteOneProperty    0x00007be5    0x22  Code  Gb  phy.o [24]
processPhEvents         0x00008351    0xb6  Code  Lc  phy.o [24]
processRxComplete       0x00008225   0x12c  Code  Lc  phy.o [24]
ptrCache                0x20007780    0x30  Data  Gb  sim-eeprom.o [13]
ptrCacheLoc             0x000058fd    0x22  Code  Lc  sim-eeprom-internal.o [26]
pumpRx                  0x00003f45    0x3c  Code  Gb  com.o [5]
radioConfigArray        0x0000f208   0x154  Data  Lc  phy-config-connect.o [10]
radioCurrentPowerStatus
                        0x20006cc0     0x1  Data  Gb  phy.o [24]
radioIdleMode           0x20006cf9     0x1  Data  Lc  upper-mac.o [27]
radioIdlePowerState     0x20006cc1     0x1  Data  Lc  phy.o [24]
radioInternalConfigArray
                        0x00008094    0x48  Data  Lc  phy.o [24]
radioRamPatchImage446xRom5Pro2
                        0x00008cf8   0x204  Data  Lc  phy.o [24]
radioRamPatchImage446xRom6Pro2
                        0x00008efc   0x40c  Data  Lc  phy.o [24]
radioTransmitConfig     0x20006cb0     0x8  Data  Gb  upper-mac.o [27]
readCounterValue        0x0000616d    0x34  Code  Lc  sim-eeprom-internal.o [26]
readInt32u              0x0000e8a5    0x16  Code  Lc  xxtea.o [29]
readTokenData           0x0000587b    0x42  Code  Lc  sim-eeprom-internal.o [26]
ready                   0x20007e68     0x1  Data  Lc  sipro2.o [24]
reloadUartBuffer        0x00003fb3    0x4a  Code  Lc  com.o [5]
removeEntry             0x0000964f    0x46  Code  Lc  child-table.o [23]
removePacketFromIndirectQueue
                        0x0000bba3    0xac  Code  Lc  indirect-queue.o [23]
rescheduleRtc           0x0000e5e3    0x76  Code  Lc  rtcdriver.o [5]
resetCauseMasks         0x0000ec8c    0x80  Data  Lc  em_rmu.o [5]
resetForNextFrame       0x00008201    0x24  Code  Lc  phy.o [24]
restoreParams           0x0000a845    0x28  Code  Lc  scan.o [20]
routingTable            0x20007cbc    0x80  Data  Lc  coordinator-support.o [23]
routingTableGetUnusedEntry
                        0x0000ad35    0x18  Code  Lc  coordinator-support.o [23]
routingTableLookUp      0x0000acff    0x36  Code  Lc  coordinator-support.o [23]
routingTableSetOrAugmentEndDeviceList
                        0x0000ad4d    0x8e  Code  Lc  coordinator-support.o [23]
rtcRunning              0x20007aad     0x1  Data  Lc  rtcdriver.o [5]
rtcdrvIsInitialized     0x20007aae     0x1  Data  Lc  rtcdriver.o [5]
rtosIdleHandler         0x0000aa01     0x4  Code  Wk  event-control.o [27]
rxBufLen                0x20007bb4     0x2  Data  Lc  phy.o [24]
rxBuffer                0x20007bcc    0xa0  Data  Lc  phy.o [24]
saveParams              0x0000a833    0x12  Code  Lc  scan.o [20]
savedAssertInfo         0x200079b8     0x8  Data  Lc  cstartup-common.o [5]
savedResetCause         0x200079c0     0x2  Data  Lc  cstartup-common.o [5]
scanFlags               0x20007cb0     0x1  Data  Lc  association.o [20]
scheduleNextPoll        0x0000ebc5    0x12  Code  Lc  poll.o [11]
seed0                   0x20006ce6     0x2  Data  Gb  random.o [5]
seed1                   0x20006ce8     0x2  Data  Gb  random.o [5]
sendNwkCommand          0x00009f8b    0x5e  Code  Lc  network-command.o [27]
setChannel              0x20007b86     0x1  Data  Lc  upper-mac.o [27]
setRadioParameters      0x000075fd    0x1c  Code  Lc  association.o [20]
shift                   0x0000aab5    0x10  Code  Lc  random.o [5]
shortPollIntervalQS     0x20006ce2     0x1  Data  Lc  poll.o [11]
shortPolling            0x200077b0     0x1  Data  Lc  poll.o [11]
shutdownCallback        0x20007dc4     0x4  Data  Gb  lower-mac-pro2.o [24]
siPro2CmdRead           0x0000c3af    0x1c  Code  Lc  sipro2.o [24]
siPro2GetFRR            0x0000c469    0x3e  Code  Gb  sipro2.o [24]
siPro2GetResponse       0x0000c565    0x68  Code  Gb  sipro2.o [24]
siPro2Init              0x0000c3d5    0x7a  Code  Gb  sipro2.o [24]
siPro2IntClearPend      0x0000c459    0x10  Code  Gb  sipro2.o [24]
siPro2IntDisable        0x0000c44f     0x4  Code  Gb  sipro2.o [24]
siPro2IntEnable         0x0000c453     0x6  Code  Gb  sipro2.o [24]
siPro2IsReady           0x0000c395    0x1a  Code  Lc  sipro2.o [24]
siPro2PowerUp           0x0000c3cb     0xa  Code  Gb  sipro2.o [24]
siPro2ReadRxFifo        0x0000c4a7     0x8  Code  Gb  sipro2.o [24]
siPro2SendCommand       0x0000c51b    0x44  Code  Gb  sipro2.o [24]
siPro2SendCommandGetResponse
                        0x0000c5e9    0x2c  Code  Gb  sipro2.o [24]
siPro2WaitForReady      0x0000c4d5    0x3e  Code  Gb  sipro2.o [24]
siPro2WriteTxFifo       0x0000c4af    0x12  Code  Gb  sipro2.o [24]
simEe2offset            0x20007b78     0x4  Data  Gb  sim-eeprom-internal.o [26]
simEeErasePage          0x000058c5    0x16  Code  Lc  sim-eeprom-internal.o [26]
simEeSetDataActiveSemaphore
                        0x20007f69     0x1  Data  Gb  token.o [5]
simulatedEepromStorage  0x0003e000  0x2000  Data  Gb  sim-eeprom.o [13]
sizeCache               0x0000f1dc     0x8  Data  Gb  sim-eeprom.o [13]
skipOverNotLive         0x0000b1fb    0x16  Code  Lc  buffer-management.o [27]
sleepBlockCnt           0x20007ac4     0x4  Data  Lc  sleep.o [5]
sleepCallback           0x20007ac8     0x4  Data  Lc  sleep.o [5]
sleepTimerInterruptOccurred
                        0x20007b7c     0x1  Data  Gb  system-timer.o [21]
spiHandleData           0x20007ef4    0x58  Data  Lc  sipro2.o [24]
spiXfer                 0x0000c2e9    0xac  Code  Lc  sipro2.o [24]
spidrvIsInitialized     0x20007f67     0x1  Data  Lc  spidrv.o [5]
splitTrxBuf             0x20007e70    0x84  Data  Lc  sipro2.o [24]
stackBeaconPayload      0x00007688    0x10  Data  Lc  association.o [20]
startTimerNestingLevel  0x20007ab4     0x4  Data  Lc  rtcdriver.o [5]
stateNames              0x20006a50    0x20  Data  Lc  em_usbd.o [16]
stringToUnsignedInt     0x00003abb    0x74  Code  Lc  command-interpreter.o [2]
switchBand              0x00008025    0x6e  Code  Lc  phy.o [24]
syncReg                 0x00000549    0x12  Code  Lc  em_cmu.o [5]
systemTimerId           0x20007b80     0x4  Data  Gb  system-timer.o [21]
tailIndex               0x20007f75     0x1  Data  Lc  indirect-queue.o [23]
tailIndex               0x20007f77     0x1  Data  Lc  mac-queue.o [22]
ticksPr100us            0x2000711c     0x4  Data  Lc  em_usbtimer.o [16]
ticksPr10us             0x20007118     0x4  Data  Lc  em_usbtimer.o [16]
ticksPr1us              0x20007114     0x4  Data  Lc  em_usbtimer.o [16]
ticksPrMs               0x20007110     0x4  Data  Lc  em_usbtimer.o [16]
timeElapsed             0x20007ae4     0x1  Data  Lc  ustimer.o [5]
timer                   0x20006f00    0xa0  Data  Lc  rtcdriver.o [5]
tokenArraySize          0x0000f53c     0x8  Data  Gb  token-def.o [5]
tokenCreators           0x0000f51c    0x10  Data  Gb  token-def.o [5]
tokenDefaults           0x0000f578    0x1c  Data  Gb  token-def.o [5]
tokenIsCnt              0x0000f52c     0x8  Data  Gb  token-def.o [5]
tokenLength             0x0000374f     0xe  Code  Lc  command-interpreter.o [2]
tokenPointer            0x0000375d    0x10  Code  Lc  command-interpreter.o [2]
tokenSize               0x0000f534     0x8  Data  Gb  token-def.o [5]
tokensActive            0x20007f68     0x1  Data  Gb  token.o [5]
tracePhase              0x20007d8c     0x1  Data  Lc  buffer-management.o [27]
txBuf                   0x20007098     0x4  Data  Lc  em_usbdch9.o [16]
txBufPending            0x20007bbc     0x4  Data  Lc  phy.o [24]
txCompleteStatusPending
                        0x20006cfb     0x1  Data  Lc  lower-mac-pro2.o [24]
txCompleted             0x0000c265    0x34  Code  Lc  lower-mac-pro2.o [24]
txPowerLimits           0x0000f35c     0xc  Data  Lc  phy-config-connect.o [10]
uartdrvHandle           0x20007ad4    0x10  Data  Lc  uartdrv.o [5]
uartdrvHandleIsInitialized
                        0x20007ad0     0x1  Data  Lc  uartdrv.o [5]
uarthandle              0x20006c30     0xc  Data  Gb  com.o [5]
uarthandledata          0x2000789c    0xd8  Data  Lc  com.o [5]
uninitializedIsr        0x0000ee69          Code  Gb  faults.o [5]
unloadTxBuffer          0x00003ffd    0x4c  Code  Lc  com.o [5]
updateBuffer            0x00003f81    0x32  Code  Gb  com.o [5]
updateIndirectQueueEvent
                        0x0000bc4f    0x8c  Code  Lc  indirect-queue.o [23]
usbCdcDataCommand       0x0000345f    0x4c  Code  Gb  usb-cdc-cli.o [15]
usbCdcInfoCommand       0x00003503    0x5a  Code  Gb  usb-cdc-cli.o [15]
usbCdcInfoCommand::curLine
                        0x2000741c    0xcc  Data  Lc  usb-cdc-cli.o [15]
usbCdcPeekCommand       0x000034ab    0x52  Code  Gb  usb-cdc-cli.o [15]
usbInitStruct           0x0000325c    0x1c  Data  Gb  usb-common.o [16]
usbQueueEmpty           0x0000315b    0x10  Code  Gb  usb-common.o [16]
usbQueueFull            0x0000316b    0x16  Code  Gb  usb-common.o [16]
usbQueueGet             0x00003181    0x2e  Code  Gb  usb-common.o [16]
usbQueueInit            0x00003151     0xa  Code  Gb  usb-common.o [16]
usbQueuePut             0x000031af    0x4a  Code  Gb  usb-common.o [16]
usbRxBuffer             0x20006abc     0x8  Data  Lc  usb-cdc.o [15]
usbRxBuffer0            0x200074ec    0x40  Data  Lc  usb-cdc.o [15]
usbRxBuffer1            0x2000752c    0x40  Data  Lc  usb-cdc.o [15]
usbRxCount              0x20007418     0x4  Data  Lc  usb-cdc-cli.o [15]
usbRxIndex              0x200074e8     0x4  Data  Lc  usb-cdc.o [15]
usbRxLine               0x20007348    0xc8  Data  Lc  usb-cdc-cli.o [15]
usbRxLineLen            0x20007414     0x4  Data  Lc  usb-cdc-cli.o [15]
usbRxLineStart          0x20007410     0x4  Data  Lc  usb-cdc-cli.o [15]
usbTxBuffer             0x20006a70    0x20  Data  Lc  usb-common.o [16]
usbTxBuffer0            0x20007120    0x40  Data  Lc  usb-common.o [16]
usbTxBuffer1            0x20007160    0x40  Data  Lc  usb-common.o [16]
usbTxBuffer2            0x200071a0    0x40  Data  Lc  usb-common.o [16]
usbTxBuffer3            0x200071e0    0x40  Data  Lc  usb-common.o [16]
usbTxBuffer4            0x20007220    0x40  Data  Lc  usb-common.o [16]
usbTxBuffer5            0x20007260    0x40  Data  Lc  usb-common.o [16]
usbTxBuffer6            0x200072a0    0x40  Data  Lc  usb-common.o [16]
usbTxBuffer7            0x200072e0    0x40  Data  Lc  usb-common.o [16]
usbTxByteCount          0x20007320    0x20  Data  Lc  usb-common.o [16]
usbTxGetIdx             0x20007344     0x4  Data  Lc  usb-common.o [16]
usbTxPutIdx             0x20007340     0x4  Data  Lc  usb-common.o [16]
usbTxString             0x000031f9    0x4e  Code  Gb  usb-common.o [16]
userData                0x20007da4     0x4  Data  Lc  buffer-management.o [27]
userDataCount           0x20007d92     0x2  Data  Lc  buffer-management.o [27]
wakeUpCallback          0x20007acc     0x4  Data  Lc  sleep.o [5]
wallClockOverflowCnt    0x20007ab8     0x4  Data  Lc  rtcdriver.o [5]
wallClockTimeBase       0x20007abc     0x4  Data  Lc  rtcdriver.o [5]
write16                 0x000066a5    0x4e  Code  Gb  flash.o [21]
writeChildEntryToToken  0x0000960d    0x42  Code  Lc  child-table.o [23]
writeInt32u             0x0000e8bb    0x10  Code  Lc  xxtea.o [29]
writePageCounters       0x00005f2b    0x74  Code  Lc  sim-eeprom-internal.o [26]
writePeerFrameCounterEntry
                        0x0000947d    0x20  Code  Lc  security-common.o [27]
writeTokenBlockData     0x00005829    0x52  Code  Lc  sim-eeprom-internal.o [26]
x_USB_DAINTMSK          0x200070cc     0x4  Data  Lc  em_usbdint.o [16]
x_USB_DCFG              0x200070c4     0x4  Data  Lc  em_usbdint.o [16]
x_USB_DCTL              0x200070c8     0x4  Data  Lc  em_usbdint.o [16]
x_USB_DIEPMSK           0x200070d0     0x4  Data  Lc  em_usbdint.o [16]
x_USB_DIEPTXFS          0x20007100     0xc  Data  Lc  em_usbdint.o [16]
x_USB_DOEPMSK           0x200070d4     0x4  Data  Lc  em_usbdint.o [16]
x_USB_EP_CTL            0x200070dc     0xc  Data  Lc  em_usbdint.o [16]
x_USB_EP_DMAADDR        0x200070f4     0xc  Data  Lc  em_usbdint.o [16]
x_USB_EP_TSIZ           0x200070e8     0xc  Data  Lc  em_usbdint.o [16]
x_USB_GAHBCFG           0x200070b4     0x4  Data  Lc  em_usbdint.o [16]
x_USB_GINTMSK           0x200070ac     0x4  Data  Lc  em_usbdint.o [16]
x_USB_GNPTXFSIZ         0x200070c0     0x4  Data  Lc  em_usbdint.o [16]
x_USB_GOTGCTL           0x200070b0     0x4  Data  Lc  em_usbdint.o [16]
x_USB_GRXFSIZ           0x200070bc     0x4  Data  Lc  em_usbdint.o [16]
x_USB_GUSBCFG           0x200070b8     0x4  Data  Lc  em_usbdint.o [16]
x_USB_PCGCCTL           0x200070d8     0x4  Data  Lc  em_usbdint.o [16]
xxteaDecrypt            0x0000e9e5    0xd8  Code  Gb  xxtea.o [29]
xxteaEncrypt            0x0000e8f5    0xf0  Code  Gb  xxtea.o [29]


[1] = C:\Users\Alex\SimplicityStudio\v3_workspace\Sensor\IAR ARM - Debug
[2] = C:\Users\Alex\SimplicityStudio\v3_workspace\Sensor\IAR ARM - Debug\command-interpreter
[3] = C:\Users\Alex\SimplicityStudio\v3_workspace\Sensor\IAR ARM - Debug\debug-print
[4] = C:\Users\Alex\SimplicityStudio\v3_workspace\Sensor\IAR ARM - Debug\diagnostic\EZR32
[5] = C:\Users\Alex\SimplicityStudio\v3_workspace\Sensor\IAR ARM - Debug\hal\hal-ezr32
[6] = C:\Users\Alex\SimplicityStudio\v3_workspace\Sensor\IAR ARM - Debug\hal\hal-ezr32\EZR32_WG330
[7] = C:\Users\Alex\SimplicityStudio\v3_workspace\Sensor\IAR ARM - Debug\heartbeat
[8] = C:\Users\Alex\SimplicityStudio\v3_workspace\Sensor\IAR ARM - Debug\idle-sleep
[9] = C:\Users\Alex\SimplicityStudio\v3_workspace\Sensor\IAR ARM - Debug\main
[10] = C:\Users\Alex\SimplicityStudio\v3_workspace\Sensor\IAR ARM - Debug\phy-ezradio
[11] = C:\Users\Alex\SimplicityStudio\v3_workspace\Sensor\IAR ARM - Debug\poll
[12] = C:\Users\Alex\SimplicityStudio\v3_workspace\Sensor\IAR ARM - Debug\serial
[13] = C:\Users\Alex\SimplicityStudio\v3_workspace\Sensor\IAR ARM - Debug\sim-eeprom1
[14] = C:\Users\Alex\SimplicityStudio\v3_workspace\Sensor\IAR ARM - Debug\stack\stack-common
[15] = C:\Users\Alex\SimplicityStudio\v3_workspace\Sensor\IAR ARM - Debug\usb-cdc
[16] = C:\Users\Alex\SimplicityStudio\v3_workspace\Sensor\IAR ARM - Debug\usb-common
[17] = C:\Users\Alex\SimplicityStudio\v3_workspace\Sensor\IAR ARM - Debug\wstk-sensors
[18] = command line
[19] = aes-security-library.a
[20] = form-and-join-library.a
[21] = hal-library.a
[22] = packet-queue-library.a
[23] = parent-support-library.a
[24] = phy-pro2-brd4502c-library.a
[25] = rt7M_tl.a
[26] = sim-eeprom1-library.a
[27] = stack-common-library.a
[28] = stack-counters-library.a
[29] = xxtea-security-library.a

  60 590 bytes of readonly  code memory
     468 bytes of readwrite code memory
   4 527 bytes of readonly  data memory
  20 064 bytes of readwrite data memory

Errors: none
Warnings: none
