###############################################################################
#
# IAR ELF Linker V7.70.1.11437/W32 for ARM                21/Aug/2016  20:53:45
# Copyright 2007-2016 IAR Systems AB.
#
#    Output file  =  microSD.out
#    Map file     =  
#        C:/Users/Alex/SimplicityStudio/v3_workspace/microSD/IAR ARM -
#        Debug/microSD.map
#    Command line =  
#        ./stack/stack-common/ember-configuration.o ./sim-eeprom1/sim-eeprom.o
#        ./serial/ember-printf.o ./serial/serial.o ./poll/poll.o
#        ./phy-ezradio/phy-config-connect.o ./main/main.o
#        ./idle-sleep/idle-sleep.o ./hal/hal-ezr32/EZR32_WG330/system_ezr32wg.o
#        ./hal/hal-ezr32/bsp_stk_leds.o ./hal/hal-ezr32/button.o
#        ./hal/hal-ezr32/buzzer.o ./hal/hal-ezr32/com.o ./hal/hal-ezr32/crc.o
#        ./hal/hal-ezr32/cstartup-common.o ./hal/hal-ezr32/dmactrl.o
#        ./hal/hal-ezr32/dmadrv.o ./hal/hal-ezr32/em_acmp.o
#        ./hal/hal-ezr32/em_adc.o ./hal/hal-ezr32/em_aes.o
#        ./hal/hal-ezr32/em_assert.o ./hal/hal-ezr32/em_burtc.o
#        ./hal/hal-ezr32/em_cmu.o ./hal/hal-ezr32/em_dac.o
#        ./hal/hal-ezr32/em_dbg.o ./hal/hal-ezr32/em_dma.o
#        ./hal/hal-ezr32/em_ebi.o ./hal/hal-ezr32/em_emu.o
#        ./hal/hal-ezr32/em_gpio.o ./hal/hal-ezr32/em_i2c.o
#        ./hal/hal-ezr32/em_idac.o ./hal/hal-ezr32/em_int.o
#        ./hal/hal-ezr32/em_lesense.o ./hal/hal-ezr32/em_letimer.o
#        ./hal/hal-ezr32/em_leuart.o ./hal/hal-ezr32/em_mpu.o
#        ./hal/hal-ezr32/em_msc.o ./hal/hal-ezr32/em_opamp.o
#        ./hal/hal-ezr32/em_pcnt.o ./hal/hal-ezr32/em_prs.o
#        ./hal/hal-ezr32/em_rmu.o ./hal/hal-ezr32/em_rtc.o
#        ./hal/hal-ezr32/em_system.o ./hal/hal-ezr32/em_timer.o
#        ./hal/hal-ezr32/em_usart.o ./hal/hal-ezr32/em_vcmp.o
#        ./hal/hal-ezr32/em_wdog.o ./hal/hal-ezr32/endian.o
#        ./hal/hal-ezr32/ext-device.o ./hal/hal-ezr32/faults.o
#        ./hal/hal-ezr32/gpiointerrupt.o ./hal/hal-ezr32/i2cspm.o
#        ./hal/hal-ezr32/isr-stubs.o ./hal/hal-ezr32/led.o
#        ./hal/hal-ezr32/mem-util.o ./hal/hal-ezr32/mfg-token.o
#        ./hal/hal-ezr32/micro-common.o ./hal/hal-ezr32/micro.o
#        ./hal/hal-ezr32/mpu.o ./hal/hal-ezr32/random.o
#        ./hal/hal-ezr32/rtcdriver.o ./hal/hal-ezr32/si7013.o
#        ./hal/hal-ezr32/sleep-efm32.o ./hal/hal-ezr32/sleep.o
#        ./hal/hal-ezr32/spidrv.o ./hal/hal-ezr32/symbol-timer.o
#        ./hal/hal-ezr32/token-def.o ./hal/hal-ezr32/token.o
#        ./hal/hal-ezr32/uartdrv.o ./hal/hal-ezr32/udelay.o
#        ./hal/hal-ezr32/ustimer.o ./diagnostic/EZR32/assert-crash-handlers.o
#        ./diagnostic/EZR32/diagnostic.o ./debug-print/debug-print.o
#        ./command-interpreter/command-interpreter.o ./connect-bookkeeping.o
#        ./connect-callback-stubs.o ./connect-callbacks.o ./connect-cli.o
#        ./connect-events.o ./diskio.o ./ff.o ./microsd.o -o microSD.out
#        --config
#        C:/SiliconLabs/SiliconLabsConnect/SiliconLabsConnect//submodules/base/hal/micro/cortexm3/efm32/ezr32lg330f256/iar-cfg.icf
#        --config_def BTL_SIZE=0K --config_def NULL_BTL=1 --no_wrap_diagnostics
#        C:/SiliconLabs/SiliconLabsConnect/SiliconLabsConnect//connect/plugins/libraries/hal-library.a
#        C:/SiliconLabs/SiliconLabsConnect/SiliconLabsConnect//connect/plugins/libraries/parent-support-library.a
#        C:/SiliconLabs/SiliconLabsConnect/SiliconLabsConnect//connect/plugins/libraries/form-and-join-library.a
#        C:/SiliconLabs/SiliconLabsConnect/SiliconLabsConnect//connect/plugins/libraries/packet-queue-library.a
#        C:/SiliconLabs/SiliconLabsConnect/SiliconLabsConnect//connect/plugins/libraries/sim-eeprom1-library.a
#        C:/SiliconLabs/SiliconLabsConnect/SiliconLabsConnect//connect/plugins/libraries/stack-common-library.a
#        C:/SiliconLabs/SiliconLabsConnect/SiliconLabsConnect//connect/plugins/libraries/stack-counters-library.a
#        C:/SiliconLabs/SiliconLabsConnect/SiliconLabsConnect//connect/plugins/libraries/aes-security-library.a
#        C:/SiliconLabs/SiliconLabsConnect/SiliconLabsConnect//connect/plugins/libraries/phy-pro2-brd4502c-library.a
#        C:/SiliconLabs/SiliconLabsConnect/SiliconLabsConnect//connect/plugins/libraries/xxtea-security-library.a
#        --entry halEntryPoint --map
#        "C:/Users/Alex/SimplicityStudio/v3_workspace/microSD/IAR ARM -
#        Debug/microSD.map" --log_file
#        "C:/Users/Alex/SimplicityStudio/v3_workspace/microSD/IAR ARM -
#        Debug/microSD.log" --log initialization,modules,sections,veneers
#        --remarks --diag_suppress=Lp012 --redirect _Printf=_PrintfFull
#        --redirect _Scanf=_ScanfFull
#
###############################################################################

*******************************************************************************
*** RUNTIME MODEL ATTRIBUTES
***

__SystemLibrary = DLib


*******************************************************************************
*** PLACEMENT SUMMARY
***

"HEADERS":
       place at start of [0x00000000-0x000000ff] { block HEADER_block };
"APP ro":
       place at start of [0x00000100-0x0003ffff] { block APPRO_block };
"NVM&SIMEE":
       place at end of [0x00000100-0x0003ffff] {
          zi section NVM, zi section SIMEE, zi section INTERNAL_STORAGE };
"APP rw":
       place at end of [0x20000000-0x20007fef] { block APPRW_block };
"Heap":
       place at start of [0x20000000-0x20007fef] { overlay EMHEAP_overlay };
"Guard":
       place in [from 0x20000000 to 0x20007fef] { rw section GUARD_REGION };
do not initialize { rw };
initialize manually with packing = copy, complex ranges {
   section .data, section .textrw, rw section __DLIB_PERTHREAD };

  Section                 Kind        Address    Size  Object
  -------                 ----        -------    ----  ------
"HEADERS":                                      0x100
  HEADER_block                     0x00000000   0x100  <Block>
    BAT                   const    0x00000000    0x54  cstartup-common.o [5]
    AAT                   const    0x00000054    0xac  cstartup-common.o [5]
                                 - 0x00000100   0x100

"APP ro":                                      0xe860
  APPRO_block                      0x00000100  0xe860  <Block>
    .intvec               const    0x00000100    0xdc  cstartup-common.o [5]
    .textrw_init                   0x000001dc   0x1d4  <Block>
      Initializer bytes   const    0x000001dc   0x1d4  <for .textrw-1>
    .text                          0x000003b0  0xda02  <Block>
      .text               ro code  0x000003b0    0x90  sim-eeprom.o [12]
      .text               ro code  0x00000440    0xb8  mem-util.o [5]
      .text               ro code  0x000004f8   0xb10  sim-eeprom-internal.o [22]
      .text               ro code  0x00001008   0x1e4  assert-crash-handlers.o [4]
      .text               ro code  0x000011ec    0x66  ABImemset.o [21]
      .text               ro code  0x00001254   0x110  connect-callbacks.o [1]
      Veneer              ro code  0x00001364     0x8  - Linker created -
      Veneer              ro code  0x0000136c     0x8  - Linker created -
      Veneer              ro code  0x00001374     0x8  - Linker created -
      .text               ro code  0x0000137c    0xca  flash.o [17]
      .text               ro code  0x00001448    0x7c  micro-common.o [5]
      .text               ro code  0x000014c4     0xc  spmr.o [17]
      .text               ro code  0x000014d0    0xd0  serial.o [11]
      .text               ro code  0x000015a0   0x130  micro-internal.o [17]
      .text               ro code  0x000016d0     0x6  ABImemclr4.o [21]
      .text               ro code  0x000016d8    0x76  ABImemcpy_unaligned.o [21]
      .text               ro code  0x00001750   0x194  ustimer.o [5]
      .text               ro code  0x000018e4   0x2b0  microsd.o [1]
      .text               ro code  0x00001b94  0x1132  ff.o [1]
      .text               ro code  0x00002cc8    0x78  em_msc.o [5]
      .text               ro code  0x00002d40   0x7b4  em_cmu.o [5]
      .text               ro code  0x000034f4    0xb0  em_wdog.o [5]
      .text               ro code  0x000035a4   0x48c  com.o [5]
      .text               ro code  0x00003a30   0x1c8  ember-printf.o [11]
      .text               ro code  0x00003bf8    0x90  mpu.o [5]
      .text               ro code  0x00003c88     0x6  spmr.o [17]
      .text               ro code  0x00003c90    0x32  ABImemset48.o [21]
      .text               ro code  0x00003cc2    0xf0  em_timer.o [5]
      .text               ro code  0x00003db4    0xee  I64DivMod.o [21]
      .text               ro code  0x00003ea4   0x198  em_usart.o [5]
      .text               ro code  0x0000403c   0x110  em_gpio.o [5]
      .text               ro code  0x0000414c   0x278  diskio.o [1]
      .text               ro code  0x000043c4   0x5a0  rtcdriver.o [5]
      .text               ro code  0x00004964   0x108  system_ezr32wg.o [6]
      .text               ro code  0x00004a6c   0x190  em_emu.o [5]
      .text               ro code  0x00004bfc   0x844  uartdrv.o [5]
      .text               ro code  0x00005440    0x50  em_mpu.o [5]
      .text               ro code  0x00005490     0xe  spmr.o [17]
      .text               ro code  0x000054a0     0x2  I64DivZer.o [21]
      .text               ro code  0x000054a4    0x56  em_rtc.o [5]
      .text               ro code  0x000054fc    0x34  sleep.o [5]
      .text               ro code  0x00005530   0x37c  dmadrv.o [5]
      .text               ro code  0x000058ac    0xc8  gpiointerrupt.o [5]
      .text               ro code  0x00005974   0x2cc  em_dma.o [5]
      .text               ro code  0x00005c40    0x70  poll.o [10]
      .text               ro code  0x00005cb0   0x218  event-control.o [23]
      .text               ro code  0x00005ec8    0xc0  system-timer.o [17]
      .text               ro code  0x00005f88   0x218  stack.o [23]
      .text               ro code  0x000061a0   0x47c  upper-mac.o [23]
      .text               ro code  0x0000661c     0xe  spmr.o [17]
      .text               ro code  0x0000662c     0x8  spmr.o [17]
      .text               ro code  0x00006634    0xa4  sleep-efm32.o [5]
      .text               ro code  0x000066d8    0xc8  token.o [5]
      .text               ro code  0x000067a0   0x778  buffer-management.o [23]
      .text               ro code  0x00006f18   0x1b4  mac-queue.o [18]
      .text               ro code  0x000070cc   0x444  indirect-queue.o [19]
      .text               ro code  0x00007510   0x2fc  coordinator-support.o [19]
      .text               ro code  0x0000780c  0x17e4  phy.o [20]
      .text               ro code  0x00008ff0    0x3c  counters.o [24]
      .text               ro code  0x0000902c    0x28  buffers-bookkeeping.o [23]
      .text               ro code  0x00009054   0x564  lower-mac-pro2.o [20]
      .text               ro code  0x000095b8   0x71c  association.o [16]
      .text               ro code  0x00009cd4   0x23c  parent-support.o [19]
      .text               ro code  0x00009f10   0x1cc  main.o [8]
      .text               ro code  0x0000a0dc    0x34  random.o [5]
      .text               ro code  0x0000a110   0x2c0  security-common.o [23]
      .text               ro code  0x0000a3d0   0x400  child-table.o [19]
      .text               ro code  0x0000a7d0   0x384  network.o [23]
      .text               ro code  0x0000ab54   0x100  command.o [23]
      .text               ro code  0x0000ac54   0x182  packet-header.o [23]
      .text               ro code  0x0000add8    0x24  ember-library.o [23]
      .text               ro code  0x0000adfc   0x148  scan.o [16]
      .text               ro code  0x0000af44     0x4  spmr.o [17]
      .text               ro code  0x0000af48     0x4  spmr.o [17]
      .text               ro code  0x0000af4c   0x18c  mfg-token.o [5]
      .text               ro code  0x0000b0d8    0x42  strcmp_unaligned.o [21]
      .text               ro code  0x0000b11c    0xe4  buffer-queue.o [23]
      .text               ro code  0x0000b200   0x1a0  network-command.o [23]
      .text               ro code  0x0000b3a0   0x35a  sipro2.o [20]
      .text               ro code  0x0000b6fa     0x4  micro-common-internal.o [17]
      .text               ro code  0x0000b700   0x128  micro.o [5]
      .text               ro code  0x0000b828    0x18  eui64.o [23]
      .text               ro code  0x0000b840   0x100  symbol-timer.o [5]
      .text               ro code  0x0000b940    0x28  connect-bookkeeping.o [1]
      .text               ro code  0x0000b968    0xbc  cstartup-common.o [5]
      .text               ro code  0x0000ba24   0x8cc  diagnostic.o [4]
      .text               ro code  0x0000c2f0   0x20c  security-xxtea.o [25]
      .text               ro code  0x0000c4fc   0x26c  security-aes.o [15]
      .text               ro code  0x0000c768   0x1f8  ext-device.o [5]
      .text               ro code  0x0000c960   0x58c  spidrv.o [5]
      .text               ro code  0x0000ceec   0x150  button.o [5]
      .text               ro code  0x0000d03c     0x4  led.o [5]
      .text               ro code  0x0000d040     0x6  connect-callback-stubs.o [1]
      .text               ro code  0x0000d048   0x694  command-interpreter.o [2]
      .text               ro code  0x0000d6dc    0xb4  idle-sleep.o [7]
      .text               ro code  0x0000d790   0x104  em_rmu.o [5]
      .text               ro code  0x0000d894   0x228  xxtea.o [25]
      .text               ro code  0x0000dabc    0x38  aes.o [17]
      .text               ro code  0x0000daf4    0x1e  em_prs.o [5]
      .text               ro code  0x0000db14    0x38  bsp_stk_leds.o [5]
      .text               ro code  0x0000db4c    0x58  em_aes.o [5]
      .text               ro code  0x0000dba4     0x2  faults.o [5]
      .text               ro code  0x0000dba8     0x2  faults.o [5]
      .text               ro code  0x0000dbac     0x2  faults.o [5]
      .text               ro code  0x0000dbb0     0x2  faults.o [5]
      .text               ro code  0x0000dbb4     0x2  faults.o [5]
      .text               ro code  0x0000dbb8     0x2  faults.o [5]
      .text               ro code  0x0000dbbc     0x2  faults.o [5]
      .text               ro code  0x0000dbc0    0x70  faults.o [5]
      .text               ro code  0x0000dc30     0x4  isr-stubs.o [5]
      .text               ro code  0x0000dc34   0x178  cstartup-iar.o [17]
      .text               ro code  0x0000ddac     0x6  ABImemclr.o [21]
    .rodata               const    0x0000ddb4    0x1c  sim-eeprom.o [12]
    .rodata               const    0x0000ddd0   0x204  phy-config-connect.o [9]
    .rodata               const    0x0000dfd4   0x134  micro.o [5]
    .rodata               const    0x0000e108    0x78  token-def.o [5]
    .rodata               const    0x0000e180   0x4e8  diagnostic.o [4]
    .rodata               const    0x0000e668    0x84  command-interpreter.o [2]
    .rodata               const    0x0000e6ec    0x10  connect-cli.o [1]
    .rodata               const    0x0000e6fc    0x10  connect-events.o [1]
    .rodata               const    0x0000e70c     0x1  phy.o [20]
    .rodata               const    0x0000e70e     0x6  mfg-token.o [5]
    .rodata               const    0x0000e714     0x4  micro-common-internal.o [17]
    .rodata               const    0x0000e718     0x1  ember-configuration.o [13]
    .rodata               const    0x0000e719     0x1  mac-queue.o [18]
    .rodata               const    0x0000e71a     0x1  parent-support.o [19]
    .rodata               const    0x0000e71b     0x1  security-aes.o [15]
    .rodata               const    0x0000e71c     0x1  security-xxtea.o [25]
    .data_init                     0x0000e720   0x240  <Block>
      Initializer bytes   const    0x0000e720   0x240  <for .data-1>
                                 - 0x0000e960  0xe860

"NVM&SIMEE":                                   0x2000
  SIMEE                            0x0003e000  0x2000  <Block>
    SIMEE                 uninit   0x0003e000  0x2000  sim-eeprom.o [12]
                                 - 0x00040000  0x2000

"Heap":                                         0xfa0
  EMHEAP_overlay                   0x20000000   0xfa0  <Overlay>
    part 1:
      EMHEAP                       0x20000000   0xfa0  <Block>
        EMHEAP            uninit   0x20000000   0xfa0  ember-configuration.o [13]
    part 2:
      RESETINFO                    0x20000000    0x9c  <Block>
        RESETINFO         rw data  0x20000000     0x0  faults.o [5]
        RESETINFO         rw data  0x20000000     0x0  isr-stubs.o [5]
        RESETINFO         rw data  0x20000000     0x0  spmr.o [17]
        RESETINFO         uninit   0x20000000    0x9c  cstartup-common.o [5]
                                 - 0x20000fa0   0xfa0

"Guard":                                         0x20
  GUARD_REGION            uninit   0x20000fa0    0x20  cstartup-common.o [5]
                                 - 0x20000fc0    0x20

"APP rw":                                      0x266e
  APPRW_block                      0x20005888  0x266e  <Block>
    ALIGN_CSTACK                   0x20005888   0x960  <Block>
      CSTACK                       0x20005888   0x960  <Block>
        CSTACK            rw data  0x20005888     0x0  faults.o [5]
        CSTACK            rw data  0x20005888     0x0  isr-stubs.o [5]
        CSTACK            rw data  0x20005888     0x0  spmr.o [17]
        CSTACK            uninit   0x20005888   0x960  cstartup-common.o [5]
    .textrw                        0x200061e8   0x1d4  <Block>
      .textrw-1                    0x200061e8   0x1d4  <Init block>
        Veneer            inited   0x200061e8     0x8  - Linker created -
        .textrw           inited   0x200061f0   0x1cc  em_msc.o [5]
    .data                          0x200063bc   0x240  <Block>
      .data-1                      0x200063bc   0x23f  <Init block>
        .data             inited   0x200063bc     0x4  ember-configuration.o [13]
        .data             inited   0x200063c0     0x4  ember-configuration.o [13]
        .data             inited   0x200063c4     0x4  ember-configuration.o [13]
        .data             inited   0x200063c8     0x4  ember-configuration.o [13]
        .data             inited   0x200063cc     0x4  ember-configuration.o [13]
        .data             inited   0x200063d0     0x8  system_ezr32wg.o [6]
        .data             inited   0x200063d8    0x80  com.o [5]
        .data             inited   0x20006458    0x80  com.o [5]
        .data             inited   0x200064d8    0x5c  com.o [5]
        .data             inited   0x20006534     0x4  micro.o [5]
        .data             inited   0x20006538    0x50  mpu.o [5]
        .data             inited   0x20006588    0x20  command-interpreter.o [2]
        .data             inited   0x200065a8     0x8  connect-callbacks.o [1]
        .data             inited   0x200065b0     0x9  upper-mac.o [23]
        .data             inited   0x200065bc    0x18  phy.o [20]
        .data             inited   0x200065d4     0x4  micro-internal.o [17]
        .data             inited   0x200065d8     0x4  buffer-management.o [23]
        .data             inited   0x200065dc     0x4  packet-header.o [23]
        .data             inited   0x200065e0     0x2  ember-configuration.o [13]
        .data             inited   0x200065e2     0x4  poll.o [10]
        .data             inited   0x200065e6     0x4  random.o [5]
        .data             inited   0x200065ea     0x4  stack.o [23]
        .data             inited   0x200065ee     0x2  parent-support.o [19]
        .data             inited   0x200065f0     0x1  ember-configuration.o [13]
        .data             inited   0x200065f1     0x1  ember-configuration.o [13]
        .data             inited   0x200065f2     0x1  ember-configuration.o [13]
        .data             inited   0x200065f3     0x1  ember-configuration.o [13]
        .data             inited   0x200065f4     0x1  ember-configuration.o [13]
        .data             inited   0x200065f5     0x1  ext-device.o [5]
        .data             inited   0x200065f6     0x1  micro.o [5]
        .data             inited   0x200065f7     0x1  diskio.o [1]
        .data             inited   0x200065f8     0x1  upper-mac.o [23]
        .data             inited   0x200065f9     0x1  indirect-queue.o [19]
        .data             inited   0x200065fa     0x1  lower-mac-pro2.o [20]
    DLIB_PERTHREAD_INITIALIZED_DATA
                                   0x200065fc     0x0  <Block>
    DLIB_PERTHREAD_ZERO_DATA
                                   0x200065fc     0x0  <Block>
    .bss                           0x20006600  0x18f6  <Block>
      .bss                uninit   0x20006600   0x200  dmactrl.o [5]
      .bss                uninit   0x20006800    0xa0  rtcdriver.o [5]
      .bss                uninit   0x200068a0    0x24  ember-configuration.o [13]
      .bss                uninit   0x200068c4   0x140  ember-configuration.o [13]
      .bss                uninit   0x20006a04    0x50  ember-configuration.o [13]
      .bss                uninit   0x20006a54    0x50  ember-configuration.o [13]
      .bss                uninit   0x20006aa4    0x10  ember-configuration.o [13]
      .bss                uninit   0x20006ab4    0x30  sim-eeprom.o [12]
      .bss                uninit   0x20006ae4    0x10  poll.o [10]
      .bss                uninit   0x20006af4     0x4  system_ezr32wg.o [6]
      .bss                uninit   0x20006af8    0x48  com.o [5]
      .bss                uninit   0x20006b40    0x88  com.o [5]
      .bss                uninit   0x20006bc8    0xd8  com.o [5]
      .bss                uninit   0x20006ca0    0x40  com.o [5]
      .bss                uninit   0x20006ce0     0x4  com.o [5]
      .bss                uninit   0x20006ce4     0xa  cstartup-common.o [5]
      .bss                uninit   0x20006cee     0x2  button.o [5]
      .bss                uninit   0x20006cf0    0x34  dmadrv.o [5]
      .bss                uninit   0x20006d24    0x50  dmadrv.o [5]
      .bss                uninit   0x20006d74     0x4  em_emu.o [5]
      .bss                uninit   0x20006d78     0x4  em_int.o [5]
      .bss                uninit   0x20006d7c     0x4  ext-device.o [5]
      .bss                uninit   0x20006d80    0x40  gpiointerrupt.o [5]
      .bss                uninit   0x20006dc0    0x14  rtcdriver.o [5]
      .bss                uninit   0x20006dd4     0x4  sleep-efm32.o [5]
      .bss                uninit   0x20006dd8     0xc  sleep.o [5]
      .bss                uninit   0x20006de4    0x14  uartdrv.o [5]
      .bss                uninit   0x20006df8     0xc  ustimer.o [5]
      .bss                uninit   0x20006e04    0x7c  command-interpreter.o [2]
      .bss                uninit   0x20006e80   0xc60  connect-callbacks.o [1]
      .bss                uninit   0x20007ae0     0x8  ff.o [1]
      .bss                uninit   0x20007ae8     0x8  microsd.o [1]
      .bss                uninit   0x20007af0     0x4  sim-eeprom-internal.o [22]
      .bss                uninit   0x20007af4     0x8  system-timer.o [17]
      .bss                uninit   0x20007afc     0xc  upper-mac.o [23]
      .bss                uninit   0x20007b08    0x3c  phy.o [20]
      .bss                uninit   0x20007b44    0xa0  phy.o [20]
      .bss                uninit   0x20007be4     0xc  phy.o [20]
      .bss                uninit   0x20007bf0    0x24  association.o [16]
      .bss                uninit   0x20007c14    0x20  association.o [16]
      .bss                uninit   0x20007c34    0x80  coordinator-support.o [19]
      .bss                uninit   0x20007cb4    0x48  counters.o [24]
      .bss                uninit   0x20007cfc     0x8  indirect-queue.o [19]
      .bss                uninit   0x20007d04    0x24  buffer-management.o [23]
      .bss                uninit   0x20007d28    0x18  lower-mac-pro2.o [20]
      .bss                uninit   0x20007d40    0x80  lower-mac-pro2.o [20]
      .bss                uninit   0x20007dc0     0x8  parent-support.o [19]
      .bss                uninit   0x20007dc8    0x10  scan.o [16]
      .bss                uninit   0x20007dd8     0x8  security-common.o [23]
      .bss                uninit   0x20007de0     0x8  eui64.o [23]
      .bss                uninit   0x20007de8    0xe4  sipro2.o [20]
      .bss                uninit   0x20007ecc    0x10  aes.o [17]
      .bss                uninit   0x20007edc     0x4  sim-eeprom-internal.o [22]
      .bss                uninit   0x20007ee0     0x4  stack.o [23]
      .bss                uninit   0x20007ee4     0x1  main.o [8]
      .bss                uninit   0x20007ee5     0x1  spidrv.o [5]
      .bss                uninit   0x20007ee6     0x2  token.o [5]
      .bss                uninit   0x20007ee8     0x2  command-interpreter.o [2]
      .bss                uninit   0x20007eea     0x2  event-control.o [23]
      .bss                uninit   0x20007eec     0x1  stack.o [23]
      .bss                uninit   0x20007eed     0x1  stack.o [23]
      .bss                uninit   0x20007eee     0x2  upper-mac.o [23]
      .bss                uninit   0x20007ef0     0x2  phy.o [20]
      .bss                uninit   0x20007ef2     0x1  phy.o [20]
      .bss                uninit   0x20007ef3     0x1  indirect-queue.o [19]
      .bss                uninit   0x20007ef4     0x2  mac-queue.o [18]
                                 - 0x20007ef6  0x266e



*******************************************************************************
*** MODULE SUMMARY
***

    Module                    ro code  rw code  ro data  rw data
    ------                    -------  -------  -------  -------
C:\Users\Alex\SimplicityStudio\v3_workspace\microSD\IAR ARM - Debug: [1]
    connect-bookkeeping.o          40
    connect-callback-stubs.o        6
    connect-callbacks.o           272                 8    3 176
    connect-cli.o                                    16
    connect-events.o                                 16
    diskio.o                      632                 1        1
    ff.o                        4 402                          8
    microsd.o                     688                          8
    ------------------------------------------------------------
    Total:                      6 040                41    3 193

C:\Users\Alex\SimplicityStudio\v3_workspace\microSD\IAR ARM - Debug\command-interpreter: [2]
    command-interpreter.o       1 684               164      158
    ------------------------------------------------------------
    Total:                      1 684               164      158

C:\Users\Alex\SimplicityStudio\v3_workspace\microSD\IAR ARM - Debug\debug-print: [3]
    ------------------------------------------------------------
    Total:

C:\Users\Alex\SimplicityStudio\v3_workspace\microSD\IAR ARM - Debug\diagnostic\EZR32: [4]
    assert-crash-handlers.o       484
    diagnostic.o                2 252             1 256
    ------------------------------------------------------------
    Total:                      2 736             1 256

C:\Users\Alex\SimplicityStudio\v3_workspace\microSD\IAR ARM - Debug\hal\hal-ezr32: [5]
    bsp_stk_leds.o                 56
    button.o                      336                          2
    com.o                       1 164               348      840
    cstartup-common.o             188               476    2 442
    dmactrl.o                                                512
    dmadrv.o                      892                        132
    em_aes.o                       88
    em_cmu.o                    1 972
    em_dma.o                      716
    em_emu.o                      400                          4
    em_gpio.o                     272
    em_int.o                                                   4
    em_mpu.o                       80
    em_msc.o                      120      460      460
    em_prs.o                       30
    em_rmu.o                      260
    em_rtc.o                       86
    em_timer.o                    240
    em_usart.o                    408
    em_wdog.o                     176
    ext-device.o                  504                 1        5
    faults.o                      126
    gpiointerrupt.o               200                         64
    isr-stubs.o                     4
    led.o                           4
    mem-util.o                    184
    mfg-token.o                   396                 6
    micro-common.o                124
    micro.o                       296               313        5
    mpu.o                         144                80       80
    random.o                       52                 4        4
    rtcdriver.o                 1 440                        180
    sleep-efm32.o                 164                          4
    sleep.o                        52                         12
    spidrv.o                    1 420                          1
    symbol-timer.o                256
    token-def.o                                     120
    token.o                       200                          2
    uartdrv.o                   2 116                         20
    ustimer.o                     404                         12
    ------------------------------------------------------------
    Total:                     15 570      460    1 808    4 325

C:\Users\Alex\SimplicityStudio\v3_workspace\microSD\IAR ARM - Debug\hal\hal-ezr32\EZR32_WG330: [6]
    system_ezr32wg.o              264                 8       12
    ------------------------------------------------------------
    Total:                        264                 8       12

C:\Users\Alex\SimplicityStudio\v3_workspace\microSD\IAR ARM - Debug\idle-sleep: [7]
    idle-sleep.o                  180
    ------------------------------------------------------------
    Total:                        180

C:\Users\Alex\SimplicityStudio\v3_workspace\microSD\IAR ARM - Debug\main: [8]
    main.o                        460                          1
    ------------------------------------------------------------
    Total:                        460                          1

C:\Users\Alex\SimplicityStudio\v3_workspace\microSD\IAR ARM - Debug\phy-ezradio: [9]
    phy-config-connect.o                            516
    ------------------------------------------------------------
    Total:                                          516

C:\Users\Alex\SimplicityStudio\v3_workspace\microSD\IAR ARM - Debug\poll: [10]
    poll.o                        112                 4       20
    ------------------------------------------------------------
    Total:                        112                 4       20

C:\Users\Alex\SimplicityStudio\v3_workspace\microSD\IAR ARM - Debug\serial: [11]
    ember-printf.o                456
    serial.o                      208
    ------------------------------------------------------------
    Total:                        664

C:\Users\Alex\SimplicityStudio\v3_workspace\microSD\IAR ARM - Debug\sim-eeprom1: [12]
    sim-eeprom.o                  144                28    8 240
    ------------------------------------------------------------
    Total:                        144                28    8 240

C:\Users\Alex\SimplicityStudio\v3_workspace\microSD\IAR ARM - Debug\stack\stack-common: [13]
    ember-configuration.o                            28      559
    ------------------------------------------------------------
    Total:                                           28      559

command line: [14]
    ------------------------------------------------------------
    Total:

aes-security-library.a: [15]
    security-aes.o                620                 1
    ------------------------------------------------------------
    Total:                        620                 1

form-and-join-library.a: [16]
    association.o               1 820                         68
    scan.o                        328                         16
    ------------------------------------------------------------
    Total:                      2 148                         84

hal-library.a: [17]
    aes.o                          56                         16
    cstartup-iar.o                376
    flash.o                       202
    micro-common-internal.o         4                 4
    micro-internal.o              304                 4        4
    spmr.o                         62
    system-timer.o                192                          8
    ------------------------------------------------------------
    Total:                      1 196                 8       28

packet-queue-library.a: [18]
    mac-queue.o                   436                 1        2
    ------------------------------------------------------------
    Total:                        436                 1        2

parent-support-library.a: [19]
    child-table.o               1 024
    coordinator-support.o         764                        128
    indirect-queue.o            1 092                 1       10
    parent-support.o              572                 3       10
    ------------------------------------------------------------
    Total:                      3 452                 4      148

phy-pro2-brd4502c-library.a: [20]
    lower-mac-pro2.o            1 380                 1      153
    phy.o                       6 116                28      259
    sipro2.o                      858                        228
    ------------------------------------------------------------
    Total:                      8 354                29      640

rt7M_tl.a: [21]
    ABImemclr.o                     6
    ABImemclr4.o                    6
    ABImemcpy_unaligned.o         118
    ABImemset.o                   102
    ABImemset48.o                  50
    I64DivMod.o                   238
    I64DivZer.o                     2
    strcmp_unaligned.o             66
    ------------------------------------------------------------
    Total:                        588

sim-eeprom1-library.a: [22]
    sim-eeprom-internal.o       2 832                          8
    ------------------------------------------------------------
    Total:                      2 832                          8

stack-common-library.a: [23]
    buffer-management.o         1 912                 4       40
    buffer-queue.o                228
    buffers-bookkeeping.o          40
    command.o                     256
    ember-library.o                36
    eui64.o                        24                          8
    event-control.o               536                          2
    network-command.o             416
    network.o                     900
    packet-header.o               386                 4        4
    security-common.o             704                          8
    stack.o                       536                 4       10
    upper-mac.o                 1 148                10       24
    ------------------------------------------------------------
    Total:                      7 122                22       96

stack-counters-library.a: [24]
    counters.o                     60                         72
    ------------------------------------------------------------
    Total:                         60                         72

xxtea-security-library.a: [25]
    security-xxtea.o              524                 1
    xxtea.o                       552
    ------------------------------------------------------------
    Total:                      1 076                 1

    Gaps                           48                 3        3
    Linker created                 24        8        9    4 000
----------------------------------------------------------------
    Grand Total:               55 810      468    3 931   21 589


*******************************************************************************
*** ENTRY LIST
***

Entry                      Address    Size  Type      Object
-----                      -------    ----  ----      ------
.bss$$Base              0x20006600           --   Gb  - Linker created -
.bss$$Length            0x000018f6           --   Gb  - Linker created -
.bss$$Limit             0x20007ef6           --   Gb  - Linker created -
.data$$Base             0x200063bc           --   Gb  - Linker created -
.data$$Limit            0x200065fc           --   Gb  - Linker created -
.data_init$$Base        0x0000e720           --   Gb  - Linker created -
.data_init$$Length      0x00000240           --   Gb  - Linker created -
.data_init$$Limit       0x0000e960           --   Gb  - Linker created -
.noinit$$Base           0x00000000           --   Gb  - Linker created -
.text$$Base             0x000003b0           --   Gb  - Linker created -
.text$$Limit            0x0000ddb2           --   Gb  - Linker created -
.textrw$$Base           0x200061e8           --   Gb  - Linker created -
.textrw$$Limit          0x200063bc           --   Gb  - Linker created -
.textrw_init$$Base      0x000001dc           --   Gb  - Linker created -
.textrw_init$$Length    0x000001d4           --   Gb  - Linker created -
.textrw_init$$Limit     0x000003b0           --   Gb  - Linker created -
ACMP0_IRQHandler        0x0000dc31          Code  Wk  isr-stubs.o [5]
ADC0_IRQHandler         0x0000dc31          Code  Wk  isr-stubs.o [5]
AES_ECB128              0x0000db4d    0x52  Code  Gb  em_aes.o [5]
AES_IRQHandler          0x0000dc31          Code  Wk  isr-stubs.o [5]
ALIGN_CSTACK$$Base      0x20005888           --   Gb  - Linker created -
ALIGN_CSTACK$$Limit     0x200061e8           --   Gb  - Linker created -
APPRO_block$$Base       0x00000100           --   Gb  - Linker created -
APPRO_block$$Limit      0x0000e960           --   Gb  - Linker created -
APPRW_block$$Base       0x20005888           --   Gb  - Linker created -
APPRW_block$$Limit      0x20007ef6           --   Gb  - Linker created -
APP_RAM$$Base           0x00000000           --   Gb  - Linker created -
APP_RAM$$Length         0x00000000           --   Gb  - Linker created -
BSP_LedsInit            0x0000db15    0x2e  Code  Gb  bsp_stk_leds.o [5]
BURTC_IRQHandler        0x0000dc31          Code  Wk  isr-stubs.o [5]
BUS_RegBitRead          0x00002d4f     0xe  Code  Lc  em_cmu.o [5]
BUS_RegBitWrite         0x00002d41     0xe  Code  Lc  em_cmu.o [5]
BUS_RegBitWrite         0x00005975     0xe  Code  Lc  em_dma.o [5]
BUS_RegBitWrite         0x0000403d     0xe  Code  Lc  em_gpio.o [5]
BUS_RegBitWrite         0x0000d791     0xe  Code  Lc  em_rmu.o [5]
BUS_RegBitWrite         0x000034f5     0xe  Code  Lc  em_wdog.o [5]
BUS_RegBitWrite         0x000054fd     0xe  Code  Lc  sleep.o [5]
BlockingComplete        0x0000cba5     0xa  Code  Lc  spidrv.o [5]
CMU_ClockDivSet         0x00002ec1   0x132  Code  Gb  em_cmu.o [5]
CMU_ClockEnable         0x00003017    0x94  Code  Gb  em_cmu.o [5]
CMU_ClockFreqGet        0x000030ab   0x10c  Code  Gb  em_cmu.o [5]
CMU_ClockSelectGet      0x000031c5    0xb6  Code  Gb  em_cmu.o [5]
CMU_ClockSelectSet      0x0000327b   0x176  Code  Gb  em_cmu.o [5]
CMU_IRQHandler          0x0000dc31          Code  Wk  isr-stubs.o [5]
CMU_OscillatorEnable    0x00003421    0x5c  Code  Gb  em_cmu.o [5]
COM_ForceWriteData      0x000039c9    0x14  Code  Gb  com.o [5]
COM_Init                0x00003765    0x82  Code  Gb  com.o [5]
COM_InternalPowerDown   0x000035e1    0x34  Code  Gb  com.o [5]
COM_InternalPowerUp     0x00003615    0x32  Code  Gb  com.o [5]
COM_Printf              0x000038e1    0x18  Code  Gb  com.o [5]
COM_PrintfVarArg        0x000038bf    0x22  Code  Gb  com.o [5]
COM_ReadAvailable       0x000037e7    0x16  Code  Gb  com.o [5]
COM_ReadByte            0x000037fd    0x5c  Code  Gb  com.o [5]
COM_WaitSend            0x000039dd    0x18  Code  Gb  com.o [5]
COM_WriteByte           0x000038a9    0x10  Code  Gb  com.o [5]
COM_WriteData           0x000038f9    0xa2  Code  Gb  com.o [5]
COM_pendingWrite        0x00003859    0x50  Code  Gb  com.o [5]
CSTACK$$Base            0x20005888           --   Gb  - Linker created -
CSTACK$$Limit           0x200061e8           --   Gb  - Linker created -
CheckParams             0x00004f51    0x20  Code  Lc  uartdrv.o [5]
ConfigGPIO              0x0000cbaf   0x15c  Code  Lc  spidrv.o [5]
ConfigGPIO              0x00004f71   0x124  Code  Lc  uartdrv.o [5]
CurrVol                 0x20007ae0     0x1  Data  Lc  ff.o [1]
DAC0_IRQHandler         0x0000dc31          Code  Wk  isr-stubs.o [5]
DEBUG_CHANNEL$$Base     0x00000000           --   Gb  - Linker created -
DEBUG_CHANNEL$$Limit    0x00000000           --   Gb  - Linker created -
DLIB_PERTHREAD_INITIALIZED_DATA$$Base
                        0x200065fc           --   Gb  - Linker created -
DLIB_PERTHREAD_INITIALIZED_DATA$$Limit
                        0x200065fc           --   Gb  - Linker created -
DLIB_PERTHREAD_ZERO_DATA$$Base
                        0x200065fc           --   Gb  - Linker created -
DLIB_PERTHREAD_ZERO_DATA$$Length
                        0x00000000           --   Gb  - Linker created -
DLIB_PERTHREAD_ZERO_DATA$$Limit
                        0x200065fc           --   Gb  - Linker created -
DMADRV_AllocateChannel  0x00005559    0x4c  Code  Gb  dmadrv.o [5]
DMADRV_Init             0x000055af    0x54  Code  Gb  dmadrv.o [5]
DMADRV_MemoryPeripheral
                        0x00005603     0xc  Code  Gb  dmadrv.o [5]
DMADRV_PeripheralMemory
                        0x0000560f     0xa  Code  Gb  dmadrv.o [5]
DMADRV_TransferRemainingCount
                        0x00005645    0x46  Code  Gb  dmadrv.o [5]
DMA_ActivateBasic       0x00005a5f    0x20  Code  Gb  em_dma.o [5]
DMA_ActivatePingPong    0x00005a85    0x34  Code  Gb  em_dma.o [5]
DMA_CfgChannel          0x00005ac3    0x40  Code  Gb  em_dma.o [5]
DMA_CfgDescr            0x00005b03    0x34  Code  Gb  em_dma.o [5]
DMA_IRQHandler          0x000059f9    0x66  Code  Gb  em_dma.o [5]
DMA_Init                0x00005b37    0x34  Code  Gb  em_dma.o [5]
DMA_Prepare             0x00005983    0x76  Code  Lc  em_dma.o [5]
DMA_RefreshPingPong     0x00005b6b    0x66  Code  Gb  em_dma.o [5]
DMA_Reset               0x00005bdb    0x30  Code  Gb  em_dma.o [5]
DelayTicksPolled        0x00001879    0x22  Code  Lc  ustimer.o [5]
DequeueBuffer           0x00004d69    0x36  Code  Lc  uartdrv.o [5]
DisableReceiver         0x00004de5    0x10  Code  Lc  uartdrv.o [5]
DmaBasicCallback        0x000056a9    0x1a  Code  Lc  dmadrv.o [5]
DmaPingPongCallback     0x000056c3    0x3e  Code  Lc  dmadrv.o [5]
EMHEAP$$Base            0x20000000           --   Gb  - Linker created -
EMHEAP$$Limit           0x20000fa0           --   Gb  - Linker created -
EMHEAP_overlay$$Base    0x20000000           --   Gb  - Linker created -
EMHEAP_overlay$$Limit   0x20000fa0           --   Gb  - Linker created -
EMU_EnterEM2            0x00004b15    0x4e  Code  Gb  em_emu.o [5]
EMU_EnterEM3            0x00004b63    0x64  Code  Gb  em_emu.o [5]
EMU_IRQHandler          0x0000dc31          Code  Wk  isr-stubs.o [5]
EMU_UpdateOscConfig     0x00004bd3     0xa  Code  Gb  em_emu.o [5]
ERASE_CRITICAL_THRESHOLD
                        0x0000ddc0     0x2  Data  Gb  sim-eeprom.o [12]
EnableReceiver          0x00004dcf    0x16  Code  Lc  uartdrv.o [5]
EnqueueBuffer           0x00004d0d    0x5c  Code  Lc  uartdrv.o [5]
FatFs                   0x20007ae4     0x4  Data  Lc  ff.o [1]
Fatfs                   0x200078ac   0x234  Data  Gb  connect-callbacks.o [1]
FcApplyState            0x00004cbd    0x50  Code  Lc  uartdrv.o [5]
Fsid                    0x20007ae2     0x2  Data  Lc  ff.o [1]
GPIOINT_CallbackRegister
                        0x000058e7    0x2c  Code  Gb  gpiointerrupt.o [5]
GPIOINT_IRQDispatcher   0x00005913    0x28  Code  Lc  gpiointerrupt.o [5]
GPIOINT_Init            0x000058cb    0x1c  Code  Gb  gpiointerrupt.o [5]
GPIO_EVEN_IRQHandler    0x0000593b     0xe  Code  Gb  gpiointerrupt.o [5]
GPIO_InputSenseSet      0x0000c769     0xe  Code  Lc  ext-device.o [5]
GPIO_IntConfig          0x0000406f    0x4c  Code  Gb  em_gpio.o [5]
GPIO_ODD_IRQHandler     0x0000595d    0x12  Code  Gb  gpiointerrupt.o [5]
GPIO_PinInGet           0x0000ceed    0x18  Code  Lc  button.o [5]
GPIO_PinModeSet         0x000040c7    0x70  Code  Gb  em_gpio.o [5]
GPIO_PinOutClear        0x0000404b    0x12  Code  Lc  em_gpio.o [5]
GPIO_PinOutClear        0x0000c777    0x12  Code  Lc  ext-device.o [5]
GPIO_PinOutClear        0x00004bfd    0x14  Code  Lc  uartdrv.o [5]
GPIO_PinOutClear        0x000018e5    0x12  Code  Lc  microsd.o [1]
GPIO_PinOutSet          0x0000405d    0x12  Code  Lc  em_gpio.o [5]
GPIO_PinOutSet          0x0000c789    0x12  Code  Lc  ext-device.o [5]
GPIO_PinOutSet          0x00004c11    0x14  Code  Lc  uartdrv.o [5]
GetTailBuffer           0x00004d9f    0x1e  Code  Lc  uartdrv.o [5]
HEADER_block$$Base      0x00000000           --   Gb  - Linker created -
HEADER_block$$Limit     0x00000100           --   Gb  - Linker created -
HwFcGetClearToSendPin   0x00004c4d    0x20  Code  Lc  uartdrv.o [5]
HwFcManageClearToSend   0x00004c6d    0x50  Code  Lc  uartdrv.o [5]
I2C0_IRQHandler         0x0000dc31          Code  Wk  isr-stubs.o [5]
I2C1_IRQHandler         0x0000dc31          Code  Wk  isr-stubs.o [5]
ID_COUNT                0x0000ddc2     0x2  Data  Gb  sim-eeprom.o [12]
INTERNAL_STORAGE$$Base  0x00000000           --   Gb  - Linker created -
INT_Disable             0x000035b9    0x16  Code  Lc  com.o [5]
INT_Disable             0x00005531    0x16  Code  Lc  dmadrv.o [5]
INT_Disable             0x000043d9    0x16  Code  Lc  rtcdriver.o [5]
INT_Disable             0x0000c961    0x16  Code  Lc  spidrv.o [5]
INT_Disable             0x00004c25    0x16  Code  Lc  uartdrv.o [5]
INT_Enable              0x000035cf    0x12  Code  Lc  com.o [5]
INT_Enable              0x00005547    0x12  Code  Lc  dmadrv.o [5]
INT_Enable              0x000043ef    0x12  Code  Lc  rtcdriver.o [5]
INT_Enable              0x0000c977    0x12  Code  Lc  spidrv.o [5]
INT_Enable              0x00004c3b    0x12  Code  Lc  uartdrv.o [5]
INT_LockCnt             0x20006d78     0x4  Data  Gb  em_int.o [5]
LCD_IRQHandler          0x0000dc31          Code  Wk  isr-stubs.o [5]
LEFT_BASE               0x0000ddb8     0x2  Data  Gb  sim-eeprom.o [12]
LEFT_TOP                0x0000ddba     0x2  Data  Gb  sim-eeprom.o [12]
LESENSE_IRQHandler      0x0000dc31          Code  Wk  isr-stubs.o [5]
LETIMER0_IRQHandler     0x0000dc31          Code  Wk  isr-stubs.o [5]
LEUART0_IRQHandler      0x0000dc31          Code  Wk  isr-stubs.o [5]
LEUART1_IRQHandler      0x0000dc31          Code  Wk  isr-stubs.o [5]
MICROSD_BlockRx         0x000019e3    0x7e  Code  Gb  microsd.o [1]
MICROSD_BlockTx         0x00001a61    0x56  Code  Gb  microsd.o [1]
MICROSD_Deselect        0x000019b5     0xa  Code  Gb  microsd.o [1]
MICROSD_Init            0x00001915    0x86  Code  Gb  microsd.o [1]
MICROSD_PowerOn         0x000019d9     0x4  Code  Gb  microsd.o [1]
MICROSD_Select          0x000019bf    0x1a  Code  Gb  microsd.o [1]
MICROSD_SendCmd         0x00001abb    0x88  Code  Gb  microsd.o [1]
MICROSD_SpiClkSlow      0x00001b49    0x10  Code  Gb  microsd.o [1]
MICROSD_XferSpi         0x000019a3    0x12  Code  Gb  microsd.o [1]
MPU_ConfigureRegion     0x00005441    0x50  Code  Gb  em_mpu.o [5]
MPU_Disable             0x00003bf9    0x14  Code  Lc  mpu.o [5]
MSC_Deinit              0x00002d1f    0x10  Code  Gb  em_msc.o [5]
MSC_ErasePage           0x2000631f    0x66  Code  Gb  em_msc.o [5]
MSC_IRQHandler          0x0000dc31          Code  Wk  isr-stubs.o [5]
MSC_Init                0x00002cc9    0x42  Code  Gb  em_msc.o [5]
MSC_LoadWriteData       0x200061f1    0xa0  Code  Lc  em_msc.o [5]
MSC_MassErase           0x20006389    0x24  Code  Gb  em_msc.o [5]
MSC_WriteWord           0x20006385     0x4  Code  Gb  em_msc.o [5]
MSC_WriteWordI          0x20006291    0x8e  Code  Lc  em_msc.o [5]
NVIC_ClearPendingIRQ    0x000035a5    0x14  Code  Lc  com.o [5]
NVIC_ClearPendingIRQ    0x000058b9     0xa  Code  Lc  gpiointerrupt.o [5]
NVIC_ClearPendingIRQ    0x000043c5    0x14  Code  Lc  rtcdriver.o [5]
NVIC_ClearPendingIRQ    0x00001751    0x12  Code  Lc  ustimer.o [5]
NVIC_EnableIRQ          0x000058ad     0xc  Code  Lc  gpiointerrupt.o [5]
PCNT0_IRQHandler        0x0000dc31          Code  Wk  isr-stubs.o [5]
PCNT1_IRQHandler        0x0000dc31          Code  Wk  isr-stubs.o [5]
PCNT2_IRQHandler        0x0000dc31          Code  Wk  isr-stubs.o [5]
PRS_SourceAsyncSignalSet
                        0x0000daf5    0x18  Code  Gb  em_prs.o [5]
PTR_CACHE_SIZE          0x0000ddc4     0x2  Data  Gb  sim-eeprom.o [12]
REAL_PAGES_PER_VIRTUAL  0x0000ddb4     0x1  Data  Gb  sim-eeprom.o [12]
REAL_PAGE_SIZE          0x0000ddb6     0x2  Data  Gb  sim-eeprom.o [12]
RESETINFO$$Base         0x20000000           --   Gb  - Linker created -
RESETINFO$$Limit        0x2000009c           --   Gb  - Linker created -
RIGHT_BASE              0x0000ddbc     0x2  Data  Gb  sim-eeprom.o [12]
RIGHT_TOP               0x0000ddbe     0x2  Data  Gb  sim-eeprom.o [12]
RMU_ResetCauseClear     0x0000d79f    0x36  Code  Gb  em_rmu.o [5]
RMU_ResetCauseGet       0x0000d7d5    0x2e  Code  Gb  em_rmu.o [5]
RTCDRV_AllocateTimer    0x00004401    0x46  Code  Gb  rtcdriver.o [5]
RTCDRV_GetWallClock     0x000046f7    0x12  Code  Gb  rtcdriver.o [5]
RTCDRV_GetWallClockTicks32
                        0x00004709    0x14  Code  Gb  rtcdriver.o [5]
RTCDRV_GetWallClockTicks64
                        0x0000471d    0x1c  Code  Gb  rtcdriver.o [5]
RTCDRV_Init             0x00004447    0x8c  Code  Gb  rtcdriver.o [5]
RTCDRV_StartTimer       0x000044d3   0x16a  Code  Gb  rtcdriver.o [5]
RTCDRV_StopTimer        0x00004647    0x24  Code  Gb  rtcdriver.o [5]
RTCDRV_TicksToMsec      0x0000474b    0x12  Code  Gb  rtcdriver.o [5]
RTCDRV_TimeRemaining    0x00004683    0x74  Code  Gb  rtcdriver.o [5]
RTC_CompareGet          0x000054a5    0x16  Code  Gb  em_rtc.o [5]
RTC_CompareSet          0x000054bb    0x12  Code  Gb  em_rtc.o [5]
RTC_CounterReset        0x000054ed     0xe  Code  Gb  em_rtc.o [5]
RTC_IRQHandler          0x0000476f    0x68  Code  Gb  rtcdriver.o [5]
RTC_Init                0x000054cd    0x18  Code  Gb  em_rtc.o [5]
ReceiveDmaComplete      0x00004e55    0x90  Code  Lc  uartdrv.o [5]
RxDMAComplete           0x0000cd2d    0x3c  Code  Lc  spidrv.o [5]
SIMEE$$Base             0x0003e000           --   Gb  - Linker created -
SIMEE$$Limit            0x00040000           --   Gb  - Linker created -
SLEEP_SleepBlockBegin   0x0000550b    0x18  Code  Gb  sleep.o [5]
SPIDRV_Init             0x0000c989   0x186  Code  Gb  spidrv.o [5]
SPIDRV_MTransferB       0x0000cb21    0x20  Code  Gb  spidrv.o [5]
SPIDRV_MTransmitB       0x0000cb5f    0x1c  Code  Gb  spidrv.o [5]
StartReceiveDma         0x00004df5    0x28  Code  Lc  uartdrv.o [5]
StartTransfer           0x00005701   0x172  Code  Lc  dmadrv.o [5]
StartTransferDMA        0x0000cd69    0x28  Code  Lc  spidrv.o [5]
StartTransmitDMA        0x0000cd91    0x28  Code  Lc  spidrv.o [5]
StartTransmitDma        0x00004e1d    0x28  Code  Lc  uartdrv.o [5]
StringBuffer            0x200065a8     0x8  Data  Gb  connect-callbacks.o [1]
SystemCoreClock         0x20006af4     0x4  Data  Gb  system_ezr32wg.o [6]
SystemCoreClockGet      0x00004965    0x24  Code  Gb  system_ezr32wg.o [6]
SystemHFClockGet        0x0000498d    0x7c  Code  Gb  system_ezr32wg.o [6]
SystemHFXOClock         0x200063d0     0x4  Data  Lc  system_ezr32wg.o [6]
SystemHFXOClockGet      0x00004a09     0x6  Code  Gb  system_ezr32wg.o [6]
SystemInit              0x00004a0f     0xc  Code  Gb  system_ezr32wg.o [6]
SystemLFRCOClockGet     0x00004a1b     0x2  Code  Gb  system_ezr32wg.o [6]
SystemLFXOClock         0x200063d4     0x4  Data  Lc  system_ezr32wg.o [6]
SystemLFXOClockGet      0x00004a29     0x6  Code  Gb  system_ezr32wg.o [6]
SystemMaxCoreClockGet   0x00004989     0x4  Code  Gb  system_ezr32wg.o [6]
SystemULFRCOClockGet    0x00004a23     0x6  Code  Gb  system_ezr32wg.o [6]
TIMER0_IRQHandler       0x00001865    0x14  Code  Gb  ustimer.o [5]
TIMER1_IRQHandler       0x0000dc31          Code  Wk  isr-stubs.o [5]
TIMER2_IRQHandler       0x0000dc31          Code  Wk  isr-stubs.o [5]
TIMER3_IRQHandler       0x0000b8ed    0x12  Code  Gb  symbol-timer.o [5]
TIMER_Init              0x00003cc3    0x90  Code  Gb  em_timer.o [5]
TIMER_InitCC            0x00003d53    0x60  Code  Gb  em_timer.o [5]
TOKEN_MFG_CCA_THRESHOLD
                        0x0000e710     0x2  Data  Gb  mfg-token.o [5]
TOKEN_MFG_EUI_64        0x0000e712     0x2  Data  Gb  mfg-token.o [5]
TOKEN_MFG_PHY_CONFIG    0x0000e70e     0x2  Data  Gb  mfg-token.o [5]
TOKEN_STACK_ANALYSIS_REBOOT_DEFAULTS
                        0x0000e132     0x2  Data  Gb  token-def.o [5]
TOKEN_STACK_CHILD_TABLE_DEFAULTS
                        0x0000e154     0xc  Data  Gb  token-def.o [5]
TOKEN_STACK_LAST_ASSIGNED_ID_DEFAULTS
                        0x0000e150     0x2  Data  Gb  token-def.o [5]
TOKEN_STACK_NODE_DATA_DEFAULTS
                        0x0000e144     0xc  Data  Gb  token-def.o [5]
TOKEN_STACK_NONCE_COUNTER_DEFAULTS
                        0x0000e160     0x4  Data  Gb  token-def.o [5]
TOKEN_STACK_NVDATA_VERSION_DEFAULTS
                        0x0000e130     0x2  Data  Gb  token-def.o [5]
TOKEN_STACK_SECURITY_KEY_DEFAULTS
                        0x0000e134    0x10  Data  Gb  token-def.o [5]
TransferApiBlockingPrologue
                        0x0000ce13    0x26  Code  Lc  spidrv.o [5]
TransmitDmaComplete     0x00004ef1    0x48  Code  Lc  uartdrv.o [5]
UART0_RX_IRQHandler     0x0000dc31          Code  Wk  isr-stubs.o [5]
UART0_TX_IRQHandler     0x0000dc31          Code  Wk  isr-stubs.o [5]
UART1_RX_IRQHandler     0x0000dc31          Code  Wk  isr-stubs.o [5]
UART1_TX_IRQHandler     0x0000dc31          Code  Wk  isr-stubs.o [5]
UARTDRV_ForceTransmit   0x000052c1    0x60  Code  Gb  uartdrv.o [5]
UARTDRV_GetReceiveStatus
                        0x0000526f    0x2e  Code  Gb  uartdrv.o [5]
UARTDRV_GetTransmitDepth
                        0x0000529d     0x2  Code  Gb  uartdrv.o [5]
UARTDRV_Init            0x0000509d   0x1d2  Code  Gb  uartdrv.o [5]
UARTDRV_Receive         0x00005321    0x2e  Code  Gb  uartdrv.o [5]
UARTDRV_Transmit        0x00005379    0x28  Code  Gb  uartdrv.o [5]
USART0_RX_IRQHandler    0x0000dc31          Code  Wk  isr-stubs.o [5]
USART0_TX_IRQHandler    0x0000dc31          Code  Wk  isr-stubs.o [5]
USART1_RX_IRQHandler    0x0000dc31          Code  Wk  isr-stubs.o [5]
USART1_TX_IRQHandler    0x0000dc31          Code  Wk  isr-stubs.o [5]
USART2_RX_IRQHandler    0x0000dc31          Code  Wk  isr-stubs.o [5]
USART2_TX_IRQHandler    0x0000dc31          Code  Wk  isr-stubs.o [5]
USART_BaudrateAsyncSet  0x00003ea5    0x58  Code  Gb  em_usart.o [5]
USART_BaudrateSyncSet   0x00003efd    0x36  Code  Gb  em_usart.o [5]
USART_Enable            0x00003f33     0xe  Code  Gb  em_usart.o [5]
USART_InitAsync         0x00003f41    0x40  Code  Gb  em_usart.o [5]
USART_InitSync          0x00003f81    0x56  Code  Gb  em_usart.o [5]
USART_Reset             0x00003fdd    0x34  Code  Gb  em_usart.o [5]
USART_SpiTransfer       0x00004029     0xe  Code  Gb  em_usart.o [5]
USB_IRQHandler          0x0000dc31          Code  Wk  isr-stubs.o [5]
USTIMER_DelayIntSafe    0x00001811    0x30  Code  Gb  ustimer.o [5]
USTIMER_Init            0x00001763    0xae  Code  Gb  ustimer.o [5]
VCMP_IRQHandler         0x0000dc31          Code  Wk  isr-stubs.o [5]
WDOG_Enable             0x00003503    0x10  Code  Gb  em_wdog.o [5]
WDOG_Feed               0x00003517    0x1a  Code  Gb  em_wdog.o [5]
WDOG_Init               0x00003531    0x60  Code  Gb  em_wdog.o [5]
WDOG_Lock               0x00003591     0xe  Code  Gb  em_wdog.o [5]
WaitForTransferCompletion
                        0x0000ce57    0x2e  Code  Lc  spidrv.o [5]
WaitReady               0x000018f7    0x1e  Code  Lc  microsd.o [1]
__DLIB_PERTHREAD_init$$Base
                        0x00000000           --   Gb  - Linker created -
__DLIB_PERTHREAD_init$$Length
                        0x00000000           --   Gb  - Linker created -
__aeabi_ldiv0           0x000054a1          Code  Gb  I64DivZer.o [21]
__aeabi_memclr          0x0000ddad          Code  Gb  ABImemclr.o [21]
__aeabi_memclr4         0x000016d1          Code  Gb  ABImemclr4.o [21]
__aeabi_memset          0x000011ed          Code  Gb  ABImemset.o [21]
__aeabi_uldivmod        0x00003db5          Code  Gb  I64DivMod.o [21]
__iar_Memset            0x000011ed          Code  Gb  ABImemset.o [21]
__iar_Memset4_word      0x00003c91          Code  Gb  ABImemset48.o [21]
__iar_Memset8_word      0x00003c91          Code  Gb  ABImemset48.o [21]
__iar_Memset_word       0x000011f5          Code  Gb  ABImemset.o [21]
__iar_unaligned___aeabi_memcpy
                        0x000016d9          Code  Gb  ABImemcpy_unaligned.o [21]
__iar_unaligned___aeabi_memcpy4
                        0x000016f9          Code  Gb  ABImemcpy_unaligned.o [21]
__iar_unaligned___aeabi_memcpy8
                        0x000016f9          Code  Gb  ABImemcpy_unaligned.o [21]
__iar_unaligned_strcmp  0x0000b0d9          Code  Gb  strcmp_unaligned.o [21]
__vector_table          0x00000100    0xdc  Data  Gb  cstartup-common.o [5]
_basePriIsDisabled      0x0000661d          Code  Gb  spmr.o [17]
_clearPriMask           0x0000af49          Code  Gb  spmr.o [17]
_disableBasePri         0x000014c5          Code  Gb  spmr.o [17]
_enableBasePri          0x0000662d          Code  Gb  spmr.o [17]
_executeBarrierInstructions
                        0x00005491          Code  Gb  spmr.o [17]
_setPriMask             0x0000af45          Code  Gb  spmr.o [17]
_writeBasePri           0x00003c89          Code  Gb  spmr.o [17]
ageChildren             0x0000a459    0x4e  Code  Lc  child-table.o [19]
allowIdling             0x20007eea     0x1  Data  Lc  event-control.o [23]
amalgamateQueue         0x20007d20     0x4  Data  Lc  buffer-management.o [23]
applicationBeaconPayload
                        0x20007c04    0x10  Data  Lc  association.o [16]
applicationBeaconPayloadLength
                        0x20007bf1     0x1  Data  Lc  association.o [16]
arePageCountersOkay     0x00000627    0x3e  Code  Lc  sim-eeprom-internal.o [22]
associationRequestHandler
                        0x00009a4b    0x34  Code  Lc  association.o [16]
asynchronousHeapLimit   0x20007d24     0x4  Data  Lc  buffer-management.o [23]
auxClkGet               0x00002d5d    0x54  Code  Lc  em_cmu.o [5]
backoffExponent         0x20007d2a     0x1  Data  Lc  lower-mac-pro2.o [20]
br                      0x20007284     0x2  Data  Gb  connect-callbacks.o [1]
bufferTracker           0x20007d0c     0x2  Data  Lc  buffer-management.o [23]
button0State            0x20006cee     0x1  Data  Gb  button.o [5]
button1State            0x20006cef     0x1  Data  Gb  button.o [5]
buttonIrqCallback       0x0000cfdd    0x5e  Code  Gb  button.o [5]
bw                      0x20007286     0x2  Data  Gb  connect-callbacks.o [1]
bytesToWrite            0x20007b2e     0x2  Data  Lc  phy.o [20]
calculateMic            0x0000c6b1    0xb8  Code  Lc  security-aes.o [15]
callCommandAction       0x0000d291   0x17c  Code  Lc  command-interpreter.o [2]
callEnergyScanCompleteHandler
                        0x0000ae59    0x86  Code  Lc  scan.o [16]
callMessageSentHandler  0x000074a3    0x32  Code  Lc  indirect-queue.o [19]
callbackEnd             0x00005f07     0x8  Code  Gb  system-timer.o [17]
cfsrBits                0x0000c12c    0x68  Data  Lc  diagnostic.o [4]
chTable                 0x20006d24    0x50  Data  Lc  dmadrv.o [5]
charDowncase            0x0000d267     0xe  Code  Lc  command-interpreter.o [2]
checkAllTimers          0x000047e1    0x94  Code  Lc  rtcdriver.o [5]
checkAndUpdateFrameCounter
                        0x0000a313    0x8e  Code  Lc  security-common.o [23]
checkAndUpdatePeerFrameCounter
                        0x0000a261    0xb2  Code  Lc  security-common.o [23]
checkForSimEe2DataExistence
                        0x00000665    0x5a  Code  Gb  sim-eeprom-internal.o [22]
check_fs                0x0000235f    0x64  Code  Lc  ff.o [1]
childTable              0x200068c4   0x140  Data  Lc  ember-configuration.o [13]
chk_mounted             0x000023c3   0x25a  Code  Lc  ff.o [1]
clust2sect              0x00001cc5    0x16  Code  Gb  ff.o [1]
cmuStatus               0x20006d74     0x4  Data  Lc  em_emu.o [5]
com3RxBufferQueue       0x200063d8    0x80  Data  Lc  com.o [5]
com3RxFifoQueue         0x20006af8    0x48  Data  Lc  com.o [5]
com3TxBufferQueue       0x20006458    0x80  Data  Lc  com.o [5]
com3TxFifoQueue         0x20006b40    0x88  Data  Lc  com.o [5]
comRxBufferQueues       0x20006508    0x10  Data  Gb  com.o [5]
comRxQueueSize          0x00003a28     0x8  Data  Gb  com.o [5]
comRxQueues             0x200064f8    0x10  Data  Gb  com.o [5]
comTxBufferQueues       0x20006518    0x10  Data  Gb  com.o [5]
comTxQueueSize          0x00003a20     0x8  Data  Gb  com.o [5]
comTxQueues             0x200064e8    0x10  Data  Gb  com.o [5]
comhandle               0x200064d8    0x10  Data  Gb  com.o [5]
comhandledata           0x20006ca0    0x40  Data  Lc  com.o [5]
commandState            0x20006e04    0x78  Data  Lc  command-interpreter.o [2]
compressPointer         0x00006815    0x12  Code  Lc  buffer-management.o [23]
computeMic              0x0000c45b    0x8e  Code  Lc  security-xxtea.o [25]
convertKey              0x0000d8bb    0x2a  Code  Lc  xxtea.o [25]
copyTokensToOtherPage   0x00000a59   0x1d0  Code  Lc  sim-eeprom-internal.o [22]
coreKey                 0x20007ecc    0x10  Data  Lc  aes.o [17]
countIncremarks         0x00000e3b    0x3a  Code  Lc  sim-eeprom-internal.o [22]
counters                0x20007cb4    0x48  Data  Lc  counters.o [24]
create_chain            0x00001ee7    0x8e  Code  Lc  ff.o [1]
create_name             0x00002131   0x166  Code  Lc  ff.o [1]
csmaKickstart           0x0000951f    0x16  Code  Lc  lower-mac-pro2.o [20]
cstackMemory            0x20005888   0x960  Data  Gb  cstartup-common.o [5]
currentIncomingFrame    0x20007d38     0x2  Data  Lc  lower-mac-pro2.o [20]
currentOutgoingPacketTag
                        0x20007afc     0x1  Data  Lc  upper-mac.o [23]
currentUser             0x200065d8     0x4  Data  Lc  buffer-management.o [23]
dir_next                0x00001fe7    0xdc  Code  Lc  ff.o [1]
dir_register            0x000020d5    0x56  Code  Lc  ff.o [1]
dir_sdi                 0x00001f75    0x72  Code  Lc  ff.o [1]
disk_initialize         0x0000414d    0x26  Code  Gb  diskio.o [1]
disk_ioctl              0x00004265   0x156  Code  Gb  diskio.o [1]
disk_read               0x0000417f    0x60  Code  Gb  diskio.o [1]
disk_status             0x00004173     0xc  Code  Gb  diskio.o [1]
disk_write              0x000041e9    0x74  Code  Gb  diskio.o [1]
dmaCallBack             0x20006cf4    0x30  Data  Lc  dmadrv.o [5]
dmaControlBlock         0x20006600   0x200  Data  Gb  dmactrl.o [5]
dma_IEN                 0x20006ce0     0x4  Data  Gb  com.o [5]
dutyCycleLimits         0x0000df54     0x4  Data  Lc  phy-config-connect.o [9]
edCcaThreshold          0x200065cb     0x1  Data  Lc  phy.o [20]
emActiveTaskCount       0x20007eeb     0x1  Data  Lc  event-control.o [23]
emAddAuxiliaryMacHeader
                        0x0000a1b7    0x22  Code  Gb  security-common.o [23]
emAesEncrypt            0x0000dac9    0x20  Code  Gb  aes.o [17]
emAesSecurityLibraryStatus
                        0x0000e71b     0x1  Data  Gb  security-aes.o [15]
emAppEvents             0x0000e6fc    0x10  Data  Gb  connect-events.o [1]
emAppTask               0x20007ee4     0x1  Data  Gb  main.o [8]
emAssociationEvent      0x20007c2c     0x8  Data  Gb  association.o [16]
emAssociationEventHandler
                        0x000095ff    0xae  Code  Gb  association.o [16]
emAssociationInProgress
                        0x00009bfd     0xc  Code  Gb  association.o [16]
emAssociationResponsePending
                        0x00009be9    0x14  Code  Gb  association.o [16]
emBeaconEvent           0x20007bfc     0x8  Data  Gb  association.o [16]
emBeaconEventHandler    0x00009949    0xb2  Code  Gb  association.o [16]
emBufferBytesRemaining  0x000067d1    0x22  Code  Gb  buffer-management.o [23]
emBufferSystemTick      0x0000902d     0x8  Code  Gb  buffers-bookkeeping.o [23]
emChildTable            0x200063c0     0x4  Data  Gb  ember-configuration.o [13]
emChildTableAddOrUpdateEntry
                        0x0000a501    0xb0  Code  Gb  child-table.o [19]
emChildTableBuildShortIdList
                        0x0000a619    0x5c  Code  Gb  child-table.o [19]
emChildTableCheckAndUpdateFrameCounter
                        0x0000a77f    0x26  Code  Gb  child-table.o [19]
emChildTableDataPending
                        0x0000a5f7    0x22  Code  Gb  child-table.o [19]
emChildTableEntryChangedHandler
                        0x0000760d    0x48  Code  Gb  coordinator-support.o [19]
emChildTableGetUnusedEntryIndex
                        0x0000a4d7    0x2a  Code  Gb  child-table.o [19]
emChildTableInit        0x0000a4a7    0x30  Code  Gb  child-table.o [19]
emChildTableLookUp      0x0000a5b1    0x46  Code  Gb  child-table.o [19]
emChildTableNotifyActivity
                        0x0000a6dd    0x9c  Code  Gb  child-table.o [19]
emChildTableSetSecurityTxOptions
                        0x0000a675    0x60  Code  Gb  child-table.o [19]
emCoordinatorCheckOrAllocateShortId
                        0x00007543    0x34  Code  Gb  coordinator-support.o [19]
emCoordinatorGetNextHop
                        0x00007591    0x7c  Code  Gb  coordinator-support.o [19]
emCoordinatorInit       0x00007511    0x1a  Code  Gb  coordinator-support.o [19]
emCoordinatorResetLastAssignedId
                        0x00007577     0xa  Code  Gb  coordinator-support.o [19]
emCounterHandler        0x00008ff9    0x22  Code  Gb  counters.o [24]
emCountersInit          0x00008ff1     0x8  Code  Gb  counters.o [24]
emCurrentRssi           0x20007d2c     0x1  Data  Gb  lower-mac-pro2.o [20]
emDecryptAndAuthenticatePacket
                        0x0000a1ff    0x36  Code  Gb  security-common.o [23]
emDecryptAndAuthenticatePacketAes
                        0x0000c559    0x5a  Code  Gb  security-aes.o [15]
emDecryptAndAuthenticatePacketXxtea
                        0x0000c393    0x82  Code  Gb  security-xxtea.o [25]
emEncryptAndSignPacket  0x0000a1d9    0x26  Code  Gb  security-common.o [23]
emEncryptAndSignPacketAes
                        0x0000c4fd    0x5c  Code  Gb  security-aes.o [15]
emEncryptAndSignPacketXxtea
                        0x0000c307    0x8c  Code  Gb  security-xxtea.o [25]
emEnergyScanInProgress  0x0000aeed    0x10  Code  Gb  scan.o [16]
emEventControlSetActive
                        0x00005cd5    0x16  Code  Gb  event-control.o [23]
emEventControlSetDelayMS
                        0x00005ceb    0x1a  Code  Gb  event-control.o [23]
emGenericQueueAdd       0x0000b11d    0x32  Code  Gb  buffer-queue.o [23]
emGenericQueueRemove    0x0000b195    0x64  Code  Gb  buffer-queue.o [23]
emGenericQueueRemoveHead
                        0x0000b157    0x3e  Code  Gb  buffer-queue.o [23]
emGetBufferLength       0x00006d3b    0x2c  Code  Gb  buffer-management.o [23]
emGetBufferLink         0x00006d67    0x20  Code  Gb  buffer-management.o [23]
emGetBufferPointer      0x00006d0f    0x2c  Code  Gb  buffer-management.o [23]
emGetNextOutgoingFrameCounter
                        0x0000a19d    0x1a  Code  Gb  security-common.o [23]
emGetPhyRadioChannel    0x00008329     0xa  Code  Gb  phy.o [20]
emGetPhyRadioPower      0x00008333     0xa  Code  Gb  phy.o [20]
emGetSecurityKey        0x0000a18d    0x10  Code  Gb  security-common.o [23]
emGetSecurityPaddingLength
                        0x0000a235     0xc  Code  Gb  security-common.o [23]
emGetSecurityPaddingLengthAes
                        0x0000c5e5     0x4  Code  Gb  security-aes.o [15]
emGetSecurityPaddingLengthXxtea
                        0x0000c2f1    0x16  Code  Gb  security-xxtea.o [25]
emHeapBase              0x20007d10     0x4  Data  Lc  buffer-management.o [23]
emHeapLimit             0x20007d14     0x4  Data  Lc  buffer-management.o [23]
emIncomingAssociationRequestHandler
                        0x00009a7f    0x2a  Code  Gb  association.o [16]
emIncomingAssociationResponseHandler
                        0x00009bc7    0x22  Code  Gb  association.o [16]
emIncomingExtendedAssociationRequestHandler
                        0x00009aa9    0x38  Code  Gb  association.o [16]
emIncomingMacBeaconHandler
                        0x00009857    0xea  Code  Gb  association.o [16]
emIncomingMacBeaconRequestHandler
                        0x00009a07    0x44  Code  Gb  association.o [16]
emIncomingMacCommandHandler
                        0x0000ab55    0xba  Code  Gb  command.o [23]
emIncomingMacLongSourceDataRequestHandler
                        0x00009aeb    0xae  Code  Gb  association.o [16]
emIncomingMacShortSourceDataRequestHandler
                        0x00007171    0x66  Code  Gb  indirect-queue.o [19]
emIncomingNwkCommandHandler
                        0x0000b201    0xca  Code  Gb  network-command.o [23]
emIndirectPacketQueue   0x200063c8     0x4  Data  Gb  ember-configuration.o [13]
emIndirectQueueAddPacket
                        0x000071d7    0x7e  Code  Gb  indirect-queue.o [19]
emIndirectQueueEvent    0x20007cfc     0x8  Data  Gb  indirect-queue.o [19]
emIndirectQueueEventHandler
                        0x000070f1    0x80  Code  Gb  indirect-queue.o [19]
emIndirectQueueInit     0x000070cd    0x24  Code  Gb  indirect-queue.o [19]
emIndirectQueueIsEmpty  0x000072b1    0x18  Code  Gb  indirect-queue.o [19]
emIndirectQueueTimeouts
                        0x200063cc     0x4  Data  Gb  ember-configuration.o [13]
emInitEui64             0x0000b829    0x18  Code  Gb  eui64.o [23]
emInitializeBuffers     0x000067a1    0x30  Code  Gb  buffer-management.o [23]
emLoadKeyIntoCore       0x0000dabd     0xa  Code  Gb  aes.o [17]
emLocalEui64            0x20007de0     0x8  Data  Gb  eui64.o [23]
emLocalNodeId           0x200065ea     0x2  Data  Gb  stack.o [23]
emLocalNodeSupportsSecurity
                        0x0000a16b    0x22  Code  Gb  security-common.o [23]
emLocalPanId            0x200065ec     0x2  Data  Gb  stack.o [23]
emLowerMacEvent         0x20007d30     0x8  Data  Gb  lower-mac-pro2.o [20]
emLowerMacEventHandler  0x0000906d    0xe6  Code  Gb  lower-mac-pro2.o [20]
emLowerMacTick          0x00009153   0x2e6  Code  Gb  lower-mac-pro2.o [20]
emLowerMacTimerIsr      0x000094e7     0x6  Code  Gb  lower-mac-pro2.o [20]
emMacAssociationRequestSentHandler
                        0x00009ba5    0x20  Code  Gb  association.o [16]
emMacCommandSentHandler
                        0x0000ac27    0x2e  Code  Gb  command.o [23]
emMacExtendedAssociationRequestSentHandler
                        0x00009bc5     0x2  Code  Gb  association.o [16]
emMacGet32bitField      0x0000adc1    0x16  Code  Gb  packet-header.o [23]
emMacGetRadioIdleMode   0x0000651d     0x6  Code  Gb  upper-mac.o [23]
emMacIncomingPending    0x000094ed    0x1a  Code  Gb  lower-mac-pro2.o [20]
emMacInit               0x000061d1    0x16  Code  Gb  upper-mac.o [23]
emMacKickstart          0x0000642f    0xce  Code  Gb  upper-mac.o [23]
emMacMaxRetries         0x200065b8     0x1  Data  Gb  upper-mac.o [23]
emMacOutgoingBeaconSequenceNumber
                        0x20007eef     0x1  Data  Gb  upper-mac.o [23]
emMacOutgoingDequeue    0x00007035    0x68  Code  Gb  mac-queue.o [18]
emMacOutgoingQueue      0x200063c4     0x4  Data  Gb  ember-configuration.o [13]
emMacOutgoingQueueIsEmpty
                        0x0000709d    0x22  Code  Gb  mac-queue.o [18]
emMacOutgoingQueueSubmit
                        0x00006f39    0xd8  Code  Gb  mac-queue.o [18]
emMacOutgoingSequenceNumber
                        0x20007eee     0x1  Data  Gb  upper-mac.o [23]
emMacPacketSendCompleteCallback
                        0x00006287    0xc0  Code  Gb  upper-mac.o [23]
emMacPrepareTransmitBuffer
                        0x000063c5    0x62  Code  Gb  upper-mac.o [23]
emMacPurgeIncoming      0x00009507    0x12  Code  Gb  lower-mac-pro2.o [20]
emMacQueueInit          0x00006f19    0x20  Code  Gb  mac-queue.o [18]
emMacQueueLibraryStatus
                        0x0000e719     0x1  Data  Gb  mac-queue.o [18]
emMacReceiveCallback    0x000061f1    0x96  Code  Gb  upper-mac.o [23]
emMacSend               0x00009055    0x18  Code  Gb  lower-mac-pro2.o [20]
emMacSetRadioIdleMode   0x00006503    0x1a  Code  Gb  upper-mac.o [23]
emMacState              0x20007d28     0x1  Data  Gb  lower-mac-pro2.o [20]
emMacSubmit             0x00006363    0x62  Code  Gb  upper-mac.o [23]
emMakeMacPacketHeader   0x0000ac59    0xbe  Code  Gb  packet-header.o [23]
emMakeNwkPacketHeader   0x0000ad17    0x1a  Code  Gb  packet-header.o [23]
emMakePhyPacketHeader   0x0000ac55     0x4  Code  Gb  packet-header.o [23]
emMallocFreeList        0x20007d08     0x2  Data  Gb  buffer-management.o [23]
emMarkBuffer            0x000068f1    0x76  Code  Gb  buffer-management.o [23]
emMarkCoordinatorBuffers
                        0x0000752b    0x18  Code  Gb  coordinator-support.o [19]
emMarkIndirectQueueBuffers
                        0x000072c9    0x24  Code  Gb  indirect-queue.o [19]
emMarkLowerMacBuffers   0x00009519     0x6  Code  Gb  lower-mac-pro2.o [20]
emMarkMacQueueBuffers   0x00007011    0x24  Code  Gb  mac-queue.o [18]
emMarkScanBuffers       0x0000aedf     0x6  Code  Gb  scan.o [16]
emMarkSecurityBuffers   0x0000a3a9     0x6  Code  Gb  security-common.o [23]
emMarkTaskActive        0x00005e97     0xe  Code  Gb  event-control.o [23]
emMfglibMode            0x20007b24     0x1  Data  Gb  phy.o [20]
emMfglibTransmitComplete
                        0x20007b25     0x1  Data  Gb  phy.o [20]
emNetworkIncomingMessageHandler
                        0x0000a8e9   0x1c8  Code  Gb  network.o [23]
emNetworkMessageSentHandler
                        0x0000a7d1   0x110  Code  Gb  network.o [23]
emNetworkState          0x20007eec     0x1  Data  Gb  stack.o [23]
emNetworkSubmit         0x0000aaef    0x58  Code  Gb  network.o [23]
emNodeType              0x20007ee0     0x1  Data  Gb  stack.o [23]
emNotifyMacIsIdle       0x000064fd     0x6  Code  Gb  upper-mac.o [23]
emNwkCommandSentHandler
                        0x0000b2d3     0x8  Code  Gb  network-command.o [23]
emNwkIncomingRangeExtenderUpdateHandler
                        0x00007655    0x44  Code  Gb  coordinator-support.o [19]
emNwkIncomingRangeExtenderUpdateRequestHandler
                        0x00009e43    0x2c  Code  Gb  parent-support.o [19]
emNwkIncomingShortAddressRequestHandler
                        0x000076a1    0x86  Code  Gb  coordinator-support.o [19]
emNwkIncomingShortAddressResponseHandler
                        0x00009ebf    0x28  Code  Gb  parent-support.o [19]
emNwkSendRangeExtenderUpdate
                        0x0000b387    0x1a  Code  Gb  network-command.o [23]
emNwkSendShortAddressRequest
                        0x0000b33d    0x30  Code  Gb  network-command.o [23]
emNwkSendShortAddressResponse
                        0x0000b36d    0x1a  Code  Gb  network-command.o [23]
emPacketHeaderFieldOffset
                        0x0000ad31    0x8c  Code  Gb  packet-header.o [23]
emPacketReceivedInternalIsrCallback
                        0x00009493    0x54  Code  Gb  lower-mac-pro2.o [20]
emParentEvent           0x20007dc0     0x8  Data  Gb  parent-support.o [19]
emParentEventHandler    0x00009e0d    0x36  Code  Gb  parent-support.o [19]
emParentGetNewChildId   0x00009e79     0x6  Code  Gb  parent-support.o [19]
emParentId              0x20007ee2     0x2  Data  Gb  stack.o [23]
emParentInitiateShortAddressRequest
                        0x00009e7f    0x40  Code  Gb  parent-support.o [19]
emParentSubmit          0x00009cd5   0x138  Code  Gb  parent-support.o [19]
emParentSupportLibraryStatus
                        0x0000e71a     0x1  Data  Gb  parent-support.o [19]
emPendingOutgoingPacket
                        0x20007d40    0x80  Data  Gb  lower-mac-pro2.o [20]
emPermitJoin            0x20007bf0     0x1  Data  Gb  association.o [16]
emPermitJoiningEvent    0x20007bf4     0x8  Data  Gb  association.o [16]
emPermitJoiningEventHandler
                        0x000096ad     0x4  Code  Gb  association.o [16]
emPhyBandConfig         0x0000df94    0x28  Data  Gb  phy-config-connect.o [9]
emPhyBands              0x0000dfbc     0x4  Data  Lc  phy-config-connect.o [9]
emPhyCcaCsmaConfigArray
                        0x0000e70c     0x1  Data  Gb  phy.o [20]
emPhyCfg                0x0000dfc0    0x10  Data  Lc  phy-config-connect.o [9]
emPhyConfigMHz          0x0000dfd0     0x4  Data  Gb  phy-config-connect.o [9]
emPhyCurrentBandConfig  0x20007b3c     0x4  Data  Gb  phy.o [20]
emPhySetCoordinator     0x0000834b     0x2  Code  Gb  phy.o [20]
emPhyTick               0x000082f1    0x38  Code  Gb  phy.o [20]
emPhyToMacQueueAdd      0x00006e9f    0x1e  Code  Gb  buffer-management.o [23]
emPhyToMacQueueIsEmpty  0x00006ed9     0x6  Code  Gb  buffer-management.o [23]
emPhyToMacQueueRemoveHead
                        0x00006ebd    0x1c  Code  Gb  buffer-management.o [23]
emPhyTxPAs              0x0000df88     0xc  Data  Lc  phy-config-connect.o [9]
emPhyTxPaLevels         0x0000df58    0x30  Data  Lc  phy-config-connect.o [9]
emPointsIntoHeap        0x000067f3    0x16  Code  Gb  buffer-management.o [23]
emPrintfInternal        0x00003a5b   0x172  Code  Gb  ember-printf.o [11]
emPurgeIndirectQueue    0x00007255    0x2a  Code  Gb  indirect-queue.o [19]
emRadioCcaThreshold     0x200065f1     0x1  Data  Gb  ember-configuration.o [13]
emRadioChannel          0x200065cc     0x2  Data  Lc  phy.o [20]
emRadioEnablePacketTrace
                        0x00008477    0xb4  Code  Gb  phy.o [20]
emRadioEnableReceiveCrc
                        0x0000852b    0x32  Code  Gb  phy.o [20]
emRadioEnergyDetection  0x0000855d    0x48  Code  Gb  phy.o [20]
emRadioGetCca           0x000085ad    0xae  Code  Gb  phy.o [20]
emRadioGetIdleMode      0x00008669     0x8  Code  Gb  phy.o [20]
emRadioGetPowerStatus   0x00008671     0x8  Code  Gb  phy.o [20]
emRadioInit             0x000088e3    0x60  Code  Gb  phy.o [20]
emRadioOkToIdle         0x00008679    0x10  Code  Gb  phy.o [20]
emRadioPacketTraceEnabled
                        0x00008689    0x14  Code  Gb  phy.o [20]
emRadioPower            0x200065bd     0x1  Data  Lc  phy.o [20]
emRadioRequestedPower   0x200065be     0x1  Data  Lc  phy.o [20]
emRadioSetEdCcaThreshold
                        0x000086a1    0x2a  Code  Gb  phy.o [20]
emRadioSetIdleMode      0x000086cb    0x2c  Code  Gb  phy.o [20]
emRadioSetNodeId        0x000086f7     0x2  Code  Gb  phy.o [20]
emRadioSetPanId         0x000086f9     0x2  Code  Gb  phy.o [20]
emRadioSfdRecvIsrCallback
                        0x000086fb     0x2  Code  Wk  phy.o [20]
emRadioSleep            0x000086fd    0x5c  Code  Gb  phy.o [20]
emRadioTransmit         0x00008759   0x10a  Code  Gb  phy.o [20]
emRadioTransmitCompleteCallback
                        0x0000947b    0x18  Code  Gb  lower-mac-pro2.o [20]
emRadioTransmitInProgress
                        0x20007b22     0x1  Data  Lc  phy.o [20]
emRadioTxPowerMode      0x20007b2a     0x2  Data  Lc  phy.o [20]
emReallyAllocateBuffer  0x00006dd1    0xa6  Code  Gb  buffer-management.o [23]
emReallyFillBuffer      0x00006e77    0x28  Code  Gb  buffer-management.o [23]
emReclaimUnusedBuffers  0x00006967    0x16  Code  Gb  buffer-management.o [23]
emReclaimUnusedBuffersAndAmalgamate
                        0x000069d9   0x326  Code  Gb  buffer-management.o [23]
emScanCompleteHandler   0x000096b1   0x186  Code  Gb  association.o [16]
emScanEvent             0x20007dcc     0x8  Data  Gb  scan.o [16]
[...]
halResetInfo            0x20000000    0x9c  Data  Gb  cstartup-common.o [5]
halSimEepromCallback    0x00001255     0x2  Code  Gb  connect-callbacks.o [1]
halSimEepromErasePage   0x00000f21    0x72  Code  Gb  sim-eeprom-internal.o [22]
halSleep                0x000066c5     0x2  Code  Gb  sleep-efm32.o [5]
halSleepForMilliseconds
                        0x00005f71     0x8  Code  Gb  system-timer.o [17]
halStackInitTokens      0x000066d9    0x42  Code  Gb  token.o [5]
halStackModifyCStackSize
                        0x000015f1    0x98  Code  Gb  micro-internal.o [17]
halStackOrderInt16uSymbolDelayA
                        0x0000b873    0x7a  Code  Gb  symbol-timer.o [5]
halStackRadioPowerDownBoard
                        0x0000b791     0x4  Code  Gb  micro.o [5]
halStackRadioPowerUpBoard
                        0x0000b795     0x4  Code  Gb  micro.o [5]
halStackSymbolDelayAIsr
                        0x00006523    0x1a  Code  Gb  upper-mac.o [23]
halSvCallIsr            0x0000dc31          Code  Wk  isr-stubs.o [5]
halSystemXtalHz         0x0000e714     0x4  Data  Gb  micro-common-internal.o [17]
halUsageFaultIsr        0x0000dbb5          Code  Gb  faults.o [5]
headIndex               0x20007ef4     0x1  Data  Lc  mac-queue.o [18]
heapMemory              0x20000000   0xfa0  Data  Gb  ember-configuration.o [13]
heapPointer             0x20007d18     0x4  Data  Lc  buffer-management.o [23]
hexToInt                0x0000d089    0x1e  Code  Lc  command-interpreter.o [2]
inTimerIRQ              0x20006dc0     0x1  Data  Lc  rtcdriver.o [5]
indirectDequeue         0x0000733f    0x2c  Code  Lc  indirect-queue.o [19]
indirectPacketQueue     0x20006a54    0x50  Data  Lc  ember-configuration.o [13]
indirectQueueLookUp     0x00007301    0x3e  Code  Lc  indirect-queue.o [19]
indirectQueueSize       0x000072ed    0x14  Code  Lc  indirect-queue.o [19]
indirectQueueTimeouts   0x20006aa4    0x10  Data  Lc  ember-configuration.o [13]
initAndRunMainLoop      0x00009f11    0x4c  Code  Gb  main.o [8]
initRTC                 0x00004960     0x4  Data  Lc  rtcdriver.o [5]
initializeNonce         0x0000c653    0x5e  Code  Lc  security-aes.o [15]
initialized             0x20006cf0     0x1  Data  Lc  dmadrv.o [5]
intActiveBits           0x0000c194    0x9c  Data  Lc  diagnostic.o [4]
internalSleepForMilliseconds
                        0x00005f27    0x16  Code  Lc  system-timer.o [17]
isHeapPointer           0x00006809     0xc  Code  Lc  buffer-management.o [23]
isReadyProbeFunction    0x20007dec     0x4  Data  Lc  sipro2.o [20]
joinData                0x20007c14    0x14  Data  Lc  association.o [16]
joinFailed              0x00009c59    0x28  Code  Lc  association.o [16]
joinNetworkQuietly      0x00009c09    0x50  Code  Lc  association.o [16]
lastPollMs              0x20006af0     0x4  Data  Lc  poll.o [10]
lastStart               0x20006dc4     0x4  Data  Lc  rtcdriver.o [5]
lastTxSfdTime           0x20007b38     0x4  Data  Gb  phy.o [20]
lastTxStartedTimeMs     0x200065d0     0x4  Data  Lc  phy.o [20]
left                    0x20007edd     0x1  Data  Lc  sim-eeprom-internal.o [22]
lfClkGet                0x00002e1d    0x88  Code  Lc  em_cmu.o [5]
libraryInfo             0x0000adec    0x10  Data  Lc  ember-library.o [23]
longPollIntervalS       0x200065e4     0x2  Data  Lc  poll.o [10]
macOutgoingQueue        0x20006a04    0x50  Data  Lc  ember-configuration.o [13]
macRetries              0x20007d2b     0x1  Data  Lc  lower-mac-pro2.o [20]
macSendFrame            0x0000653d    0xa8  Code  Lc  upper-mac.o [23]
main                    0x00009f5d    0x82  Code  Gb  main.o [8]
mapChannelToBand        0x00007b77    0x4a  Code  Lc  phy.o [20]
mapMacPgChanToPhyChanBand
                        0x0000833d     0xe  Code  Lc  phy.o [20]
markers                 0x00009034    0x20  Data  Lc  buffers-bookkeeping.o [23]
mem_cpy                 0x00001b95    0x16  Code  Lc  ff.o [1]
mem_set                 0x00001bab     0xe  Code  Lc  ff.o [1]
minTicks                0x20006e00     0x4  Data  Lc  ustimer.o [5]
moveToNewLocation       0x0000697d    0x46  Code  Lc  buffer-management.o [23]
move_window             0x00001bb9    0x52  Code  Lc  ff.o [1]
mpuConfig               0x20006538    0x50  Data  Lc  mpu.o [5]
nameStrings             0x0000c230    0xc0  Data  Lc  diagnostic.o [4]
newShortId              0x200065ee     0x2  Data  Lc  parent-support.o [19]
nextBuffer              0x0000684b    0x26  Code  Lc  buffer-management.o [23]
noteUse                 0x00006871    0x80  Code  Lc  buffer-management.o [23]
nullEui                 0x0000b0d0     0x8  Data  Lc  mfg-token.o [5]
numberBackoffs          0x20007d29     0x1  Data  Lc  lower-mac-pro2.o [20]
originalChannel         0x20007dc8     0x1  Data  Lc  scan.o [16]
originalPanId           0x20007dd4     0x2  Data  Lc  scan.o [16]
outgoingFrameCounter    0x20007ddc     0x4  Data  Lc  security-common.o [23]
peerFrameCountersList   0x20007dd8     0x2  Data  Lc  security-common.o [23]
pendingTasksBitmask     0x20007afd     0x1  Data  Lc  upper-mac.o [23]
phy2ChEvents            0x200065c8     0x1  Data  Lc  phy.o [20]
phy2Channel             0x200065ca     0x1  Data  Lc  phy.o [20]
phy2L1Events            0x200065c4     0x1  Data  Lc  phy.o [20]
phy2Listening           0x20007b20     0x1  Data  Lc  phy.o [20]
phy2MoEvents            0x200065c7     0x1  Data  Lc  phy.o [20]
phy2PhEvents            0x200065c6     0x1  Data  Lc  phy.o [20]
phy2PtiGpio             0x200065f6     0x1  Data  Gb  micro.o [5]
phy2PtiLog              0x200065ce     0x2  Data  Lc  phy.o [20]
phy2RxCrcEnabled        0x200065c2     0x1  Data  Lc  phy.o [20]
phy2SfdRecvNotificationEnabled
                        0x20007ef0     0x1  Data  Lc  phy.o [20]
phy2TxPA                0x20007b40     0x4  Data  Lc  phy.o [20]
phyToMacQueue           0x20007d06     0x2  Data  Lc  buffer-management.o [23]
powers10                0x00003bd4    0x24  Data  Lc  ember-printf.o [11]
previousCharacter       0x20007ee8     0x1  Data  Lc  command-interpreter.o [2]
printCommandUsage       0x0000d487    0x9e  Code  Lc  command-interpreter.o [2]
pro2ChEvents            0x200065c9     0x1  Data  Lc  phy.o [20]
pro2CleanupTxState      0x00007e5f    0x30  Code  Lc  phy.o [20]
pro2DieInfo             0x20007be4     0xc  Data  Lc  phy.o [20]
pro2ForceCalibration    0x20007b21     0x1  Data  Lc  phy.o [20]
pro2FuncInfo            0x20007b14     0xc  Data  Lc  phy.o [20]
pro2GetAckEvents        0x000078dd    0x32  Code  Lc  phy.o [20]
pro2GetFwRev            0x00007977    0x16  Code  Gb  phy.o [20]
pro2GetInfo             0x00007915    0x5a  Code  Lc  phy.o [20]
pro2GetOtpId            0x00007997     0x6  Code  Gb  phy.o [20]
pro2GetPartNum          0x0000798d     0xa  Code  Gb  phy.o [20]
pro2GpioCfgPowerUp      0x0000dfd8     0xc  Data  Gb  micro.o [5]
pro2GpioConfig          0x00007a55    0x4c  Code  Gb  phy.o [20]
pro2IdleRadio           0x00007b5f    0x16  Code  Lc  phy.o [20]
pro2Isr                 0x000080d3    0xa8  Code  Lc  phy.o [20]
pro2L1Events            0x200065c5     0x1  Data  Lc  phy.o [20]
pro2MoEvents            0x20007b27     0x1  Data  Lc  phy.o [20]
pro2OverridePaSelection
                        0x00007bc1   0x12c  Code  Lc  phy.o [20]
pro2PartInfo            0x20007b08     0xc  Data  Lc  phy.o [20]
pro2PhDisabled          0x20007ef2     0x1  Data  Lc  phy.o [20]
pro2PhEvents            0x20007b26     0x1  Data  Lc  phy.o [20]
pro2Poke                0x0000780d    0x26  Code  Gb  phy.o [20]
pro2PowerUp             0x00008185   0x15c  Code  Lc  phy.o [20]
pro2PoweredUp           0x20007b23     0x1  Data  Lc  phy.o [20]
pro2PtiGpio             0x20007b28     0x1  Data  Lc  phy.o [20]
pro2PtiLog              0x20007b30     0x2  Data  Lc  phy.o [20]
pro2RadioBootMode       0x200065bc     0x1  Data  Lc  phy.o [20]
pro2ReadOneProperty     0x00007839    0x26  Code  Gb  phy.o [20]
pro2ResetEvents         0x00007af3    0x28  Code  Lc  phy.o [20]
pro2RestartRadio        0x00007e8f    0x3e  Code  Lc  phy.o [20]
pro2RxRssi              0x20007ef1     0x1  Data  Lc  phy.o [20]
pro2RxTxFifoInfo        0x00007aa9    0x48  Code  Lc  phy.o [20]
pro2SetPhEnable         0x00007daf    0x38  Code  Lc  phy.o [20]
pro2SetRadioProperties  0x00007b1b    0x1e  Code  Lc  phy.o [20]
pro2SetRadioRamPatch    0x00007b39    0x1e  Code  Lc  phy.o [20]
pro2SpiClockMHz         0x0000dfd4     0x1  Data  Gb  micro.o [5]
pro2SpiPort             0x20006534     0x4  Data  Gb  micro.o [5]
pro2StartEd             0x00007de7    0x26  Code  Lc  phy.o [20]
pro2StartRx             0x00007e15    0x30  Code  Lc  phy.o [20]
pro2TxCrcEnabled        0x200065c3     0x1  Data  Lc  phy.o [20]
pro2TxPower             0x200065bf     0x1  Data  Lc  phy.o [20]
pro2UpdateEvents        0x000079a3    0xa8  Code  Lc  phy.o [20]
pro2WakeUp              0x0000886b    0x78  Code  Lc  phy.o [20]
pro2WriteNProperties    0x00007865    0x3c  Code  Lc  phy.o [20]
pro2WriteOneProperty    0x000078b1    0x22  Code  Gb  phy.o [20]
processPhEvents         0x0000801d    0xb6  Code  Lc  phy.o [20]
processRxComplete       0x00007ef1   0x12c  Code  Lc  phy.o [20]
ptrCache                0x20006ab4    0x30  Data  Gb  sim-eeprom.o [12]
ptrCacheLoc             0x00000605    0x22  Code  Lc  sim-eeprom-internal.o [22]
pumpRx                  0x00003661    0x3c  Code  Gb  com.o [5]
put_fat                 0x00001d95    0xe6  Code  Gb  ff.o [1]
radioConfigArray        0x0000ddf4   0x154  Data  Lc  phy-config-connect.o [9]
radioCurrentPowerStatus
                        0x200065c0     0x1  Data  Gb  phy.o [20]
radioIdleMode           0x200065f8     0x1  Data  Lc  upper-mac.o [23]
radioIdlePowerState     0x200065c1     0x1  Data  Lc  phy.o [20]
radioInternalConfigArray
                        0x00007d60    0x48  Data  Lc  phy.o [20]
radioRamPatchImage446xRom5Pro2
                        0x000089b4   0x204  Data  Lc  phy.o [20]
radioRamPatchImage446xRom6Pro2
                        0x00008bb8   0x40c  Data  Lc  phy.o [20]
radioTransmitConfig     0x200065b0     0x8  Data  Gb  upper-mac.o [23]
ramBufferRead           0x20007288   0x400  Data  Gb  connect-callbacks.o [1]
ramBufferWrite          0x20006e84   0x400  Data  Gb  connect-callbacks.o [1]
readCounterValue        0x00000e75    0x34  Code  Lc  sim-eeprom-internal.o [22]
readInt32u              0x0000d895    0x16  Code  Lc  xxtea.o [25]
readTokenData           0x00000583    0x42  Code  Lc  sim-eeprom-internal.o [22]
ready                   0x20007de8     0x1  Data  Lc  sipro2.o [20]
reloadUartBuffer        0x000036cf    0x4a  Code  Lc  com.o [5]
removeEntry             0x0000a413    0x46  Code  Lc  child-table.o [19]
removePacketFromIndirectQueue
                        0x0000736b    0xac  Code  Lc  indirect-queue.o [19]
remove_chain            0x00001e8b    0x56  Code  Lc  ff.o [1]
res                     0x20006e80     0x1  Data  Gb  connect-callbacks.o [1]
rescheduleRtc           0x0000489b    0x76  Code  Lc  rtcdriver.o [5]
resetCauseMasks         0x0000d814    0x80  Data  Lc  em_rmu.o [5]
resetForNextFrame       0x00007ecd    0x24  Code  Lc  phy.o [20]
restoreParams           0x0000af03    0x28  Code  Lc  scan.o [16]
routingTable            0x20007c34    0x80  Data  Lc  coordinator-support.o [19]
routingTableGetUnusedEntry
                        0x0000775d    0x18  Code  Lc  coordinator-support.o [19]
routingTableLookUp      0x00007727    0x36  Code  Lc  coordinator-support.o [19]
routingTableSetOrAugmentEndDeviceList
                        0x00007775    0x8e  Code  Lc  coordinator-support.o [19]
rtcRunning              0x20006dc1     0x1  Data  Lc  rtcdriver.o [5]
rtcdrvIsInitialized     0x20006dc2     0x1  Data  Lc  rtcdriver.o [5]
rtosIdleHandler         0x00005e15     0x4  Code  Wk  event-control.o [23]
rxBufLen                0x20007b2c     0x2  Data  Lc  phy.o [20]
rxBuffer                0x20007b44    0xa0  Data  Lc  phy.o [20]
savedAssertInfo         0x20006ce4     0x8  Data  Lc  cstartup-common.o [5]
savedResetCause         0x20006cec     0x2  Data  Lc  cstartup-common.o [5]
scanFlags               0x20007c28     0x1  Data  Lc  association.o [16]
scheduleNextPoll        0x00005c41    0x12  Code  Lc  poll.o [10]
seed0                   0x200065e6     0x2  Data  Gb  random.o [5]
seed1                   0x200065e8     0x2  Data  Gb  random.o [5]
sendNwkCommand          0x0000b2db    0x5e  Code  Lc  network-command.o [23]
setChannel              0x20007afe     0x1  Data  Lc  upper-mac.o [23]
shift                   0x0000a0dd    0x10  Code  Lc  random.o [5]
shortPollIntervalQS     0x200065e2     0x1  Data  Lc  poll.o [10]
shortPolling            0x20006ae4     0x1  Data  Lc  poll.o [10]
shutdownCallback        0x20007d3c     0x4  Data  Gb  lower-mac-pro2.o [20]
siPro2CmdRead           0x0000b467    0x1c  Code  Lc  sipro2.o [20]
siPro2GetFRR            0x0000b521    0x3e  Code  Gb  sipro2.o [20]
siPro2GetResponse       0x0000b61d    0x68  Code  Gb  sipro2.o [20]
siPro2Init              0x0000b48d    0x7a  Code  Gb  sipro2.o [20]
siPro2IntClearPend      0x0000b511    0x10  Code  Gb  sipro2.o [20]
siPro2IntDisable        0x0000b507     0x4  Code  Gb  sipro2.o [20]
siPro2IntEnable         0x0000b50b     0x6  Code  Gb  sipro2.o [20]
siPro2IsReady           0x0000b44d    0x1a  Code  Lc  sipro2.o [20]
siPro2PowerUp           0x0000b483     0xa  Code  Gb  sipro2.o [20]
siPro2ReadRxFifo        0x0000b55f     0x8  Code  Gb  sipro2.o [20]
siPro2SendCommand       0x0000b5d3    0x44  Code  Gb  sipro2.o [20]
siPro2SendCommandGetResponse
                        0x0000b6a1    0x2c  Code  Gb  sipro2.o [20]
siPro2WaitForReady      0x0000b58d    0x3e  Code  Gb  sipro2.o [20]
siPro2WriteTxFifo       0x0000b567    0x12  Code  Gb  sipro2.o [20]
simEe2offset            0x20007af0     0x4  Data  Gb  sim-eeprom-internal.o [22]
simEeErasePage          0x000005cd    0x16  Code  Lc  sim-eeprom-internal.o [22]
simEeSetDataActiveSemaphore
                        0x20007ee7     0x1  Data  Gb  token.o [5]
simulatedEepromStorage  0x0003e000  0x2000  Data  Gb  sim-eeprom.o [12]
sizeCache               0x0000ddc8     0x8  Data  Gb  sim-eeprom.o [12]
skipOverNotLive         0x000069c3    0x16  Code  Lc  buffer-management.o [23]
sleepBlockCnt           0x20006dd8     0x4  Data  Lc  sleep.o [5]
sleepCallback           0x20006ddc     0x4  Data  Lc  sleep.o [5]
sleepTimerInterruptOccurred
                        0x20007af4     0x1  Data  Gb  system-timer.o [17]
spiHandleData           0x20007e74    0x58  Data  Lc  sipro2.o [20]
spiXfer                 0x0000b3a1    0xac  Code  Lc  sipro2.o [20]
spidrvIsInitialized     0x20007ee5     0x1  Data  Lc  spidrv.o [5]
splitTrxBuf             0x20007df0    0x84  Data  Lc  sipro2.o [20]
stackBeaconPayload      0x00009cc4    0x10  Data  Lc  association.o [16]
startTimerNestingLevel  0x20006dc8     0x4  Data  Lc  rtcdriver.o [5]
stat                    0x200065f7     0x1  Data  Lc  diskio.o [1]
stringToUnsignedInt     0x0000d413    0x74  Code  Lc  command-interpreter.o [2]
switchBand              0x00007cf1    0x6e  Code  Lc  phy.o [20]
sync                    0x00001c19    0xa2  Code  Lc  ff.o [1]
syncReg                 0x00002ea5    0x12  Code  Lc  em_cmu.o [5]
systemTimerId           0x20007af8     0x4  Data  Gb  system-timer.o [17]
tailIndex               0x20007ef3     0x1  Data  Lc  indirect-queue.o [19]
tailIndex               0x20007ef5     0x1  Data  Lc  mac-queue.o [18]
timeElapsed             0x20006df8     0x1  Data  Lc  ustimer.o [5]
timeOut                 0x20007ae8     0x4  Data  Lc  microsd.o [1]
timer                   0x20006800    0xa0  Data  Lc  rtcdriver.o [5]
tokenArraySize          0x0000e128     0x8  Data  Gb  token-def.o [5]
tokenCreators           0x0000e108    0x10  Data  Gb  token-def.o [5]
tokenDefaults           0x0000e164    0x1c  Data  Gb  token-def.o [5]
tokenIsCnt              0x0000e118     0x8  Data  Gb  token-def.o [5]
tokenLength             0x0000d0a7     0xe  Code  Lc  command-interpreter.o [2]
tokenPointer            0x0000d0b5    0x10  Code  Lc  command-interpreter.o [2]
tokenSize               0x0000e120     0x8  Data  Gb  token-def.o [5]
tokensActive            0x20007ee6     0x1  Data  Gb  token.o [5]
tracePhase              0x20007d04     0x1  Data  Lc  buffer-management.o [23]
txBufPending            0x20007b34     0x4  Data  Lc  phy.o [20]
txCompleteStatusPending
                        0x200065fa     0x1  Data  Lc  lower-mac-pro2.o [20]
txCompleted             0x00009535    0x34  Code  Lc  lower-mac-pro2.o [20]
txPowerLimits           0x0000df48     0xc  Data  Lc  phy-config-connect.o [9]
uartdrvHandle           0x20006de8    0x10  Data  Lc  uartdrv.o [5]
uartdrvHandleIsInitialized
                        0x20006de4     0x1  Data  Lc  uartdrv.o [5]
uarthandle              0x20006528     0xc  Data  Gb  com.o [5]
uarthandledata          0x20006bc8    0xd8  Data  Lc  com.o [5]
uninitializedIsr        0x0000dbbd          Code  Gb  faults.o [5]
unloadTxBuffer          0x00003719    0x4c  Code  Lc  com.o [5]
updateBuffer            0x0000369d    0x32  Code  Gb  com.o [5]
updateIndirectQueueEvent
                        0x00007417    0x8c  Code  Lc  indirect-queue.o [19]
userData                0x20007d1c     0x4  Data  Lc  buffer-management.o [23]
userDataCount           0x20007d0a     0x2  Data  Lc  buffer-management.o [23]
validate                0x00002631    0x26  Code  Lc  ff.o [1]
wakeUpCallback          0x20006de0     0x4  Data  Lc  sleep.o [5]
wallClockOverflowCnt    0x20006dcc     0x4  Data  Lc  rtcdriver.o [5]
wallClockTimeBase       0x20006dd0     0x4  Data  Lc  rtcdriver.o [5]
write16                 0x000013a9    0x4e  Code  Gb  flash.o [17]
writeChildEntryToToken  0x0000a3d1    0x42  Code  Lc  child-table.o [19]
writeInt32u             0x0000d8ab    0x10  Code  Lc  xxtea.o [25]
writePageCounters       0x00000c33    0x74  Code  Lc  sim-eeprom-internal.o [22]
writePeerFrameCounterEntry
                        0x0000a241    0x20  Code  Lc  security-common.o [23]
writeTokenBlockData     0x00000531    0x52  Code  Lc  sim-eeprom-internal.o [22]
xfersPrMsec             0x20007aec     0x4  Data  Lc  microsd.o [1]
xxteaDecrypt            0x0000d9d5    0xd8  Code  Gb  xxtea.o [25]
xxteaEncrypt            0x0000d8e5    0xf0  Code  Gb  xxtea.o [25]


[1] = C:\Users\Alex\SimplicityStudio\v3_workspace\microSD\IAR ARM - Debug
[2] = C:\Users\Alex\SimplicityStudio\v3_workspace\microSD\IAR ARM - Debug\command-interpreter
[3] = C:\Users\Alex\SimplicityStudio\v3_workspace\microSD\IAR ARM - Debug\debug-print
[4] = C:\Users\Alex\SimplicityStudio\v3_workspace\microSD\IAR ARM - Debug\diagnostic\EZR32
[5] = C:\Users\Alex\SimplicityStudio\v3_workspace\microSD\IAR ARM - Debug\hal\hal-ezr32
[6] = C:\Users\Alex\SimplicityStudio\v3_workspace\microSD\IAR ARM - Debug\hal\hal-ezr32\EZR32_WG330
[7] = C:\Users\Alex\SimplicityStudio\v3_workspace\microSD\IAR ARM - Debug\idle-sleep
[8] = C:\Users\Alex\SimplicityStudio\v3_workspace\microSD\IAR ARM - Debug\main
[9] = C:\Users\Alex\SimplicityStudio\v3_workspace\microSD\IAR ARM - Debug\phy-ezradio
[10] = C:\Users\Alex\SimplicityStudio\v3_workspace\microSD\IAR ARM - Debug\poll
[11] = C:\Users\Alex\SimplicityStudio\v3_workspace\microSD\IAR ARM - Debug\serial
[12] = C:\Users\Alex\SimplicityStudio\v3_workspace\microSD\IAR ARM - Debug\sim-eeprom1
[13] = C:\Users\Alex\SimplicityStudio\v3_workspace\microSD\IAR ARM - Debug\stack\stack-common
[14] = command line
[15] = aes-security-library.a
[16] = form-and-join-library.a
[17] = hal-library.a
[18] = packet-queue-library.a
[19] = parent-support-library.a
[20] = phy-pro2-brd4502c-library.a
[21] = rt7M_tl.a
[22] = sim-eeprom1-library.a
[23] = stack-common-library.a
[24] = stack-counters-library.a
[25] = xxtea-security-library.a

  55 810 bytes of readonly  code memory
     468 bytes of readwrite code memory
   3 931 bytes of readonly  data memory
  21 589 bytes of readwrite data memory

Errors: none
Warnings: none
