18:53:28 **** Build of configuration GNU ARM v4.8.3 - Debug for project DKXXX_sd_card_G290 ****
make -j4 all 
Building file: ../src/main.c
Building file: C:/SiliconLabs/SimplicityStudio/v3/developer/sdks/efm32/v2/emlib/src/em_assert.c
Building file: C:/SiliconLabs/SimplicityStudio/v3/developer/sdks/efm32/v2/emlib/src/em_cmu.c
Building file: C:/SiliconLabs/SimplicityStudio/v3/developer/sdks/efm32/v2/emlib/src/em_ebi.c
Invoking: GNU ARM C Compiler
Invoking: GNU ARM C Compiler
arm-none-eabi-gcc -g -gdwarf-2 -mcpu=cortex-m3 -mthumb '-DEFM32G290F128=1' '-DDEBUG=1' -I"C:/SiliconLabs/SimplicityStudio/v3/developer/sdks/efm32/v2/an/an0030_efm32_fat_on_sd_card" -I"C:/SiliconLabs/SimplicityStudio/v3/developer/sdks/efm32/v2/CMSIS/Include" -I"C:/SiliconLabs/SimplicityStudio/v3/developer/sdks/efm32/v2/emlib/inc" -I"C:/SiliconLabs/SimplicityStudio/v3/developer/sdks/efm32/v2/kits/common/bsp" -I"C:/SiliconLabs/SimplicityStudio/v3/developer/sdks/efm32/v2/kits/common/drivers" -I"C:/SiliconLabs/SimplicityStudio/v3/developer/sdks/efm32/v2/Device/SiliconLabs/EFM32G/Include" -I"C:/SiliconLabs/SimplicityStudio/v3/developer/sdks/efm32/v2/reptile/fatfs/inc" -I"C:/SiliconLabs/SimplicityStudio/v3/developer/sdks/efm32/v2/kits/EFM32_Gxxx_DK/config" -O0 -Wall -c -fmessage-length=0 -mno-sched-prolog -fno-builtin -ffunction-sections -fdata-sections -std=c99 -MMD -MP -MF"emlib/em_assert.d" -MT"emlib/em_assert.o" -o "emlib/em_assert.o" "C:/SiliconLabs/SimplicityStudio/v3/developer/sdks/efm32/v2/emlib/src/em_assert.c"
Invoking: GNU ARM C Compiler
Invoking: GNU ARM C Compiler
arm-none-eabi-gcc -g -gdwarf-2 -mcpu=cortex-m3 -mthumb '-DEFM32G290F128=1' '-DDEBUG=1' -I"C:/SiliconLabs/SimplicityStudio/v3/developer/sdks/efm32/v2/an/an0030_efm32_fat_on_sd_card" -I"C:/SiliconLabs/SimplicityStudio/v3/developer/sdks/efm32/v2/CMSIS/Include" -I"C:/SiliconLabs/SimplicityStudio/v3/developer/sdks/efm32/v2/emlib/inc" -I"C:/SiliconLabs/SimplicityStudio/v3/developer/sdks/efm32/v2/kits/common/bsp" -I"C:/SiliconLabs/SimplicityStudio/v3/developer/sdks/efm32/v2/kits/common/drivers" -I"C:/SiliconLabs/SimplicityStudio/v3/developer/sdks/efm32/v2/Device/SiliconLabs/EFM32G/Include" -I"C:/SiliconLabs/SimplicityStudio/v3/developer/sdks/efm32/v2/reptile/fatfs/inc" -I"C:/SiliconLabs/SimplicityStudio/v3/developer/sdks/efm32/v2/kits/EFM32_Gxxx_DK/config" -O0 -Wall -c -fmessage-length=0 -mno-sched-prolog -fno-builtin -ffunction-sections -fdata-sections -std=c99 -MMD -MP -MF"src/main.d" -MT"src/main.o" -o "src/main.o" "../src/main.c"
arm-none-eabi-gcc -g -gdwarf-2 -mcpu=cortex-m3 -mthumb '-DEFM32G290F128=1' '-DDEBUG=1' -I"C:/SiliconLabs/SimplicityStudio/v3/developer/sdks/efm32/v2/an/an0030_efm32_fat_on_sd_card" -I"C:/SiliconLabs/SimplicityStudio/v3/developer/sdks/efm32/v2/CMSIS/Include" -I"C:/SiliconLabs/SimplicityStudio/v3/developer/sdks/efm32/v2/emlib/inc" -I"C:/SiliconLabs/SimplicityStudio/v3/developer/sdks/efm32/v2/kits/common/bsp" -I"C:/SiliconLabs/SimplicityStudio/v3/developer/sdks/efm32/v2/kits/common/drivers" -I"C:/SiliconLabs/SimplicityStudio/v3/developer/sdks/efm32/v2/Device/SiliconLabs/EFM32G/Include" -I"C:/SiliconLabs/SimplicityStudio/v3/developer/sdks/efm32/v2/reptile/fatfs/inc" -I"C:/SiliconLabs/SimplicityStudio/v3/developer/sdks/efm32/v2/kits/EFM32_Gxxx_DK/config" -O0 -Wall -c -fmessage-length=0 -mno-sched-prolog -fno-builtin -ffunction-sections -fdata-sections -std=c99 -MMD -MP -MF"emlib/em_cmu.d" -MT"emlib/em_cmu.o" -o "emlib/em_cmu.o" "C:/SiliconLabs/SimplicityStudio/v3/developer/sdks/efm32/v2/emlib/src/em_cmu.c"
arm-none-eabi-gcc -g -gdwarf-2 -mcpu=cortex-m3 -mthumb '-DEFM32G290F128=1' '-DDEBUG=1' -I"C:/SiliconLabs/SimplicityStudio/v3/developer/sdks/efm32/v2/an/an0030_efm32_fat_on_sd_card" -I"C:/SiliconLabs/SimplicityStudio/v3/developer/sdks/efm32/v2/CMSIS/Include" -I"C:/SiliconLabs/SimplicityStudio/v3/developer/sdks/efm32/v2/emlib/inc" -I"C:/SiliconLabs/SimplicityStudio/v3/developer/sdks/efm32/v2/kits/common/bsp" -I"C:/SiliconLabs/SimplicityStudio/v3/developer/sdks/efm32/v2/kits/common/drivers" -I"C:/SiliconLabs/SimplicityStudio/v3/developer/sdks/efm32/v2/Device/SiliconLabs/EFM32G/Include" -I"C:/SiliconLabs/SimplicityStudio/v3/developer/sdks/efm32/v2/reptile/fatfs/inc" -I"C:/SiliconLabs/SimplicityStudio/v3/developer/sdks/efm32/v2/kits/EFM32_Gxxx_DK/config" -O0 -Wall -c -fmessage-length=0 -mno-sched-prolog -fno-builtin -ffunction-sections -fdata-sections -std=c99 -MMD -MP -MF"emlib/em_ebi.d" -MT"emlib/em_ebi.o" -o "emlib/em_ebi.o" "C:/SiliconLabs/SimplicityStudio/v3/developer/sdks/efm32/v2/emlib/src/em_ebi.c"
Finished building: C:/SiliconLabs/SimplicityStudio/v3/developer/sdks/efm32/v2/emlib/src/em_assert.c
 
Building file: C:/SiliconLabs/SimplicityStudio/v3/developer/sdks/efm32/v2/emlib/src/em_emu.c
Invoking: GNU ARM C Compiler
arm-none-eabi-gcc -g -gdwarf-2 -mcpu=cortex-m3 -mthumb '-DEFM32G290F128=1' '-DDEBUG=1' -I"C:/SiliconLabs/SimplicityStudio/v3/developer/sdks/efm32/v2/an/an0030_efm32_fat_on_sd_card" -I"C:/SiliconLabs/SimplicityStudio/v3/developer/sdks/efm32/v2/CMSIS/Include" -I"C:/SiliconLabs/SimplicityStudio/v3/developer/sdks/efm32/v2/emlib/inc" -I"C:/SiliconLabs/SimplicityStudio/v3/developer/sdks/efm32/v2/kits/common/bsp" -I"C:/SiliconLabs/SimplicityStudio/v3/developer/sdks/efm32/v2/kits/common/drivers" -I"C:/SiliconLabs/SimplicityStudio/v3/developer/sdks/efm32/v2/Device/SiliconLabs/EFM32G/Include" -I"C:/SiliconLabs/SimplicityStudio/v3/developer/sdks/efm32/v2/reptile/fatfs/inc" -I"C:/SiliconLabs/SimplicityStudio/v3/developer/sdks/efm32/v2/kits/EFM32_Gxxx_DK/config" -O0 -Wall -c -fmessage-length=0 -mno-sched-prolog -fno-builtin -ffunction-sections -fdata-sections -std=c99 -MMD -MP -MF"emlib/em_emu.d" -MT"emlib/em_emu.o" -o "emlib/em_emu.o" "C:/SiliconLabs/SimplicityStudio/v3/developer/sdks/efm32/v2/emlib/src/em_emu.c"
Finished building: C:/SiliconLabs/SimplicityStudio/v3/developer/sdks/efm32/v2/emlib/src/em_ebi.c
 
Building file: C:/SiliconLabs/SimplicityStudio/v3/developer/sdks/efm32/v2/emlib/src/em_gpio.c
Invoking: GNU ARM C Compiler
arm-none-eabi-gcc -g -gdwarf-2 -mcpu=cortex-m3 -mthumb '-DEFM32G290F128=1' '-DDEBUG=1' -I"C:/SiliconLabs/SimplicityStudio/v3/developer/sdks/efm32/v2/an/an0030_efm32_fat_on_sd_card" -I"C:/SiliconLabs/SimplicityStudio/v3/developer/sdks/efm32/v2/CMSIS/Include" -I"C:/SiliconLabs/SimplicityStudio/v3/developer/sdks/efm32/v2/emlib/inc" -I"C:/SiliconLabs/SimplicityStudio/v3/developer/sdks/efm32/v2/kits/common/bsp" -I"C:/SiliconLabs/SimplicityStudio/v3/developer/sdks/efm32/v2/kits/common/drivers" -I"C:/SiliconLabs/SimplicityStudio/v3/developer/sdks/efm32/v2/Device/SiliconLabs/EFM32G/Include" -I"C:/SiliconLabs/SimplicityStudio/v3/developer/sdks/efm32/v2/reptile/fatfs/inc" -I"C:/SiliconLabs/SimplicityStudio/v3/developer/sdks/efm32/v2/kits/EFM32_Gxxx_DK/config" -O0 -Wall -c -fmessage-length=0 -mno-sched-prolog -fno-builtin -ffunction-sections -fdata-sections -std=c99 -MMD -MP -MF"emlib/em_gpio.d" -MT"emlib/em_gpio.o" -o "emlib/em_gpio.o" "C:/SiliconLabs/SimplicityStudio/v3/developer/sdks/efm32/v2/emlib/src/em_gpio.c"
Finished building: C:/SiliconLabs/SimplicityStudio/v3/developer/sdks/efm32/v2/emlib/src/em_emu.c
 
Building file: C:/SiliconLabs/SimplicityStudio/v3/developer/sdks/efm32/v2/emlib/src/em_prs.c
Finished building: C:/SiliconLabs/SimplicityStudio/v3/developer/sdks/efm32/v2/emlib/src/em_cmu.c
Invoking: GNU ARM C Compiler
arm-none-eabi-gcc -g -gdwarf-2 -mcpu=cortex-m3 -mthumb '-DEFM32G290F128=1' '-DDEBUG=1' -I"C:/SiliconLabs/SimplicityStudio/v3/developer/sdks/efm32/v2/an/an0030_efm32_fat_on_sd_card" -I"C:/SiliconLabs/SimplicityStudio/v3/developer/sdks/efm32/v2/CMSIS/Include" -I"C:/SiliconLabs/SimplicityStudio/v3/developer/sdks/efm32/v2/emlib/inc" -I"C:/SiliconLabs/SimplicityStudio/v3/developer/sdks/efm32/v2/kits/common/bsp" -I"C:/SiliconLabs/SimplicityStudio/v3/developer/sdks/efm32/v2/kits/common/drivers" -I"C:/SiliconLabs/SimplicityStudio/v3/developer/sdks/efm32/v2/Device/SiliconLabs/EFM32G/Include" -I"C:/SiliconLabs/SimplicityStudio/v3/developer/sdks/efm32/v2/reptile/fatfs/inc" -I"C:/SiliconLabs/SimplicityStudio/v3/developer/sdks/efm32/v2/kits/EFM32_Gxxx_DK/config" -O0 -Wall -c -fmessage-length=0 -mno-sched-prolog -fno-builtin -ffunction-sections -fdata-sections -std=c99 -MMD -MP -MF"emlib/em_prs.d" -MT"emlib/em_prs.o" -o "emlib/em_prs.o" "C:/SiliconLabs/SimplicityStudio/v3/developer/sdks/efm32/v2/emlib/src/em_prs.c"
 
Building file: C:/SiliconLabs/SimplicityStudio/v3/developer/sdks/efm32/v2/emlib/src/em_system.c
Invoking: GNU ARM C Compiler
arm-none-eabi-gcc -g -gdwarf-2 -mcpu=cortex-m3 -mthumb '-DEFM32G290F128=1' '-DDEBUG=1' -I"C:/SiliconLabs/SimplicityStudio/v3/developer/sdks/efm32/v2/an/an0030_efm32_fat_on_sd_card" -I"C:/SiliconLabs/SimplicityStudio/v3/developer/sdks/efm32/v2/CMSIS/Include" -I"C:/SiliconLabs/SimplicityStudio/v3/developer/sdks/efm32/v2/emlib/inc" -I"C:/SiliconLabs/SimplicityStudio/v3/developer/sdks/efm32/v2/kits/common/bsp" -I"C:/SiliconLabs/SimplicityStudio/v3/developer/sdks/efm32/v2/kits/common/drivers" -I"C:/SiliconLabs/SimplicityStudio/v3/developer/sdks/efm32/v2/Device/SiliconLabs/EFM32G/Include" -I"C:/SiliconLabs/SimplicityStudio/v3/developer/sdks/efm32/v2/reptile/fatfs/inc" -I"C:/SiliconLabs/SimplicityStudio/v3/developer/sdks/efm32/v2/kits/EFM32_Gxxx_DK/config" -O0 -Wall -c -fmessage-length=0 -mno-sched-prolog -fno-builtin -ffunction-sections -fdata-sections -std=c99 -MMD -MP -MF"emlib/em_system.d" -MT"emlib/em_system.o" -o "emlib/em_system.o" "C:/SiliconLabs/SimplicityStudio/v3/developer/sdks/efm32/v2/emlib/src/em_system.c"
Finished building: ../src/main.c
Finished building: C:/SiliconLabs/SimplicityStudio/v3/developer/sdks/efm32/v2/emlib/src/em_gpio.c
 
 
Building file: C:/SiliconLabs/SimplicityStudio/v3/developer/sdks/efm32/v2/emlib/src/em_timer.c
Building file: C:/SiliconLabs/SimplicityStudio/v3/developer/sdks/efm32/v2/emlib/src/em_usart.c
Invoking: GNU ARM C Compiler
arm-none-eabi-gcc -g -gdwarf-2 -mcpu=cortex-m3 -mthumb '-DEFM32G290F128=1' '-DDEBUG=1' -I"C:/SiliconLabs/SimplicityStudio/v3/developer/sdks/efm32/v2/an/an0030_efm32_fat_on_sd_card" -I"C:/SiliconLabs/SimplicityStudio/v3/developer/sdks/efm32/v2/CMSIS/Include" -I"C:/SiliconLabs/SimplicityStudio/v3/developer/sdks/efm32/v2/emlib/inc" -I"C:/SiliconLabs/SimplicityStudio/v3/developer/sdks/efm32/v2/kits/common/bsp" -I"C:/SiliconLabs/SimplicityStudio/v3/developer/sdks/efm32/v2/kits/common/drivers" -I"C:/SiliconLabs/SimplicityStudio/v3/developer/sdks/efm32/v2/Device/SiliconLabs/EFM32G/Include" -I"C:/SiliconLabs/SimplicityStudio/v3/developer/sdks/efm32/v2/reptile/fatfs/inc" -I"C:/SiliconLabs/SimplicityStudio/v3/developer/sdks/efm32/v2/kits/EFM32_Gxxx_DK/config" -O0 -Wall -c -fmessage-length=0 -mno-sched-prolog -fno-builtin -ffunction-sections -fdata-sections -std=c99 -MMD -MP -MF"emlib/em_timer.d" -MT"emlib/em_timer.o" -o "emlib/em_timer.o" "C:/SiliconLabs/SimplicityStudio/v3/developer/sdks/efm32/v2/emlib/src/em_timer.c"
Invoking: GNU ARM C Compiler
arm-none-eabi-gcc -g -gdwarf-2 -mcpu=cortex-m3 -mthumb '-DEFM32G290F128=1' '-DDEBUG=1' -I"C:/SiliconLabs/SimplicityStudio/v3/developer/sdks/efm32/v2/an/an0030_efm32_fat_on_sd_card" -I"C:/SiliconLabs/SimplicityStudio/v3/developer/sdks/efm32/v2/CMSIS/Include" -I"C:/SiliconLabs/SimplicityStudio/v3/developer/sdks/efm32/v2/emlib/inc" -I"C:/SiliconLabs/SimplicityStudio/v3/developer/sdks/efm32/v2/kits/common/bsp" -I"C:/SiliconLabs/SimplicityStudio/v3/developer/sdks/efm32/v2/kits/common/drivers" -I"C:/SiliconLabs/SimplicityStudio/v3/developer/sdks/efm32/v2/Device/SiliconLabs/EFM32G/Include" -I"C:/SiliconLabs/SimplicityStudio/v3/developer/sdks/efm32/v2/reptile/fatfs/inc" -I"C:/SiliconLabs/SimplicityStudio/v3/developer/sdks/efm32/v2/kits/EFM32_Gxxx_DK/config" -O0 -Wall -c -fmessage-length=0 -mno-sched-prolog -fno-builtin -ffunction-sections -fdata-sections -std=c99 -MMD -MP -MF"emlib/em_usart.d" -MT"emlib/em_usart.o" -o "emlib/em_usart.o" "C:/SiliconLabs/SimplicityStudio/v3/developer/sdks/efm32/v2/emlib/src/em_usart.c"
Finished building: C:/SiliconLabs/SimplicityStudio/v3/developer/sdks/efm32/v2/emlib/src/em_system.c
Finished building: C:/SiliconLabs/SimplicityStudio/v3/developer/sdks/efm32/v2/emlib/src/em_prs.c
 
 
Building file: C:/SiliconLabs/SimplicityStudio/v3/developer/sdks/efm32/v2/reptile/fatfs/src/diskio.c
Building file: C:/SiliconLabs/SimplicityStudio/v3/developer/sdks/efm32/v2/reptile/fatfs/src/ff.c
Invoking: GNU ARM C Compiler
arm-none-eabi-gcc -g -gdwarf-2 -mcpu=cortex-m3 -mthumb '-DEFM32G290F128=1' '-DDEBUG=1' -I"C:/SiliconLabs/SimplicityStudio/v3/developer/sdks/efm32/v2/an/an0030_efm32_fat_on_sd_card" -I"C:/SiliconLabs/SimplicityStudio/v3/developer/sdks/efm32/v2/CMSIS/Include" -I"C:/SiliconLabs/SimplicityStudio/v3/developer/sdks/efm32/v2/emlib/inc" -I"C:/SiliconLabs/SimplicityStudio/v3/developer/sdks/efm32/v2/kits/common/bsp" -I"C:/SiliconLabs/SimplicityStudio/v3/developer/sdks/efm32/v2/kits/common/drivers" -I"C:/SiliconLabs/SimplicityStudio/v3/developer/sdks/efm32/v2/Device/SiliconLabs/EFM32G/Include" -I"C:/SiliconLabs/SimplicityStudio/v3/developer/sdks/efm32/v2/reptile/fatfs/inc" -I"C:/SiliconLabs/SimplicityStudio/v3/developer/sdks/efm32/v2/kits/EFM32_Gxxx_DK/config" -O0 -Wall -c -fmessage-length=0 -mno-sched-prolog -fno-builtin -ffunction-sections -fdata-sections -std=c99 -MMD -MP -MF"FatFS/diskio.d" -MT"FatFS/diskio.o" -o "FatFS/diskio.o" "C:/SiliconLabs/SimplicityStudio/v3/developer/sdks/efm32/v2/reptile/fatfs/src/diskio.c"
Invoking: GNU ARM C Compiler
arm-none-eabi-gcc -g -gdwarf-2 -mcpu=cortex-m3 -mthumb '-DEFM32G290F128=1' '-DDEBUG=1' -I"C:/SiliconLabs/SimplicityStudio/v3/developer/sdks/efm32/v2/an/an0030_efm32_fat_on_sd_card" -I"C:/SiliconLabs/SimplicityStudio/v3/developer/sdks/efm32/v2/CMSIS/Include" -I"C:/SiliconLabs/SimplicityStudio/v3/developer/sdks/efm32/v2/emlib/inc" -I"C:/SiliconLabs/SimplicityStudio/v3/developer/sdks/efm32/v2/kits/common/bsp" -I"C:/SiliconLabs/SimplicityStudio/v3/developer/sdks/efm32/v2/kits/common/drivers" -I"C:/SiliconLabs/SimplicityStudio/v3/developer/sdks/efm32/v2/Device/SiliconLabs/EFM32G/Include" -I"C:/SiliconLabs/SimplicityStudio/v3/developer/sdks/efm32/v2/reptile/fatfs/inc" -I"C:/SiliconLabs/SimplicityStudio/v3/developer/sdks/efm32/v2/kits/EFM32_Gxxx_DK/config" -O0 -Wall -c -fmessage-length=0 -mno-sched-prolog -fno-builtin -ffunction-sections -fdata-sections -std=c99 -MMD -MP -MF"FatFS/ff.d" -MT"FatFS/ff.o" -o "FatFS/ff.o" "C:/SiliconLabs/SimplicityStudio/v3/developer/sdks/efm32/v2/reptile/fatfs/src/ff.c"
Finished building: C:/SiliconLabs/SimplicityStudio/v3/developer/sdks/efm32/v2/emlib/src/em_usart.c
Finished building: C:/SiliconLabs/SimplicityStudio/v3/developer/sdks/efm32/v2/emlib/src/em_timer.c
 
 
Building file: C:/SiliconLabs/SimplicityStudio/v3/developer/sdks/efm32/v2/kits/common/drivers/microsd.c
Building file: C:/SiliconLabs/SimplicityStudio/v3/developer/sdks/efm32/v2/Device/SiliconLabs/EFM32G/Source/GCC/startup_efm32g.S
Invoking: GNU ARM C Compiler
arm-none-eabi-gcc -g -gdwarf-2 -mcpu=cortex-m3 -mthumb '-DEFM32G290F128=1' '-DDEBUG=1' -I"C:/SiliconLabs/SimplicityStudio/v3/developer/sdks/efm32/v2/an/an0030_efm32_fat_on_sd_card" -I"C:/SiliconLabs/SimplicityStudio/v3/developer/sdks/efm32/v2/CMSIS/Include" -I"C:/SiliconLabs/SimplicityStudio/v3/developer/sdks/efm32/v2/emlib/inc" -I"C:/SiliconLabs/SimplicityStudio/v3/developer/sdks/efm32/v2/kits/common/bsp" -I"C:/SiliconLabs/SimplicityStudio/v3/developer/sdks/efm32/v2/kits/common/drivers" -I"C:/SiliconLabs/SimplicityStudio/v3/developer/sdks/efm32/v2/Device/SiliconLabs/EFM32G/Include" -I"C:/SiliconLabs/SimplicityStudio/v3/developer/sdks/efm32/v2/reptile/fatfs/inc" -I"C:/SiliconLabs/SimplicityStudio/v3/developer/sdks/efm32/v2/kits/EFM32_Gxxx_DK/config" -O0 -Wall -c -fmessage-length=0 -mno-sched-prolog -fno-builtin -ffunction-sections -fdata-sections -std=c99 -MMD -MP -MF"Drivers/microsd.d" -MT"Drivers/microsd.o" -o "Drivers/microsd.o" "C:/SiliconLabs/SimplicityStudio/v3/developer/sdks/efm32/v2/kits/common/drivers/microsd.c"
Invoking: GNU ARM Assembler
arm-none-eabi-gcc -g -gdwarf-2 -mcpu=cortex-m3 -mthumb -c -x assembler-with-cpp -I"C:/SiliconLabs/SimplicityStudio/v3/developer/sdks/efm32/v2/an/an0030_efm32_fat_on_sd_card" -I"C:/SiliconLabs/SimplicityStudio/v3/developer/sdks/efm32/v2/CMSIS/Include" -I"C:/SiliconLabs/SimplicityStudio/v3/developer/sdks/efm32/v2/emlib/inc" -I"C:/SiliconLabs/SimplicityStudio/v3/developer/sdks/efm32/v2/kits/common/bsp" -I"C:/SiliconLabs/SimplicityStudio/v3/developer/sdks/efm32/v2/kits/common/drivers" -I"C:/SiliconLabs/SimplicityStudio/v3/developer/sdks/efm32/v2/Device/SiliconLabs/EFM32G/Include" -I"C:/SiliconLabs/SimplicityStudio/v3/developer/sdks/efm32/v2/reptile/fatfs/inc" -I"C:/SiliconLabs/SimplicityStudio/v3/developer/sdks/efm32/v2/kits/EFM32_Gxxx_DK/config" '-DEFM32G290F128=1' -o "CMSIS/efm32g/startup_efm32g.o" "C:/SiliconLabs/SimplicityStudio/v3/developer/sdks/efm32/v2/Device/SiliconLabs/EFM32G/Source/GCC/startup_efm32g.S"
Finished building: C:/SiliconLabs/SimplicityStudio/v3/developer/sdks/efm32/v2/reptile/fatfs/src/diskio.c
 
Finished building: C:/SiliconLabs/SimplicityStudio/v3/developer/sdks/efm32/v2/reptile/fatfs/src/ff.c
Building file: C:/SiliconLabs/SimplicityStudio/v3/developer/sdks/efm32/v2/Device/SiliconLabs/EFM32G/Source/system_efm32g.c
 
Invoking: GNU ARM C Compiler
Finished building: C:/SiliconLabs/SimplicityStudio/v3/developer/sdks/efm32/v2/Device/SiliconLabs/EFM32G/Source/GCC/startup_efm32g.S
arm-none-eabi-gcc -g -gdwarf-2 -mcpu=cortex-m3 -mthumb '-DEFM32G290F128=1' '-DDEBUG=1' -I"C:/SiliconLabs/SimplicityStudio/v3/developer/sdks/efm32/v2/an/an0030_efm32_fat_on_sd_card" -I"C:/SiliconLabs/SimplicityStudio/v3/developer/sdks/efm32/v2/CMSIS/Include" -I"C:/SiliconLabs/SimplicityStudio/v3/developer/sdks/efm32/v2/emlib/inc" -I"C:/SiliconLabs/SimplicityStudio/v3/developer/sdks/efm32/v2/kits/common/bsp" -I"C:/SiliconLabs/SimplicityStudio/v3/developer/sdks/efm32/v2/kits/common/drivers" -I"C:/SiliconLabs/SimplicityStudio/v3/developer/sdks/efm32/v2/Device/SiliconLabs/EFM32G/Include" -I"C:/SiliconLabs/SimplicityStudio/v3/developer/sdks/efm32/v2/reptile/fatfs/inc" -I"C:/SiliconLabs/SimplicityStudio/v3/developer/sdks/efm32/v2/kits/EFM32_Gxxx_DK/config" -O0 -Wall -c -fmessage-length=0 -mno-sched-prolog -fno-builtin -ffunction-sections -fdata-sections -std=c99 -MMD -MP -MF"CMSIS/efm32g/system_efm32g.d" -MT"CMSIS/efm32g/system_efm32g.o" -o "CMSIS/efm32g/system_efm32g.o" "C:/SiliconLabs/SimplicityStudio/v3/developerBuilding file: C:/SiliconLabs/SimplicityStudio/v3/developer/sdks/efm32/v2/kits/common/bsp/bsp_dk_3200.c
/sdks/efm32/v2/Device/SiliconLabs/EFM32G/Source/system_efm32g.c"
 
Invoking: GNU ARM C Compiler
Finished building: C:/SiliconLabs/SimplicityStudio/v3/developer/sdks/efm32/v2/kits/common/drivers/microsd.c
arm-none-eabi-gcc -g -gdwarf-2 -mcpu=cortex-m3 -mthumb '-DEFM32G290F128=1' '-DDEBUG=1' -I"C:/SiliconLabs/SimplicityStudio/v3/developer/sdks/efm32/v2/an/an0030_efm32_fat_on_sd_card" -I"C:/SiliconLabs/SimplicityStudio/v3/developer/sdks/efm32/v2/CMSIS/Include" -I"C:/SiliconLabs/SimplicityStudio/v3/developer/sdks/efm32/v2/emlib/inc" -I"C:/SiliconLabs/SimplicityStudio/v3/developer/sdks/efm32/v2/kits/common/bsp" -I"C:/SiliconLabs/SimplicityStudio/v3/developer/sdks/efm32/v2/kits/common/drivers" -I"C:/SiliconLabs/SimplicityStudio/v3/developer/sdks/efm32/v2/Device/SiliconLabs/EFM32G/Include" -I"C:/SiliconLabs/SimplicityStudio/v3/developer/sdks/efm32/v2/reptile/fatfs/inc" -I"C:/SiliconLabs/SimplicityStudio/v3/developer/sdks/efm32/v2/kits/EFM32_Gxxx_DK/config" -O0 -Wall -c -fmessage-length=0 -mno-sched-prolog -fno-builtin -ffunction-sections -fdata-sections -std=c99 -MMD -MP -MF"BSP/bsp_dk_3200.d" -MT"BSP/bsp_dk_3200.o" -o "BSP/bsp_dk_3200.o" "C:/SiliconLabs/SimplicityStudio/v3/developer/sdks/efm32/v2/kits/common/bsp/bsp_dk_3200.c"
 
Finished building: C:/SiliconLabs/SimplicityStudio/v3/developer/sdks/efm32/v2/Device/SiliconLabs/EFM32G/Source/system_efm32g.c
 
Finished building: C:/SiliconLabs/SimplicityStudio/v3/developer/sdks/efm32/v2/kits/common/bsp/bsp_dk_3200.c
 
Building target: DKXXX_sd_card_G290.axf
Invoking: GNU ARM C Linker
arm-none-eabi-gcc -g -gdwarf-2 -mcpu=cortex-m3 -mthumb -T "DKXXX_sd_card_G290.ld" -Xlinker --gc-sections -Xlinker -Map="DKXXX_sd_card_G290.map" --specs=nano.specs -o DKXXX_sd_card_G290.axf "./src/main.o" "./emlib/em_assert.o" "./emlib/em_cmu.o" "./emlib/em_ebi.o" "./emlib/em_emu.o" "./emlib/em_gpio.o" "./emlib/em_prs.o" "./emlib/em_system.o" "./emlib/em_timer.o" "./emlib/em_usart.o" "./FatFS/diskio.o" "./FatFS/ff.o" "./Drivers/microsd.o" "./CMSIS/efm32g/startup_efm32g.o" "./CMSIS/efm32g/system_efm32g.o" "./BSP/bsp_dk_3200.o" -Wl,--start-group -lgcc -lc -lnosys -Wl,--end-group
Finished building target: DKXXX_sd_card_G290.axf
 
Building hex file: DKXXX_sd_card_G290.hex
arm-none-eabi-objcopy -O ihex "DKXXX_sd_card_G290.axf" "DKXXX_sd_card_G290.hex"
 
Building bin file: DKXXX_sd_card_G290.bin
arm-none-eabi-objcopy -O binary "DKXXX_sd_card_G290.axf" "DKXXX_sd_card_G290.bin"
 
Running size tool
arm-none-eabi-size "DKXXX_sd_card_G290.axf"
   text	   data	    bss	    dec	    hex	filename
  20024	    184	   3240	  23448	   5b98	DKXXX_sd_card_G290.axf
 

18:53:40 Build Finished (took 12s.19ms)

