###############################################################################
#
# IAR ELF Linker V7.70.1.11437/W32 for ARM                16/Jul/2016  12:59:22
# Copyright 2007-2016 IAR Systems AB.
#
#    Output file  =  Sink.out
#    Map file     =  
#        C:/Users/Alex/SimplicityStudio/v3_workspace/Sink/IAR ARM -
#        Debug/Sink.map
#    Command line =  
#        ./stack/stack-common/ember-configuration.o ./sim-eeprom1/sim-eeprom.o
#        ./serial/ember-printf.o ./serial/serial.o ./poll/poll.o
#        ./phy-ezradio/phy-config-connect.o ./main/main.o
#        ./mailbox-server/mailbox-server.o ./mailbox-client/mailbox-client.o
#        ./idle-sleep/idle-sleep.o ./hal/hal-ezr32/EZR32_WG330/system_ezr32wg.o
#        ./hal/hal-ezr32/bsp_stk_leds.o ./hal/hal-ezr32/button.o
#        ./hal/hal-ezr32/buzzer.o ./hal/hal-ezr32/com.o ./hal/hal-ezr32/crc.o
#        ./hal/hal-ezr32/cstartup-common.o ./hal/hal-ezr32/dmactrl.o
#        ./hal/hal-ezr32/dmadrv.o ./hal/hal-ezr32/em_acmp.o
#        ./hal/hal-ezr32/em_adc.o ./hal/hal-ezr32/em_aes.o
#        ./hal/hal-ezr32/em_assert.o ./hal/hal-ezr32/em_burtc.o
#        ./hal/hal-ezr32/em_cmu.o ./hal/hal-ezr32/em_dac.o
#        ./hal/hal-ezr32/em_dbg.o ./hal/hal-ezr32/em_dma.o
#        ./hal/hal-ezr32/em_ebi.o ./hal/hal-ezr32/em_emu.o
#        ./hal/hal-ezr32/em_gpio.o ./hal/hal-ezr32/em_i2c.o
#        ./hal/hal-ezr32/em_idac.o ./hal/hal-ezr32/em_int.o
#        ./hal/hal-ezr32/em_lesense.o ./hal/hal-ezr32/em_letimer.o
#        ./hal/hal-ezr32/em_leuart.o ./hal/hal-ezr32/em_mpu.o
#        ./hal/hal-ezr32/em_msc.o ./hal/hal-ezr32/em_opamp.o
#        ./hal/hal-ezr32/em_pcnt.o ./hal/hal-ezr32/em_prs.o
#        ./hal/hal-ezr32/em_rmu.o ./hal/hal-ezr32/em_rtc.o
#        ./hal/hal-ezr32/em_system.o ./hal/hal-ezr32/em_timer.o
#        ./hal/hal-ezr32/em_usart.o ./hal/hal-ezr32/em_vcmp.o
#        ./hal/hal-ezr32/em_wdog.o ./hal/hal-ezr32/endian.o
#        ./hal/hal-ezr32/ext-device.o ./hal/hal-ezr32/faults.o
#        ./hal/hal-ezr32/gpiointerrupt.o ./hal/hal-ezr32/i2cspm.o
#        ./hal/hal-ezr32/isr-stubs.o ./hal/hal-ezr32/led.o
#        ./hal/hal-ezr32/mem-util.o ./hal/hal-ezr32/mfg-token.o
#        ./hal/hal-ezr32/micro-common.o ./hal/hal-ezr32/micro.o
#        ./hal/hal-ezr32/mpu.o ./hal/hal-ezr32/random.o
#        ./hal/hal-ezr32/rtcdriver.o ./hal/hal-ezr32/si7013.o
#        ./hal/hal-ezr32/sleep-efm32.o ./hal/hal-ezr32/sleep.o
#        ./hal/hal-ezr32/spidrv.o ./hal/hal-ezr32/symbol-timer.o
#        ./hal/hal-ezr32/token-def.o ./hal/hal-ezr32/token.o
#        ./hal/hal-ezr32/uartdrv.o ./hal/hal-ezr32/udelay.o
#        ./hal/hal-ezr32/ustimer.o ./diagnostic/EZR32/assert-crash-handlers.o
#        ./diagnostic/EZR32/diagnostic.o ./debug-print/debug-print.o
#        ./command-interpreter/command-interpreter.o ./connect-bookkeeping.o
#        ./connect-callback-stubs.o ./connect-callbacks.o ./connect-cli.o
#        ./connect-events.o -o Sink.out --config
#        C:/SiliconLabs/SiliconLabsConnect/SiliconLabsConnect//submodules/base/hal/micro/cortexm3/efm32/ezr32lg330f256/iar-cfg.icf
#        --config_def BTL_SIZE=0K --config_def NULL_BTL=1 --no_wrap_diagnostics
#        C:/SiliconLabs/SiliconLabsConnect/SiliconLabsConnect//connect/plugins/libraries/hal-library.a
#        C:/SiliconLabs/SiliconLabsConnect/SiliconLabsConnect//connect/plugins/libraries/parent-support-library.a
#        C:/SiliconLabs/SiliconLabsConnect/SiliconLabsConnect//connect/plugins/libraries/form-and-join-library.a
#        C:/SiliconLabs/SiliconLabsConnect/SiliconLabsConnect//connect/plugins/libraries/packet-queue-library.a
#        C:/SiliconLabs/SiliconLabsConnect/SiliconLabsConnect//connect/plugins/libraries/sim-eeprom1-library.a
#        C:/SiliconLabs/SiliconLabsConnect/SiliconLabsConnect//connect/plugins/libraries/stack-common-library.a
#        C:/SiliconLabs/SiliconLabsConnect/SiliconLabsConnect//connect/plugins/libraries/stack-counters-library.a
#        C:/SiliconLabs/SiliconLabsConnect/SiliconLabsConnect//connect/plugins/libraries/aes-security-library.a
#        C:/SiliconLabs/SiliconLabsConnect/SiliconLabsConnect//connect/plugins/libraries/phy-pro2-brd4502c-library.a
#        C:/SiliconLabs/SiliconLabsConnect/SiliconLabsConnect//connect/plugins/libraries/xxtea-security-library.a
#        --entry halEntryPoint --map
#        "C:/Users/Alex/SimplicityStudio/v3_workspace/Sink/IAR ARM -
#        Debug/Sink.map" --log_file
#        "C:/Users/Alex/SimplicityStudio/v3_workspace/Sink/IAR ARM -
#        Debug/Sink.log" --log initialization,modules,sections,veneers
#        --remarks --diag_suppress=Lp012 --redirect _Printf=_PrintfFull
#        --redirect _Scanf=_ScanfFull
#
###############################################################################

*******************************************************************************
*** RUNTIME MODEL ATTRIBUTES
***

__SystemLibrary = DLib


*******************************************************************************
*** PLACEMENT SUMMARY
***

"HEADERS":
       place at start of [0x00000000-0x000000ff] { block HEADER_block };
"APP ro":
       place at start of [0x00000100-0x0003ffff] { block APPRO_block };
"NVM&SIMEE":
       place at end of [0x00000100-0x0003ffff] {
          zi section NVM, zi section SIMEE, zi section INTERNAL_STORAGE };
"APP rw":
       place at end of [0x20000000-0x20007fef] { block APPRW_block };
"Heap":
       place at start of [0x20000000-0x20007fef] { overlay EMHEAP_overlay };
"Guard":
       place in [from 0x20000000 to 0x20007fef] { rw section GUARD_REGION };
do not initialize { rw };
initialize manually with packing = copy, complex ranges {
   section .data, section .textrw, rw section __DLIB_PERTHREAD };

  Section                 Kind        Address    Size  Object
  -------                 ----        -------    ----  ------
"HEADERS":                                      0x100
  HEADER_block                     0x00000000   0x100  <Block>
    BAT                   const    0x00000000    0x54  cstartup-common.o [5]
    AAT                   const    0x00000054    0xac  cstartup-common.o [5]
                                 - 0x00000100   0x100

"APP ro":                                      0xe8a8
  APPRO_block                      0x00000100  0xe8a8  <Block>
    .intvec               const    0x00000100    0xdc  cstartup-common.o [5]
    .textrw_init                   0x000001dc   0x1d4  <Block>
      Initializer bytes   const    0x000001dc   0x1d4  <for .textrw-1>
    .text                          0x000003b0  0xda22  <Block>
      .text               ro code  0x000003b0    0x90  sim-eeprom.o [14]
      .text               ro code  0x00000440    0xb8  mem-util.o [5]
      .text               ro code  0x000004f8   0xb10  sim-eeprom-internal.o [25]
      .text               ro code  0x00001008   0x1e4  assert-crash-handlers.o [4]
      .text               ro code  0x000011ec    0x66  ABImemset.o [24]
      .text               ro code  0x00001254   0x8c4  connect-callbacks.o [1]
      Veneer              ro code  0x00001b18     0x8  - Linker created -
      Veneer              ro code  0x00001b20     0x8  - Linker created -
      Veneer              ro code  0x00001b28     0x8  - Linker created -
      .text               ro code  0x00001b30    0xca  flash.o [19]
      .text               ro code  0x00001bfc    0x7c  micro-common.o [5]
      .text               ro code  0x00001c78     0xc  spmr.o [19]
      .text               ro code  0x00001c84    0xd8  serial.o [13]
      .text               ro code  0x00001d5c   0x130  micro-internal.o [19]
      .text               ro code  0x00001e8c     0x6  ABImemclr4.o [24]
      .text               ro code  0x00001e94    0x64  debug-print.o [3]
      .text               ro code  0x00001ef8   0x218  event-control.o [26]
      .text               ro code  0x00002110   0x7b4  em_cmu.o [5]
      .text               ro code  0x000028c4   0x184  em_adc.o [5]
      .text               ro code  0x00002a48   0x110  em_gpio.o [5]
      .text               ro code  0x00002b58    0x88  bsp_stk_leds.o [5]
      .text               ro code  0x00002be0   0x234  ustimer.o [5]
      .text               ro code  0x00002e14    0x1c  I32ToDbl.o [20]
      .text               ro code  0x00002e30   0x1a2  DblMul.o [20]
      .text               ro code  0x00002fd4   0x256  DblDiv.o [20]
      .text               ro code  0x0000322c    0x4c  DblToI32.o [20]
      .text               ro code  0x00003278   0x438  network.o [26]
      .text               ro code  0x000036b0   0x76c  association.o [18]
      .text               ro code  0x00003e1c    0xc0  system-timer.o [19]
      .text               ro code  0x00003edc    0x78  em_msc.o [5]
      .text               ro code  0x00003f54    0xb0  em_wdog.o [5]
      .text               ro code  0x00004004    0x76  ABImemcpy_unaligned.o [24]
      .text               ro code  0x0000407c   0x48c  com.o [5]
      .text               ro code  0x00004508   0x1c8  ember-printf.o [13]
      .text               ro code  0x000046d0    0x90  mpu.o [5]
      .text               ro code  0x00004760     0x6  spmr.o [19]
      .text               ro code  0x00004768    0x32  ABImemset48.o [24]
      .text               ro code  0x0000479c     0xe  spmr.o [19]
      .text               ro code  0x000047ac     0x8  spmr.o [19]
      .text               ro code  0x000047b4   0x108  system_ezr32wg.o [6]
      .text               ro code  0x000048bc   0x190  em_emu.o [5]
      .text               ro code  0x00004a4c    0xf0  em_timer.o [5]
      .text               ro code  0x00004b3c    0xee  I64DivMod.o [24]
      .text               ro code  0x00004c2c    0xc8  token.o [5]
      .text               ro code  0x00004cf4   0x2c0  stack.o [26]
      .text               ro code  0x00004fb4  0x17e4  phy.o [23]
      .text               ro code  0x00006798   0x2d8  security-common.o [26]
      .text               ro code  0x00006a70   0x45c  child-table.o [22]
      .text               ro code  0x00006ecc   0x47c  upper-mac.o [26]
      .text               ro code  0x00007348   0x1a0  network-command.o [26]
      .text               ro code  0x000074e8   0x1cc  main.o [10]
      .text               ro code  0x000076b4   0x182  packet-header.o [26]
      .text               ro code  0x00007838    0x24  ember-library.o [26]
      .text               ro code  0x0000785c    0x3c  counters.o [27]
      .text               ro code  0x00007898   0x23c  parent-support.o [22]
      .text               ro code  0x00007ad4    0x34  random.o [5]
      .text               ro code  0x00007b08   0x2fc  coordinator-support.o [22]
      .text               ro code  0x00007e04   0x568  rtcdriver.o [5]
      .text               ro code  0x0000836c    0xa4  sleep-efm32.o [5]
      .text               ro code  0x00008410   0x844  uartdrv.o [5]
      .text               ro code  0x00008c54    0x50  em_mpu.o [5]
      .text               ro code  0x00008ca4     0xe  spmr.o [19]
      .text               ro code  0x00008cb4     0x2  I64DivZer.o [24]
      .text               ro code  0x00008cb8   0x18c  mfg-token.o [5]
      .text               ro code  0x00008e44   0x788  buffer-management.o [26]
      .text               ro code  0x000095cc   0x1b4  mac-queue.o [21]
      .text               ro code  0x00009780   0x444  indirect-queue.o [22]
      .text               ro code  0x00009bc4    0x28  buffers-bookkeeping.o [26]
      .text               ro code  0x00009bec   0x564  lower-mac-pro2.o [23]
      .text               ro code  0x0000a150   0x35a  sipro2.o [23]
      .text               ro code  0x0000a4aa     0x4  micro-common-internal.o [19]
      .text               ro code  0x0000a4b0   0x128  micro.o [5]
      .text               ro code  0x0000a5d8    0x18  eui64.o [26]
      .text               ro code  0x0000a5f0   0x20c  security-xxtea.o [28]
      .text               ro code  0x0000a7fc   0x26c  security-aes.o [17]
      .text               ro code  0x0000aa68   0x100  command.o [26]
      .text               ro code  0x0000ab68   0x148  scan.o [18]
      .text               ro code  0x0000acb0    0x72  connect-bookkeeping.o [1]
      .text               ro code  0x0000ad24    0xbc  cstartup-common.o [5]
      .text               ro code  0x0000ade0   0x8cc  diagnostic.o [4]
      .text               ro code  0x0000b6ac    0x56  em_rtc.o [5]
      .text               ro code  0x0000b704    0x34  sleep.o [5]
      .text               ro code  0x0000b738     0x4  spmr.o [19]
      .text               ro code  0x0000b73c     0x4  spmr.o [19]
      .text               ro code  0x0000b740   0x37c  dmadrv.o [5]
      .text               ro code  0x0000babc   0x184  em_usart.o [5]
      .text               ro code  0x0000bc40    0xc8  gpiointerrupt.o [5]
      .text               ro code  0x0000bd08    0x42  strcmp_unaligned.o [24]
      .text               ro code  0x0000bd4c    0xe4  buffer-queue.o [26]
      .text               ro code  0x0000be30   0x100  symbol-timer.o [5]
      .text               ro code  0x0000bf30   0x1f8  ext-device.o [5]
      .text               ro code  0x0000c128   0x58c  spidrv.o [5]
      .text               ro code  0x0000c6b4   0x150  button.o [5]
      .text               ro code  0x0000c804     0x4  led.o [5]
      .text               ro code  0x0000c808     0x6  connect-callback-stubs.o [1]
      .text               ro code  0x0000c810   0x228  xxtea.o [28]
      .text               ro code  0x0000ca38    0x38  aes.o [19]
      .text               ro code  0x0000ca70   0x694  command-interpreter.o [2]
      .text               ro code  0x0000d104   0x1b4  mailbox-client.o [8]
      .text               ro code  0x0000d2b8   0x3a0  mailbox-server.o [9]
      .text               ro code  0x0000d658    0xb4  idle-sleep.o [7]
      .text               ro code  0x0000d70c    0x70  poll.o [12]
      .text               ro code  0x0000d77c   0x104  em_rmu.o [5]
      .text               ro code  0x0000d880   0x2cc  em_dma.o [5]
      .text               ro code  0x0000db4c    0x1e  em_prs.o [5]
      .text               ro code  0x0000db6c    0x58  em_aes.o [5]
      .text               ro code  0x0000dbc4     0x2  faults.o [5]
      .text               ro code  0x0000dbc8     0x2  faults.o [5]
      .text               ro code  0x0000dbcc     0x2  faults.o [5]
      .text               ro code  0x0000dbd0     0x2  faults.o [5]
      .text               ro code  0x0000dbd4     0x2  faults.o [5]
      .text               ro code  0x0000dbd8     0x2  faults.o [5]
      .text               ro code  0x0000dbdc     0x2  faults.o [5]
      .text               ro code  0x0000dbe0    0x70  faults.o [5]
      .text               ro code  0x0000dc50     0x4  isr-stubs.o [5]
      .text               ro code  0x0000dc54   0x178  cstartup-iar.o [19]
      .text               ro code  0x0000ddcc     0x6  ABImemclr.o [24]
    .rodata               const    0x0000ddd4    0x1c  sim-eeprom.o [14]
    .rodata               const    0x0000ddf0   0x204  phy-config-connect.o [11]
    .rodata               const    0x0000dff4   0x134  micro.o [5]
    .rodata               const    0x0000e128    0x78  token-def.o [5]
    .rodata               const    0x0000e1a0   0x4e8  diagnostic.o [4]
    .rodata               const    0x0000e688    0x84  command-interpreter.o [2]
    .rodata               const    0x0000e70c    0x2c  connect-cli.o [1]
    .rodata               const    0x0000e738    0x18  connect-events.o [1]
    .rodata               const    0x0000e750     0x1  phy.o [23]
    .rodata               const    0x0000e752     0x6  mfg-token.o [5]
    .rodata               const    0x0000e758     0x4  micro-common-internal.o [19]
    .rodata               const    0x0000e75c     0x1  ember-configuration.o [15]
    .rodata               const    0x0000e75d     0x1  mac-queue.o [21]
    .rodata               const    0x0000e75e     0x1  parent-support.o [22]
    .rodata               const    0x0000e75f     0x1  security-aes.o [17]
    .rodata               const    0x0000e760     0x1  security-xxtea.o [28]
    .data_init                     0x0000e764   0x244  <Block>
      Initializer bytes   const    0x0000e764   0x244  <for .data-1>
                                 - 0x0000e9a8  0xe8a8

"NVM&SIMEE":                                   0x2000
  SIMEE                            0x0003e000  0x2000  <Block>
    SIMEE                 uninit   0x0003e000  0x2000  sim-eeprom.o [14]
                                 - 0x00040000  0x2000

"Heap":                                         0xfa0
  EMHEAP_overlay                   0x20000000   0xfa0  <Overlay>
    part 1:
      EMHEAP                       0x20000000   0xfa0  <Block>
        EMHEAP            uninit   0x20000000   0xfa0  ember-configuration.o [15]
    part 2:
      RESETINFO                    0x20000000    0x9c  <Block>
        RESETINFO         rw data  0x20000000     0x0  faults.o [5]
        RESETINFO         rw data  0x20000000     0x0  isr-stubs.o [5]
        RESETINFO         rw data  0x20000000     0x0  spmr.o [19]
        RESETINFO         uninit   0x20000000    0x9c  cstartup-common.o [5]
                                 - 0x20000fa0   0xfa0

"Guard":                                         0x20
  GUARD_REGION            uninit   0x20000fa0    0x20  cstartup-common.o [5]
                                 - 0x20000fc0    0x20

"APP rw":                                      0x3768
  APPRW_block                      0x20004888  0x3768  <Block>
    ALIGN_CSTACK                   0x20004888   0x960  <Block>
      CSTACK                       0x20004888   0x960  <Block>
        CSTACK            rw data  0x20004888     0x0  faults.o [5]
        CSTACK            rw data  0x20004888     0x0  isr-stubs.o [5]
        CSTACK            rw data  0x20004888     0x0  spmr.o [19]
        CSTACK            uninit   0x20004888   0x960  cstartup-common.o [5]
    .textrw                        0x200051e8   0x1d4  <Block>
      .textrw-1                    0x200051e8   0x1d4  <Init block>
        Veneer            inited   0x200051e8     0x8  - Linker created -
        .textrw           inited   0x200051f0   0x1cc  em_msc.o [5]
    .data                          0x200053bc   0x244  <Block>
      .data-1                      0x200053bc   0x241  <Init block>
        .data             inited   0x200053bc     0x4  ember-configuration.o [15]
        .data             inited   0x200053c0     0x4  ember-configuration.o [15]
        .data             inited   0x200053c4     0x4  ember-configuration.o [15]
        .data             inited   0x200053c8     0x4  ember-configuration.o [15]
        .data             inited   0x200053cc     0x4  ember-configuration.o [15]
        .data             inited   0x200053d0     0x8  system_ezr32wg.o [6]
        .data             inited   0x200053d8    0x80  com.o [5]
        .data             inited   0x20005458    0x80  com.o [5]
        .data             inited   0x200054d8    0x5c  com.o [5]
        .data             inited   0x20005534     0x4  micro.o [5]
        .data             inited   0x20005538    0x50  mpu.o [5]
        .data             inited   0x20005588    0x20  command-interpreter.o [2]
        .data             inited   0x200055a8     0x8  connect-callbacks.o [1]
        .data             inited   0x200055b0     0x9  upper-mac.o [26]
        .data             inited   0x200055bc    0x18  phy.o [23]
        .data             inited   0x200055d4     0x4  buffer-management.o [26]
        .data             inited   0x200055d8     0x4  micro-internal.o [19]
        .data             inited   0x200055dc     0x4  packet-header.o [26]
        .data             inited   0x200055e0     0x2  ember-configuration.o [15]
        .data             inited   0x200055e2     0x4  poll.o [12]
        .data             inited   0x200055e6     0x4  random.o [5]
        .data             inited   0x200055ea     0x4  stack.o [26]
        .data             inited   0x200055ee     0x2  parent-support.o [22]
        .data             inited   0x200055f0     0x1  ember-configuration.o [15]
        .data             inited   0x200055f1     0x1  ember-configuration.o [15]
        .data             inited   0x200055f2     0x1  ember-configuration.o [15]
        .data             inited   0x200055f3     0x1  ember-configuration.o [15]
        .data             inited   0x200055f4     0x1  ember-configuration.o [15]
        .data             inited   0x200055f5     0x1  ext-device.o [5]
        .data             inited   0x200055f6     0x1  micro.o [5]
        .data             inited   0x200055f7     0x1  debug-print.o [3]
        .data             inited   0x200055f8     0x2  connect-callbacks.o [1]
        .data             inited   0x200055fa     0x1  upper-mac.o [26]
        .data             inited   0x200055fb     0x1  indirect-queue.o [22]
        .data             inited   0x200055fc     0x1  lower-mac-pro2.o [23]
    DLIB_PERTHREAD_INITIALIZED_DATA
                                   0x20005600     0x0  <Block>
    DLIB_PERTHREAD_ZERO_DATA
                                   0x20005600     0x0  <Block>
    .bss                           0x20005600  0x29f0  <Block>
      .bss                uninit   0x20005600   0x200  dmactrl.o [5]
      .bss                uninit   0x20005800    0xa0  rtcdriver.o [5]
      .bss                uninit   0x200058a0    0x24  ember-configuration.o [15]
      .bss                uninit   0x200058c4   0x140  ember-configuration.o [15]
      .bss                uninit   0x20005a04    0x50  ember-configuration.o [15]
      .bss                uninit   0x20005a54    0x50  ember-configuration.o [15]
      .bss                uninit   0x20005aa4    0x10  ember-configuration.o [15]
      .bss                uninit   0x20005ab4    0x30  sim-eeprom.o [14]
      .bss                uninit   0x20005ae4    0x10  poll.o [12]
      .bss                uninit   0x20005af4     0xc  mailbox-server.o [9]
      .bss                uninit   0x20005b00   0x190  mailbox-server.o [9]
      .bss                uninit   0x20005c90    0x14  mailbox-client.o [8]
      .bss                uninit   0x20005ca4     0x4  system_ezr32wg.o [6]
      .bss                uninit   0x20005ca8    0x48  com.o [5]
      .bss                uninit   0x20005cf0    0x88  com.o [5]
      .bss                uninit   0x20005d78    0xd8  com.o [5]
      .bss                uninit   0x20005e50    0x40  com.o [5]
      .bss                uninit   0x20005e90     0x4  com.o [5]
      .bss                uninit   0x20005e94     0xa  cstartup-common.o [5]
      .bss                uninit   0x20005e9e     0x2  debug-print.o [3]
      .bss                uninit   0x20005ea0    0x34  dmadrv.o [5]
      .bss                uninit   0x20005ed4    0x50  dmadrv.o [5]
      .bss                uninit   0x20005f24     0x4  em_emu.o [5]
      .bss                uninit   0x20005f28     0x4  em_int.o [5]
      .bss                uninit   0x20005f2c     0x4  ext-device.o [5]
      .bss                uninit   0x20005f30    0x40  gpiointerrupt.o [5]
      .bss                uninit   0x20005f70    0x14  rtcdriver.o [5]
      .bss                uninit   0x20005f84     0x4  sleep-efm32.o [5]
      .bss                uninit   0x20005f88     0xc  sleep.o [5]
      .bss                uninit   0x20005f94    0x14  uartdrv.o [5]
      .bss                uninit   0x20005fa8     0xc  ustimer.o [5]
      .bss                uninit   0x20005fb4    0x7c  command-interpreter.o [2]
      .bss                uninit   0x20006030  0x1b94  connect-callbacks.o [1]
      .bss                uninit   0x20007bc4     0xc  connect-callbacks.o [1]
      .bss                uninit   0x20007bd0    0x14  connect-callbacks.o [1]
      .bss                uninit   0x20007be4     0x4  sim-eeprom-internal.o [25]
      .bss                uninit   0x20007be8     0x8  system-timer.o [19]
      .bss                uninit   0x20007bf0     0xc  upper-mac.o [26]
      .bss                uninit   0x20007bfc    0x3c  phy.o [23]
      .bss                uninit   0x20007c38    0xa0  phy.o [23]
      .bss                uninit   0x20007cd8     0xc  phy.o [23]
      .bss                uninit   0x20007ce4    0x24  buffer-management.o [26]
      .bss                uninit   0x20007d08    0x24  association.o [18]
      .bss                uninit   0x20007d2c    0x20  association.o [18]
      .bss                uninit   0x20007d4c    0x80  coordinator-support.o [22]
      .bss                uninit   0x20007dcc    0x48  counters.o [27]
      .bss                uninit   0x20007e14     0x8  indirect-queue.o [22]
      .bss                uninit   0x20007e1c    0x18  lower-mac-pro2.o [23]
      .bss                uninit   0x20007e34    0x80  lower-mac-pro2.o [23]
      .bss                uninit   0x20007eb4     0x8  parent-support.o [22]
      .bss                uninit   0x20007ebc    0x10  scan.o [18]
      .bss                uninit   0x20007ecc     0x8  security-common.o [26]
      .bss                uninit   0x20007ed4     0x8  eui64.o [26]
      .bss                uninit   0x20007edc    0xe4  sipro2.o [23]
      .bss                uninit   0x20007fc0    0x10  aes.o [19]
      .bss                uninit   0x20007fd0     0x2  connect-callbacks.o [1]
      .bss                uninit   0x20007fd2     0x4  sim-eeprom-internal.o [25]
      .bss                uninit   0x20007fd6     0x4  stack.o [26]
      .bss                uninit   0x20007fda     0x1  main.o [10]
      .bss                uninit   0x20007fdb     0x1  mailbox-server.o [9]
      .bss                uninit   0x20007fdc     0x2  button.o [5]
      .bss                uninit   0x20007fde     0x1  spidrv.o [5]
      .bss                uninit   0x20007fdf     0x2  token.o [5]
      .bss                uninit   0x20007fe1     0x2  command-interpreter.o [2]
      .bss                uninit   0x20007fe3     0x1  connect-callbacks.o [1]
      .bss                uninit   0x20007fe4     0x2  event-control.o [26]
      .bss                uninit   0x20007fe6     0x1  stack.o [26]
      .bss                uninit   0x20007fe7     0x1  stack.o [26]
      .bss                uninit   0x20007fe8     0x2  upper-mac.o [26]
      .bss                uninit   0x20007fea     0x2  phy.o [23]
      .bss                uninit   0x20007fec     0x1  phy.o [23]
      .bss                uninit   0x20007fed     0x1  indirect-queue.o [22]
      .bss                uninit   0x20007fee     0x2  mac-queue.o [21]
                                 - 0x20007ff0  0x3768



*******************************************************************************
*** MODULE SUMMARY
***

    Module                    ro code  rw code  ro data  rw data
    ------                    -------  -------  -------  -------
C:\Users\Alex\SimplicityStudio\v3_workspace\Sink\IAR ARM - Debug: [1]
    connect-bookkeeping.o         114
    connect-callback-stubs.o        6
    connect-callbacks.o         2 244                10    7 105
    connect-cli.o                                    44
    connect-events.o                                 24
    ------------------------------------------------------------
    Total:                      2 364                78    7 105

C:\Users\Alex\SimplicityStudio\v3_workspace\Sink\IAR ARM - Debug\command-interpreter: [2]
    command-interpreter.o       1 684               164      158
    ------------------------------------------------------------
    Total:                      1 684               164      158

C:\Users\Alex\SimplicityStudio\v3_workspace\Sink\IAR ARM - Debug\debug-print: [3]
    debug-print.o                 100                 1        3
    ------------------------------------------------------------
    Total:                        100                 1        3

C:\Users\Alex\SimplicityStudio\v3_workspace\Sink\IAR ARM - Debug\diagnostic\EZR32: [4]
    assert-crash-handlers.o       484
    diagnostic.o                2 252             1 256
    ------------------------------------------------------------
    Total:                      2 736             1 256

C:\Users\Alex\SimplicityStudio\v3_workspace\Sink\IAR ARM - Debug\hal\hal-ezr32: [5]
    bsp_stk_leds.o                136
    button.o                      336                          2
    com.o                       1 164               348      840
    cstartup-common.o             188               476    2 442
    dmactrl.o                                                512
    dmadrv.o                      892                        132
    em_adc.o                      388
    em_aes.o                       88
    em_cmu.o                    1 972
    em_dma.o                      716
    em_emu.o                      400                          4
    em_gpio.o                     272
    em_int.o                                                   4
    em_mpu.o                       80
    em_msc.o                      120      460      460
    em_prs.o                       30
    em_rmu.o                      260
    em_rtc.o                       86
    em_timer.o                    240
    em_usart.o                    388
    em_wdog.o                     176
    ext-device.o                  504                 1        5
    faults.o                      126
    gpiointerrupt.o               200                         64
    isr-stubs.o                     4
    led.o                           4
    mem-util.o                    184
    mfg-token.o                   396                 6
    micro-common.o                124
    micro.o                       296               313        5
    mpu.o                         144                80       80
    random.o                       52                 4        4
    rtcdriver.o                 1 384                        180
    sleep-efm32.o                 164                          4
    sleep.o                        52                         12
    spidrv.o                    1 420                          1
    symbol-timer.o                256
    token-def.o                                     120
    token.o                       200                          2
    uartdrv.o                   2 116                         20
    ustimer.o                     564                         12
    ------------------------------------------------------------
    Total:                     16 122      460    1 808    4 325

C:\Users\Alex\SimplicityStudio\v3_workspace\Sink\IAR ARM - Debug\hal\hal-ezr32\EZR32_WG330: [6]
    system_ezr32wg.o              264                 8       12
    ------------------------------------------------------------
    Total:                        264                 8       12

C:\Users\Alex\SimplicityStudio\v3_workspace\Sink\IAR ARM - Debug\idle-sleep: [7]
    idle-sleep.o                  180
    ------------------------------------------------------------
    Total:                        180

C:\Users\Alex\SimplicityStudio\v3_workspace\Sink\IAR ARM - Debug\mailbox-client: [8]
    mailbox-client.o              436                         20
    ------------------------------------------------------------
    Total:                        436                         20

C:\Users\Alex\SimplicityStudio\v3_workspace\Sink\IAR ARM - Debug\mailbox-server: [9]
    mailbox-server.o              928                        413
    ------------------------------------------------------------
    Total:                        928                        413

C:\Users\Alex\SimplicityStudio\v3_workspace\Sink\IAR ARM - Debug\main: [10]
    main.o                        460                          1
    ------------------------------------------------------------
    Total:                        460                          1

C:\Users\Alex\SimplicityStudio\v3_workspace\Sink\IAR ARM - Debug\phy-ezradio: [11]
    phy-config-connect.o                            516
    ------------------------------------------------------------
    Total:                                          516

C:\Users\Alex\SimplicityStudio\v3_workspace\Sink\IAR ARM - Debug\poll: [12]
    poll.o                        112                 4       20
    ------------------------------------------------------------
    Total:                        112                 4       20

C:\Users\Alex\SimplicityStudio\v3_workspace\Sink\IAR ARM - Debug\serial: [13]
    ember-printf.o                456
    serial.o                      216
    ------------------------------------------------------------
    Total:                        672

C:\Users\Alex\SimplicityStudio\v3_workspace\Sink\IAR ARM - Debug\sim-eeprom1: [14]
    sim-eeprom.o                  144                28    8 240
    ------------------------------------------------------------
    Total:                        144                28    8 240

C:\Users\Alex\SimplicityStudio\v3_workspace\Sink\IAR ARM - Debug\stack\stack-common: [15]
    ember-configuration.o                            28      559
    ------------------------------------------------------------
    Total:                                           28      559

command line: [16]
    ------------------------------------------------------------
    Total:

aes-security-library.a: [17]
    security-aes.o                620                 1
    ------------------------------------------------------------
    Total:                        620                 1

form-and-join-library.a: [18]
    association.o               1 900                         68
    scan.o                        328                         16
    ------------------------------------------------------------
    Total:                      2 228                         84

hal-library.a: [19]
    aes.o                          56                         16
    cstartup-iar.o                376
    flash.o                       202
    micro-common-internal.o         4                 4
    micro-internal.o              304                 4        4
    spmr.o                         62
    system-timer.o                192                          8
    ------------------------------------------------------------
    Total:                      1 196                 8       28

m7M_tl.a: [20]
    DblDiv.o                      598
    DblMul.o                      418
    DblToI32.o                     76
    I32ToDbl.o                     28
    ------------------------------------------------------------
    Total:                      1 120

packet-queue-library.a: [21]
    mac-queue.o                   436                 1        2
    ------------------------------------------------------------
    Total:                        436                 1        2

parent-support-library.a: [22]
    child-table.o               1 116
    coordinator-support.o         764                        128
    indirect-queue.o            1 092                 1       10
    parent-support.o              572                 3       10
    ------------------------------------------------------------
    Total:                      3 544                 4      148

phy-pro2-brd4502c-library.a: [23]
    lower-mac-pro2.o            1 380                 1      153
    phy.o                       6 116                28      259
    sipro2.o                      858                        228
    ------------------------------------------------------------
    Total:                      8 354                29      640

rt7M_tl.a: [24]
    ABImemclr.o                     6
    ABImemclr4.o                    6
    ABImemcpy_unaligned.o         118
    ABImemset.o                   102
    ABImemset48.o                  50
    I64DivMod.o                   238
    I64DivZer.o                     2
    strcmp_unaligned.o             66
    ------------------------------------------------------------
    Total:                        588

sim-eeprom1-library.a: [25]
    sim-eeprom-internal.o       2 832                          8
    ------------------------------------------------------------
    Total:                      2 832                          8

stack-common-library.a: [26]
    buffer-management.o         1 928                 4       40
    buffer-queue.o                228
    buffers-bookkeeping.o          40
    command.o                     256
    ember-library.o                36
    eui64.o                        24                          8
    event-control.o               536                          2
    network-command.o             416
    network.o                   1 080
    packet-header.o               386                 4        4
    security-common.o             728                          8
    stack.o                       704                 4       10
    upper-mac.o                 1 148                10       24
    ------------------------------------------------------------
    Total:                      7 510                22       96

stack-counters-library.a: [27]
    counters.o                     60                         72
    ------------------------------------------------------------
    Total:                         60                         72

xxtea-security-library.a: [28]
    security-xxtea.o              524                 1
    xxtea.o                       552
    ------------------------------------------------------------
    Total:                      1 076                 1

    Gaps                           52                 3        3
    Linker created                 24        8       11    4 000
----------------------------------------------------------------
    Grand Total:               55 842      468    3 971   25 937


*******************************************************************************
*** ENTRY LIST
***

Entry                      Address    Size  Type      Object
-----                      -------    ----  ----      ------
.bss$$Base              0x20005600           --   Gb  - Linker created -
.bss$$Length            0x000029f0           --   Gb  - Linker created -
.bss$$Limit             0x20007ff0           --   Gb  - Linker created -
.data$$Base             0x200053bc           --   Gb  - Linker created -
.data$$Limit            0x20005600           --   Gb  - Linker created -
.data_init$$Base        0x0000e764           --   Gb  - Linker created -
.data_init$$Length      0x00000244           --   Gb  - Linker created -
.data_init$$Limit       0x0000e9a8           --   Gb  - Linker created -
.noinit$$Base           0x00000000           --   Gb  - Linker created -
.text$$Base             0x000003b0           --   Gb  - Linker created -
.text$$Limit            0x0000ddd2           --   Gb  - Linker created -
.textrw$$Base           0x200051e8           --   Gb  - Linker created -
.textrw$$Limit          0x200053bc           --   Gb  - Linker created -
.textrw_init$$Base      0x000001dc           --   Gb  - Linker created -
.textrw_init$$Length    0x000001d4           --   Gb  - Linker created -
.textrw_init$$Limit     0x000003b0           --   Gb  - Linker created -
ACMP0_IRQHandler        0x0000dc51          Code  Wk  isr-stubs.o [5]
ADC0_IRQHandler         0x0000dc51          Code  Wk  isr-stubs.o [5]
ADC_CalibrateLoadSingle
                        0x000028c5    0x5a  Code  Lc  em_adc.o [5]
ADC_Init                0x0000293d    0x32  Code  Gb  em_adc.o [5]
ADC_InitSingle          0x0000296f    0x46  Code  Gb  em_adc.o [5]
ADC_PrescaleCalc        0x000029c7    0x32  Code  Gb  em_adc.o [5]
ADC_TimebaseCalc        0x000029f9    0x28  Code  Gb  em_adc.o [5]
AES_ECB128              0x0000db6d    0x52  Code  Gb  em_aes.o [5]
AES_IRQHandler          0x0000dc51          Code  Wk  isr-stubs.o [5]
ALIGN_CSTACK$$Base      0x20004888           --   Gb  - Linker created -
ALIGN_CSTACK$$Limit     0x200051e8           --   Gb  - Linker created -
APPRO_block$$Base       0x00000100           --   Gb  - Linker created -
APPRO_block$$Limit      0x0000e9a8           --   Gb  - Linker created -
APPRW_block$$Base       0x20004888           --   Gb  - Linker created -
APPRW_block$$Limit      0x20007ff0           --   Gb  - Linker created -
APP_RAM$$Base           0x00000000           --   Gb  - Linker created -
APP_RAM$$Length         0x00000000           --   Gb  - Linker created -
BSP_LedClear            0x00002b99    0x14  Code  Gb  bsp_stk_leds.o [5]
BSP_LedsInit            0x00002b6b    0x2e  Code  Gb  bsp_stk_leds.o [5]
BURTC_IRQHandler        0x0000dc51          Code  Wk  isr-stubs.o [5]
BUS_RegBitRead          0x0000211f     0xe  Code  Lc  em_cmu.o [5]
BUS_RegBitWrite         0x00002111     0xe  Code  Lc  em_cmu.o [5]
BUS_RegBitWrite         0x0000d881     0xe  Code  Lc  em_dma.o [5]
BUS_RegBitWrite         0x00002a49     0xe  Code  Lc  em_gpio.o [5]
BUS_RegBitWrite         0x0000d77d     0xe  Code  Lc  em_rmu.o [5]
BUS_RegBitWrite         0x00003f55     0xe  Code  Lc  em_wdog.o [5]
BUS_RegBitWrite         0x0000b705     0xe  Code  Lc  sleep.o [5]
BlockingComplete        0x0000c36d     0xa  Code  Lc  spidrv.o [5]
CMU_ClockDivSet         0x00002291   0x132  Code  Gb  em_cmu.o [5]
CMU_ClockEnable         0x000023e7    0x94  Code  Gb  em_cmu.o [5]
CMU_ClockFreqGet        0x0000247b   0x10c  Code  Gb  em_cmu.o [5]
CMU_ClockSelectGet      0x00002595    0xb6  Code  Gb  em_cmu.o [5]
CMU_ClockSelectSet      0x0000264b   0x176  Code  Gb  em_cmu.o [5]
CMU_IRQHandler          0x0000dc51          Code  Wk  isr-stubs.o [5]
CMU_OscillatorEnable    0x000027f1    0x5c  Code  Gb  em_cmu.o [5]
COM_ForceWriteData      0x000044a1    0x14  Code  Gb  com.o [5]
COM_Init                0x0000423d    0x82  Code  Gb  com.o [5]
COM_InternalPowerDown   0x000040b9    0x34  Code  Gb  com.o [5]
COM_InternalPowerUp     0x000040ed    0x32  Code  Gb  com.o [5]
COM_Printf              0x000043b9    0x18  Code  Gb  com.o [5]
COM_PrintfVarArg        0x00004397    0x22  Code  Gb  com.o [5]
COM_ReadAvailable       0x000042bf    0x16  Code  Gb  com.o [5]
COM_ReadByte            0x000042d5    0x5c  Code  Gb  com.o [5]
COM_WaitSend            0x000044b5    0x18  Code  Gb  com.o [5]
COM_WriteByte           0x00004381    0x10  Code  Gb  com.o [5]
COM_WriteData           0x000043d1    0xa2  Code  Gb  com.o [5]
COM_pendingWrite        0x00004331    0x50  Code  Gb  com.o [5]
CSTACK$$Base            0x20004888           --   Gb  - Linker created -
CSTACK$$Limit           0x200051e8           --   Gb  - Linker created -
CheckParams             0x00008765    0x20  Code  Lc  uartdrv.o [5]
ConfigGPIO              0x0000c377   0x15c  Code  Lc  spidrv.o [5]
ConfigGPIO              0x00008785   0x124  Code  Lc  uartdrv.o [5]
DAC0_IRQHandler         0x0000dc51          Code  Wk  isr-stubs.o [5]
DEBUG_CHANNEL$$Base     0x00000000           --   Gb  - Linker created -
DEBUG_CHANNEL$$Limit    0x00000000           --   Gb  - Linker created -
DLIB_PERTHREAD_INITIALIZED_DATA$$Base
                        0x20005600           --   Gb  - Linker created -
DLIB_PERTHREAD_INITIALIZED_DATA$$Limit
                        0x20005600           --   Gb  - Linker created -
DLIB_PERTHREAD_ZERO_DATA$$Base
                        0x20005600           --   Gb  - Linker created -
DLIB_PERTHREAD_ZERO_DATA$$Length
                        0x00000000           --   Gb  - Linker created -
DLIB_PERTHREAD_ZERO_DATA$$Limit
                        0x20005600           --   Gb  - Linker created -
DMADRV_AllocateChannel  0x0000b769    0x4c  Code  Gb  dmadrv.o [5]
DMADRV_Init             0x0000b7bf    0x54  Code  Gb  dmadrv.o [5]
DMADRV_MemoryPeripheral
                        0x0000b813     0xc  Code  Gb  dmadrv.o [5]
DMADRV_PeripheralMemory
                        0x0000b81f     0xa  Code  Gb  dmadrv.o [5]
DMADRV_TransferRemainingCount
                        0x0000b855    0x46  Code  Gb  dmadrv.o [5]
DMA_ActivateBasic       0x0000d96b    0x20  Code  Gb  em_dma.o [5]
DMA_ActivatePingPong    0x0000d991    0x34  Code  Gb  em_dma.o [5]
DMA_CfgChannel          0x0000d9cf    0x40  Code  Gb  em_dma.o [5]
DMA_CfgDescr            0x0000da0f    0x34  Code  Gb  em_dma.o [5]
DMA_IRQHandler          0x0000d905    0x66  Code  Gb  em_dma.o [5]
DMA_Init                0x0000da43    0x34  Code  Gb  em_dma.o [5]
DMA_Prepare             0x0000d88f    0x76  Code  Lc  em_dma.o [5]
DMA_RefreshPingPong     0x0000da77    0x66  Code  Gb  em_dma.o [5]
DMA_Reset               0x0000dae7    0x30  Code  Gb  em_dma.o [5]
DelayTicksEM1           0x00002d5b    0x64  Code  Lc  ustimer.o [5]
DelayTicksPolled        0x00002d39    0x22  Code  Lc  ustimer.o [5]
DequeueBuffer           0x0000857d    0x36  Code  Lc  uartdrv.o [5]
DisableReceiver         0x000085f9    0x10  Code  Lc  uartdrv.o [5]
DmaBasicCallback        0x0000b8b9    0x1a  Code  Lc  dmadrv.o [5]
DmaPingPongCallback     0x0000b8d3    0x3e  Code  Lc  dmadrv.o [5]
EMHEAP$$Base            0x20000000           --   Gb  - Linker created -
EMHEAP$$Limit           0x20000fa0           --   Gb  - Linker created -
EMHEAP_overlay$$Base    0x20000000           --   Gb  - Linker created -
EMHEAP_overlay$$Limit   0x20000fa0           --   Gb  - Linker created -
EMU_EnterEM2            0x00004965    0x4e  Code  Gb  em_emu.o [5]
EMU_EnterEM3            0x000049b3    0x64  Code  Gb  em_emu.o [5]
EMU_IRQHandler          0x0000dc51          Code  Wk  isr-stubs.o [5]
EMU_UpdateOscConfig     0x00004a23     0xa  Code  Gb  em_emu.o [5]
ERASE_CRITICAL_THRESHOLD
                        0x0000dde0     0x2  Data  Gb  sim-eeprom.o [14]
EnableReceiver          0x000085e3    0x16  Code  Lc  uartdrv.o [5]
EnqueueBuffer           0x00008521    0x5c  Code  Lc  uartdrv.o [5]
FcApplyState            0x000084d1    0x50  Code  Lc  uartdrv.o [5]
GPIOINT_CallbackRegister
                        0x0000bc7b    0x2c  Code  Gb  gpiointerrupt.o [5]
GPIOINT_IRQDispatcher   0x0000bca7    0x28  Code  Lc  gpiointerrupt.o [5]
GPIOINT_Init            0x0000bc5f    0x1c  Code  Gb  gpiointerrupt.o [5]
GPIO_EVEN_IRQHandler    0x0000bccf     0xe  Code  Gb  gpiointerrupt.o [5]
GPIO_InputSenseSet      0x0000bf31     0xe  Code  Lc  ext-device.o [5]
GPIO_IntConfig          0x00002a7b    0x4c  Code  Gb  em_gpio.o [5]
GPIO_ODD_IRQHandler     0x0000bcf1    0x12  Code  Gb  gpiointerrupt.o [5]
GPIO_PinInGet           0x0000c6b5    0x18  Code  Lc  button.o [5]
GPIO_PinModeSet         0x00002ad3    0x70  Code  Gb  em_gpio.o [5]
GPIO_PinOutClear        0x00002b59    0x12  Code  Lc  bsp_stk_leds.o [5]
GPIO_PinOutClear        0x00002a57    0x12  Code  Lc  em_gpio.o [5]
GPIO_PinOutClear        0x0000bf3f    0x12  Code  Lc  ext-device.o [5]
GPIO_PinOutClear        0x00008411    0x14  Code  Lc  uartdrv.o [5]
GPIO_PinOutClear        0x00001255    0x14  Code  Lc  connect-callbacks.o [1]
GPIO_PinOutSet          0x00002a69    0x12  Code  Lc  em_gpio.o [5]
GPIO_PinOutSet          0x0000bf51    0x12  Code  Lc  ext-device.o [5]
GPIO_PinOutSet          0x00008425    0x14  Code  Lc  uartdrv.o [5]
GPIO_PinOutSet          0x00001269    0x14  Code  Lc  connect-callbacks.o [1]
GetTailBuffer           0x000085b3    0x1e  Code  Lc  uartdrv.o [5]
HEADER_block$$Base      0x00000000           --   Gb  - Linker created -
HEADER_block$$Limit     0x00000100           --   Gb  - Linker created -
HwFcGetClearToSendPin   0x00008461    0x20  Code  Lc  uartdrv.o [5]
HwFcManageClearToSend   0x00008481    0x50  Code  Lc  uartdrv.o [5]
I2C0_IRQHandler         0x0000dc51          Code  Wk  isr-stubs.o [5]
I2C1_IRQHandler         0x0000dc51          Code  Wk  isr-stubs.o [5]
ID_COUNT                0x0000dde2     0x2  Data  Gb  sim-eeprom.o [14]
INTERNAL_STORAGE$$Base  0x00000000           --   Gb  - Linker created -
INT_Disable             0x00004091    0x16  Code  Lc  com.o [5]
INT_Disable             0x0000b741    0x16  Code  Lc  dmadrv.o [5]
INT_Disable             0x00007e19    0x16  Code  Lc  rtcdriver.o [5]
INT_Disable             0x0000c129    0x16  Code  Lc  spidrv.o [5]
INT_Disable             0x00008439    0x16  Code  Lc  uartdrv.o [5]
INT_Enable              0x000040a7    0x12  Code  Lc  com.o [5]
INT_Enable              0x0000b757    0x12  Code  Lc  dmadrv.o [5]
INT_Enable              0x00007e2f    0x12  Code  Lc  rtcdriver.o [5]
INT_Enable              0x0000c13f    0x12  Code  Lc  spidrv.o [5]
INT_Enable              0x0000844f    0x12  Code  Lc  uartdrv.o [5]
INT_LockCnt             0x20005f28     0x4  Data  Gb  em_int.o [5]
LCD_IRQHandler          0x0000dc51          Code  Wk  isr-stubs.o [5]
LEFT_BASE               0x0000ddd8     0x2  Data  Gb  sim-eeprom.o [14]
LEFT_TOP                0x0000ddda     0x2  Data  Gb  sim-eeprom.o [14]
LESENSE_IRQHandler      0x0000dc51          Code  Wk  isr-stubs.o [5]
LETIMER0_IRQHandler     0x0000dc51          Code  Wk  isr-stubs.o [5]
LEUART0_IRQHandler      0x0000dc51          Code  Wk  isr-stubs.o [5]
LEUART1_IRQHandler      0x0000dc51          Code  Wk  isr-stubs.o [5]
MPU_ConfigureRegion     0x00008c55    0x50  Code  Gb  em_mpu.o [5]
MPU_Disable             0x000046d1    0x14  Code  Lc  mpu.o [5]
MSC_Deinit              0x00003f33    0x10  Code  Gb  em_msc.o [5]
MSC_ErasePage           0x2000531f    0x66  Code  Gb  em_msc.o [5]
MSC_IRQHandler          0x0000dc51          Code  Wk  isr-stubs.o [5]
MSC_Init                0x00003edd    0x42  Code  Gb  em_msc.o [5]
MSC_LoadWriteData       0x200051f1    0xa0  Code  Lc  em_msc.o [5]
MSC_MassErase           0x20005389    0x24  Code  Gb  em_msc.o [5]
MSC_WriteWord           0x20005385     0x4  Code  Gb  em_msc.o [5]
MSC_WriteWordI          0x20005291    0x8e  Code  Lc  em_msc.o [5]
NVIC_ClearPendingIRQ    0x0000407d    0x14  Code  Lc  com.o [5]
NVIC_ClearPendingIRQ    0x0000bc4d     0xa  Code  Lc  gpiointerrupt.o [5]
NVIC_ClearPendingIRQ    0x00007e05    0x14  Code  Lc  rtcdriver.o [5]
NVIC_ClearPendingIRQ    0x00002be1    0x12  Code  Lc  ustimer.o [5]
NVIC_EnableIRQ          0x0000bc41     0xc  Code  Lc  gpiointerrupt.o [5]
PCNT0_IRQHandler        0x0000dc51          Code  Wk  isr-stubs.o [5]
PCNT1_IRQHandler        0x0000dc51          Code  Wk  isr-stubs.o [5]
PCNT2_IRQHandler        0x0000dc51          Code  Wk  isr-stubs.o [5]
PRS_SourceAsyncSignalSet
                        0x0000db4d    0x18  Code  Gb  em_prs.o [5]
PTR_CACHE_SIZE          0x0000dde4     0x2  Data  Gb  sim-eeprom.o [14]
REAL_PAGES_PER_VIRTUAL  0x0000ddd4     0x1  Data  Gb  sim-eeprom.o [14]
REAL_PAGE_SIZE          0x0000ddd6     0x2  Data  Gb  sim-eeprom.o [14]
RESETINFO$$Base         0x20000000           --   Gb  - Linker created -
RESETINFO$$Limit        0x2000009c           --   Gb  - Linker created -
RIGHT_BASE              0x0000dddc     0x2  Data  Gb  sim-eeprom.o [14]
RIGHT_TOP               0x0000ddde     0x2  Data  Gb  sim-eeprom.o [14]
RMU_ResetCauseClear     0x0000d78b    0x36  Code  Gb  em_rmu.o [5]
RMU_ResetCauseGet       0x0000d7c1    0x2e  Code  Gb  em_rmu.o [5]
RTCDRV_AllocateTimer    0x00007e41    0x46  Code  Gb  rtcdriver.o [5]
RTCDRV_GetWallClockTicks64
                        0x00008137    0x1c  Code  Gb  rtcdriver.o [5]
RTCDRV_Init             0x00007e87    0x8c  Code  Gb  rtcdriver.o [5]
RTCDRV_StartTimer       0x00007f13   0x16a  Code  Gb  rtcdriver.o [5]
RTCDRV_StopTimer        0x00008087    0x24  Code  Gb  rtcdriver.o [5]
RTCDRV_TicksToMsec      0x00008153    0x12  Code  Gb  rtcdriver.o [5]
RTCDRV_TimeRemaining    0x000080c3    0x74  Code  Gb  rtcdriver.o [5]
RTC_CompareGet          0x0000b6ad    0x16  Code  Gb  em_rtc.o [5]
RTC_CompareSet          0x0000b6c3    0x12  Code  Gb  em_rtc.o [5]
RTC_CounterReset        0x0000b6f5     0xe  Code  Gb  em_rtc.o [5]
RTC_IRQHandler          0x00008177    0x68  Code  Gb  rtcdriver.o [5]
RTC_Init                0x0000b6d5    0x18  Code  Gb  em_rtc.o [5]
ReceiveDmaComplete      0x00008669    0x90  Code  Lc  uartdrv.o [5]
RxDMAComplete           0x0000c4f5    0x3c  Code  Lc  spidrv.o [5]
SIMEE$$Base             0x0003e000           --   Gb  - Linker created -
SIMEE$$Limit            0x00040000           --   Gb  - Linker created -
SLEEP_SleepBlockBegin   0x0000b713    0x18  Code  Gb  sleep.o [5]
SPIDRV_Init             0x0000c151   0x186  Code  Gb  spidrv.o [5]
SPIDRV_MTransferB       0x0000c2e9    0x20  Code  Gb  spidrv.o [5]
SPIDRV_MTransmitB       0x0000c327    0x1c  Code  Gb  spidrv.o [5]
StartReceiveDma         0x00008609    0x28  Code  Lc  uartdrv.o [5]
StartTransfer           0x0000b911   0x172  Code  Lc  dmadrv.o [5]
StartTransferDMA        0x0000c531    0x28  Code  Lc  spidrv.o [5]
StartTransmitDMA        0x0000c559    0x28  Code  Lc  spidrv.o [5]
StartTransmitDma        0x00008631    0x28  Code  Lc  uartdrv.o [5]
Sundial_Port            0x200055f8     0x1  Data  Gb  connect-callbacks.o [1]
SystemCoreClock         0x20005ca4     0x4  Data  Gb  system_ezr32wg.o [6]
SystemCoreClockGet      0x000047b5    0x24  Code  Gb  system_ezr32wg.o [6]
SystemHFClockGet        0x000047dd    0x7c  Code  Gb  system_ezr32wg.o [6]
SystemHFXOClock         0x200053d0     0x4  Data  Lc  system_ezr32wg.o [6]
SystemHFXOClockGet      0x00004859     0x6  Code  Gb  system_ezr32wg.o [6]
SystemInit              0x0000485f     0xc  Code  Gb  system_ezr32wg.o [6]
SystemLFRCOClockGet     0x0000486b     0x2  Code  Gb  system_ezr32wg.o [6]
SystemLFXOClock         0x200053d4     0x4  Data  Lc  system_ezr32wg.o [6]
SystemLFXOClockGet      0x00004879     0x6  Code  Gb  system_ezr32wg.o [6]
SystemMaxCoreClockGet   0x000047d9     0x4  Code  Gb  system_ezr32wg.o [6]
SystemULFRCOClockGet    0x00004873     0x6  Code  Gb  system_ezr32wg.o [6]
TIMER0_IRQHandler       0x00002d25    0x14  Code  Gb  ustimer.o [5]
TIMER1_IRQHandler       0x0000dc51          Code  Wk  isr-stubs.o [5]
TIMER2_IRQHandler       0x0000dc51          Code  Wk  isr-stubs.o [5]
TIMER3_IRQHandler       0x0000bedd    0x12  Code  Gb  symbol-timer.o [5]
TIMER_Init              0x00004a4d    0x90  Code  Gb  em_timer.o [5]
TIMER_InitCC            0x00004add    0x60  Code  Gb  em_timer.o [5]
TOKEN_MFG_CCA_THRESHOLD
                        0x0000e754     0x2  Data  Gb  mfg-token.o [5]
TOKEN_MFG_EUI_64        0x0000e756     0x2  Data  Gb  mfg-token.o [5]
TOKEN_MFG_PHY_CONFIG    0x0000e752     0x2  Data  Gb  mfg-token.o [5]
TOKEN_STACK_ANALYSIS_REBOOT_DEFAULTS
                        0x0000e152     0x2  Data  Gb  token-def.o [5]
TOKEN_STACK_CHILD_TABLE_DEFAULTS
                        0x0000e174     0xc  Data  Gb  token-def.o [5]
TOKEN_STACK_LAST_ASSIGNED_ID_DEFAULTS
                        0x0000e170     0x2  Data  Gb  token-def.o [5]
TOKEN_STACK_NODE_DATA_DEFAULTS
                        0x0000e164     0xc  Data  Gb  token-def.o [5]
TOKEN_STACK_NONCE_COUNTER_DEFAULTS
                        0x0000e180     0x4  Data  Gb  token-def.o [5]
TOKEN_STACK_NVDATA_VERSION_DEFAULTS
                        0x0000e150     0x2  Data  Gb  token-def.o [5]
TOKEN_STACK_SECURITY_KEY_DEFAULTS
                        0x0000e154    0x10  Data  Gb  token-def.o [5]
TransferApiBlockingPrologue
                        0x0000c5db    0x26  Code  Lc  spidrv.o [5]
TransmitDmaComplete     0x00008705    0x48  Code  Lc  uartdrv.o [5]
UART0_RX_IRQHandler     0x0000dc51          Code  Wk  isr-stubs.o [5]
UART0_TX_IRQHandler     0x0000dc51          Code  Wk  isr-stubs.o [5]
UART1_RX_IRQHandler     0x0000dc51          Code  Wk  isr-stubs.o [5]
UART1_TX_IRQHandler     0x0000dc51          Code  Wk  isr-stubs.o [5]
UARTDRV_ForceTransmit   0x00008ad5    0x60  Code  Gb  uartdrv.o [5]
UARTDRV_GetReceiveStatus
                        0x00008a83    0x2e  Code  Gb  uartdrv.o [5]
UARTDRV_GetTransmitDepth
                        0x00008ab1     0x2  Code  Gb  uartdrv.o [5]
UARTDRV_Init            0x000088b1   0x1d2  Code  Gb  uartdrv.o [5]
UARTDRV_Receive         0x00008b35    0x2e  Code  Gb  uartdrv.o [5]
UARTDRV_Transmit        0x00008b8d    0x28  Code  Gb  uartdrv.o [5]
USART0_RX_IRQHandler    0x0000dc51          Code  Wk  isr-stubs.o [5]
USART0_TX_IRQHandler    0x0000dc51          Code  Wk  isr-stubs.o [5]
USART1_RX_IRQHandler    0x0000dc51          Code  Wk  isr-stubs.o [5]
USART1_TX_IRQHandler    0x0000dc51          Code  Wk  isr-stubs.o [5]
USART2_RX_IRQHandler    0x0000dc51          Code  Wk  isr-stubs.o [5]
USART2_TX_IRQHandler    0x0000dc51          Code  Wk  isr-stubs.o [5]
USART_BaudrateAsyncSet  0x0000babd    0x58  Code  Gb  em_usart.o [5]
USART_BaudrateSyncSet   0x0000bb15    0x36  Code  Gb  em_usart.o [5]
USART_Enable            0x0000bb4b     0xe  Code  Gb  em_usart.o [5]
USART_InitAsync         0x0000bb59    0x40  Code  Gb  em_usart.o [5]
USART_InitSync          0x0000bb99    0x56  Code  Gb  em_usart.o [5]
USART_Reset             0x0000bbf5    0x34  Code  Gb  em_usart.o [5]
USB_IRQHandler          0x0000dc51          Code  Wk  isr-stubs.o [5]
USTIMER_Delay           0x00002ca1    0x30  Code  Gb  ustimer.o [5]
USTIMER_DelayIntSafe    0x00002cd1    0x30  Code  Gb  ustimer.o [5]
USTIMER_Init            0x00002bf3    0xae  Code  Gb  ustimer.o [5]
VCMP_IRQHandler         0x0000dc51          Code  Wk  isr-stubs.o [5]
WDOG_Enable             0x00003f63    0x10  Code  Gb  em_wdog.o [5]
WDOG_Feed               0x00003f77    0x1a  Code  Gb  em_wdog.o [5]
WDOG_Init               0x00003f91    0x60  Code  Gb  em_wdog.o [5]
WDOG_Lock               0x00003ff1     0xe  Code  Gb  em_wdog.o [5]
WaitForTransferCompletion
                        0x0000c61f    0x2e  Code  Lc  spidrv.o [5]
__DLIB_PERTHREAD_init$$Base
                        0x00000000           --   Gb  - Linker created -
__DLIB_PERTHREAD_init$$Length
                        0x00000000           --   Gb  - Linker created -
__aeabi_d2iz            0x0000322d          Code  Gb  DblToI32.o [20]
__aeabi_ddiv            0x00002fd5          Code  Gb  DblDiv.o [20]
__aeabi_dmul            0x00002e31          Code  Gb  DblMul.o [20]
__aeabi_ldiv0           0x00008cb5          Code  Gb  I64DivZer.o [24]
__aeabi_memclr          0x0000ddcd          Code  Gb  ABImemclr.o [24]
__aeabi_memclr4         0x00001e8d          Code  Gb  ABImemclr4.o [24]
__aeabi_memset          0x000011ed          Code  Gb  ABImemset.o [24]
__aeabi_ui2d            0x00002e15          Code  Gb  I32ToDbl.o [20]
__aeabi_uldivmod        0x00004b3d          Code  Gb  I64DivMod.o [24]
__iar_Memset            0x000011ed          Code  Gb  ABImemset.o [24]
__iar_Memset4_word      0x00004769          Code  Gb  ABImemset48.o [24]
__iar_Memset8_word      0x00004769          Code  Gb  ABImemset48.o [24]
__iar_Memset_word       0x000011f5          Code  Gb  ABImemset.o [24]
__iar_d2uiz             0x00003259          Code  Gb  DblToI32.o [20]
__iar_ui2d              0x00002e19          Code  Gb  I32ToDbl.o [20]
__iar_unaligned___aeabi_memcpy
                        0x00004005          Code  Gb  ABImemcpy_unaligned.o [24]
__iar_unaligned___aeabi_memcpy4
                        0x00004025          Code  Gb  ABImemcpy_unaligned.o [24]
__iar_unaligned___aeabi_memcpy8
                        0x00004025          Code  Gb  ABImemcpy_unaligned.o [24]
__iar_unaligned_strcmp  0x0000bd09          Code  Gb  strcmp_unaligned.o [24]
__vector_table          0x00000100    0xdc  Data  Gb  cstartup-common.o [5]
_basePriIsDisabled      0x0000479d          Code  Gb  spmr.o [19]
_clearPriMask           0x0000b73d          Code  Gb  spmr.o [19]
_disableBasePri         0x00001c79          Code  Gb  spmr.o [19]
_enableBasePri          0x000047ad          Code  Gb  spmr.o [19]
_executeBarrierInstructions
                        0x00008ca5          Code  Gb  spmr.o [19]
_setPriMask             0x0000b739          Code  Gb  spmr.o [19]
_writeBasePri           0x00004761          Code  Gb  spmr.o [19]
adc0TakeMeasurement     0x0000142f    0x34  Code  Lc  connect-callbacks.o [1]
adcEventControl         0x20007bdc     0x8  Data  Gb  connect-callbacks.o [1]
adcHandler              0x0000134b    0x1c  Code  Gb  connect-callbacks.o [1]
addMessage              0x0000d439    0x9c  Code  Lc  mailbox-server.o [9]
ageChildren             0x00006af9    0x4e  Code  Lc  child-table.o [22]
allowIdling             0x20007fe4     0x1  Data  Lc  event-control.o [26]
amalgamateQueue         0x20007d00     0x4  Data  Lc  buffer-management.o [26]
applicationBeaconPayload
                        0x20007d1c    0x10  Data  Lc  association.o [18]
applicationBeaconPayloadLength
                        0x20007d09     0x1  Data  Lc  association.o [18]
arePageCountersOkay     0x00000627    0x3e  Code  Lc  sim-eeprom-internal.o [25]
associationRequestHandler
                        0x00003b75    0x34  Code  Lc  association.o [18]
asynchronousHeapLimit   0x20007d04     0x4  Data  Lc  buffer-management.o [26]
auxClkGet               0x0000212d    0x54  Code  Lc  em_cmu.o [5]
backoffExponent         0x20007e1e     0x1  Data  Lc  lower-mac-pro2.o [23]
bitmasks                0x200055f7     0x1  Data  Lc  debug-print.o [3]
bufferTracker           0x20007cec     0x2  Data  Lc  buffer-management.o [26]
button0State            0x20007fdc     0x1  Data  Gb  button.o [5]
button1State            0x20007fdd     0x1  Data  Gb  button.o [5]
buttonIrqCallback       0x0000c7a5    0x5e  Code  Gb  button.o [5]
bytesToWrite            0x20007c22     0x2  Data  Lc  phy.o [23]
calculateMic            0x0000a9b1    0xb8  Code  Lc  security-aes.o [17]
calculatePower          0x0000164f    0x28  Code  Lc  connect-callbacks.o [1]
callCommandAction       0x0000ccb9   0x17c  Code  Lc  command-interpreter.o [2]
callEnergyScanCompleteHandler
                        0x0000abc5    0x86  Code  Lc  scan.o [18]
callMessageSentHandler  0x00009b57    0x32  Code  Lc  indirect-queue.o [22]
callbackEnd             0x00003e5b     0x8  Code  Gb  system-timer.o [19]
cfsrBits                0x0000b4e8    0x68  Data  Lc  diagnostic.o [4]
chTable                 0x20005ed4    0x50  Data  Lc  dmadrv.o [5]
charDowncase            0x0000cc8f     0xe  Code  Lc  command-interpreter.o [2]
checkAllTimers          0x000081e9    0x94  Code  Lc  rtcdriver.o [5]
checkAndUpdateFrameCounter
                        0x000069b3    0x8e  Code  Lc  security-common.o [26]
checkAndUpdatePeerFrameCounter
                        0x00006901    0xb2  Code  Lc  security-common.o [26]
checkForSimEe2DataExistence
                        0x00000665    0x5a  Code  Gb  sim-eeprom-internal.o [25]
childTable              0x200058c4   0x140  Data  Lc  ember-configuration.o [15]
cmuStatus               0x20005f24     0x4  Data  Lc  em_emu.o [5]
com3RxBufferQueue       0x200053d8    0x80  Data  Lc  com.o [5]
com3RxFifoQueue         0x20005ca8    0x48  Data  Lc  com.o [5]
com3TxBufferQueue       0x20005458    0x80  Data  Lc  com.o [5]
com3TxFifoQueue         0x20005cf0    0x88  Data  Lc  com.o [5]
comRxBufferQueues       0x20005508    0x10  Data  Gb  com.o [5]
comRxQueueSize          0x00004500     0x8  Data  Gb  com.o [5]
comRxQueues             0x200054f8    0x10  Data  Gb  com.o [5]
comTxBufferQueues       0x20005518    0x10  Data  Gb  com.o [5]
comTxQueueSize          0x000044f8     0x8  Data  Gb  com.o [5]
comTxQueues             0x200054e8    0x10  Data  Gb  com.o [5]
comhandle               0x200054d8    0x10  Data  Gb  com.o [5]
comhandledata           0x20005e50    0x40  Data  Lc  com.o [5]
commandState            0x20005fb4    0x78  Data  Lc  command-interpreter.o [2]
compressPointer         0x00008eb9    0x12  Code  Lc  buffer-management.o [26]
computeMic              0x0000a75b    0x8e  Code  Lc  security-xxtea.o [28]
convertKey              0x0000c837    0x2a  Code  Lc  xxtea.o [28]
copyTokensToOtherPage   0x00000a59   0x1d0  Code  Lc  sim-eeprom-internal.o [25]
coreKey                 0x20007fc0    0x10  Data  Lc  aes.o [19]
countIncremarks         0x00000e3b    0x3a  Code  Lc  sim-eeprom-internal.o [25]
counters                0x20007dcc    0x48  Data  Lc  counters.o [27]
csmaKickstart           0x0000a0b7    0x16  Code  Lc  lower-mac-pro2.o [23]
cstackMemory            0x20004888   0x960  Data  Gb  cstartup-common.o [5]
currentChannel          0x20007fe3     0x1  Data  Gb  connect-callbacks.o [1]
currentIncomingFrame    0x20007e2c     0x2  Data  Lc  lower-mac-pro2.o [23]
currentOutgoingPacketTag
                        0x20007bf0     0x1  Data  Lc  upper-mac.o [26]
currentUser             0x200055d4     0x4  Data  Lc  buffer-management.o [26]
dmaCallBack             0x20005ea4    0x30  Data  Lc  dmadrv.o [5]
dmaControlBlock         0x20005600   0x200  Data  Gb  dmactrl.o [5]
dma_IEN                 0x20005e90     0x4  Data  Gb  com.o [5]
dutyCycleLimits         0x0000df74     0x4  Data  Lc  phy-config-connect.o [11]
edCcaThreshold          0x200055cb     0x1  Data  Lc  phy.o [23]
emActiveTaskCount       0x20007fe5     0x1  Data  Lc  event-control.o [26]
emAddAuxiliaryMacHeader
                        0x00006857    0x22  Code  Gb  security-common.o [26]
emAesEncrypt            0x0000ca45    0x20  Code  Gb  aes.o [19]
emAesSecurityLibraryStatus
                        0x0000e75f     0x1  Data  Gb  security-aes.o [17]
emAfPluginMailboxClientEventControl
                        0x20005c9c     0x8  Data  Gb  mailbox-client.o [8]
emAfPluginMailboxClientIncomingMessageCallback
                        0x0000d10d    0xda  Code  Gb  mailbox-client.o [8]
emAfPluginMailboxClientInitCallback
                        0x0000d105     0x8  Code  Gb  mailbox-client.o [8]
emAfPluginMailboxClientMessageSentCallback
                        0x0000d1f3    0x9c  Code  Gb  mailbox-client.o [8]
emAfPluginMailboxServerEventControl
                        0x20005af8     0x8  Data  Gb  mailbox-server.o [9]
emAfPluginMailboxServerIncomingMessageCallback
                        0x0000d2f9    0x72  Code  Gb  mailbox-server.o [9]
emAfPluginMailboxServerInitCallback
                        0x0000d2b9    0x1c  Code  Gb  mailbox-server.o [9]
emAfPluginMailboxServerMarkBuffersCallback
                        0x0000d2df    0x1a  Code  Gb  mailbox-server.o [9]
emAfPluginMailboxServerMessageSentCallback
                        0x0000d36b    0x60  Code  Gb  mailbox-server.o [9]
emAfPluginMailboxServerStackStatusCallback
                        0x0000d2d5     0xa  Code  Gb  mailbox-server.o [9]
emAppEvents             0x0000e738    0x18  Data  Gb  connect-events.o [1]
emAppTask               0x20007fda     0x1  Data  Gb  main.o [10]
emAssociationEvent      0x20007d44     0x8  Data  Gb  association.o [18]
emAssociationEventHandler
                        0x00003729    0xae  Code  Gb  association.o [18]
emAssociationInProgress
                        0x00003d27     0xc  Code  Gb  association.o [18]
emAssociationResponsePending
                        0x00003d13    0x14  Code  Gb  association.o [18]
emBeaconEvent           0x20007d14     0x8  Data  Gb  association.o [18]
emBeaconEventHandler    0x00003a73    0xb2  Code  Gb  association.o [18]
emBufferBytesRemaining  0x00008e75    0x22  Code  Gb  buffer-management.o [26]
emBufferSystemTick      0x00009bc5     0x8  Code  Gb  buffers-bookkeeping.o [26]
emChildTable            0x200053c0     0x4  Data  Gb  ember-configuration.o [15]
emChildTableAddOrUpdateEntry
                        0x00006bfd    0xb0  Code  Gb  child-table.o [22]
emChildTableBuildShortIdList
                        0x00006d15    0x5c  Code  Gb  child-table.o [22]
emChildTableCheckAndUpdateFrameCounter
                        0x00006e7b    0x26  Code  Gb  child-table.o [22]
emChildTableDataPending
                        0x00006cf3    0x22  Code  Gb  child-table.o [22]
emChildTableEntryChangedHandler
                        0x00007c05    0x48  Code  Gb  coordinator-support.o [22]
emChildTableGetUnusedEntryIndex
                        0x00006bd3    0x2a  Code  Gb  child-table.o [22]
emChildTableInit        0x00006b47    0x30  Code  Gb  child-table.o [22]
emChildTableLoadFromToken
                        0x00006b77    0x5c  Code  Gb  child-table.o [22]
emChildTableLookUp      0x00006cad    0x46  Code  Gb  child-table.o [22]
emChildTableNotifyActivity
                        0x00006dd9    0x9c  Code  Gb  child-table.o [22]
emChildTableSetSecurityTxOptions
                        0x00006d71    0x60  Code  Gb  child-table.o [22]
emCoordinatorCheckOrAllocateShortId
                        0x00007b3b    0x34  Code  Gb  coordinator-support.o [22]
emCoordinatorGetNextHop
                        0x00007b89    0x7c  Code  Gb  coordinator-support.o [22]
emCoordinatorInit       0x00007b09    0x1a  Code  Gb  coordinator-support.o [22]
emCoordinatorResetLastAssignedId
                        0x00007b6f     0xa  Code  Gb  coordinator-support.o [22]
emCounterHandler        0x00007865    0x22  Code  Gb  counters.o [27]
emCountersInit          0x0000785d     0x8  Code  Gb  counters.o [27]
emCurrentRssi           0x20007e20     0x1  Data  Gb  lower-mac-pro2.o [23]
emDecryptAndAuthenticatePacket
                        0x0000689f    0x36  Code  Gb  security-common.o [26]
emDecryptAndAuthenticatePacketAes
                        0x0000a859    0x5a  Code  Gb  security-aes.o [17]
emDecryptAndAuthenticatePacketXxtea
                        0x0000a693    0x82  Code  Gb  security-xxtea.o [28]
emEncryptAndSignPacket  0x00006879    0x26  Code  Gb  security-common.o [26]
emEncryptAndSignPacketAes
                        0x0000a7fd    0x5c  Code  Gb  security-aes.o [17]
emEncryptAndSignPacketXxtea
                        0x0000a607    0x8c  Code  Gb  security-xxtea.o [28]
emEnergyScanInProgress  0x0000ac59    0x10  Code  Gb  scan.o [18]
emEventControlSetActive
                        0x00001f1d    0x16  Code  Gb  event-control.o [26]
emEventControlSetDelayMS
                        0x00001f33    0x1a  Code  Gb  event-control.o [26]
emGenericQueueAdd       0x0000bd4d    0x32  Code  Gb  buffer-queue.o [26]
emGenericQueueRemove    0x0000bdc5    0x64  Code  Gb  buffer-queue.o [26]
emGenericQueueRemoveHead
                        0x0000bd87    0x3e  Code  Gb  buffer-queue.o [26]
emGetBufferLength       0x000093df    0x2c  Code  Gb  buffer-management.o [26]
emGetBufferLink         0x0000940b    0x20  Code  Gb  buffer-management.o [26]
emGetBufferPointer      0x000093b3    0x2c  Code  Gb  buffer-management.o [26]
emGetNextOutgoingFrameCounter
                        0x00006825    0x1a  Code  Gb  security-common.o [26]
emGetPhyRadioChannel    0x00005ad1     0xa  Code  Gb  phy.o [23]
emGetPhyRadioPower      0x00005adb     0xa  Code  Gb  phy.o [23]
emGetSecurityKey        0x00006815    0x10  Code  Gb  security-common.o [26]
emGetSecurityPaddingLength
                        0x000068d5     0xc  Code  Gb  security-common.o [26]
emGetSecurityPaddingLengthAes
                        0x0000a8e5     0x4  Code  Gb  security-aes.o [17]
emGetSecurityPaddingLengthXxtea
                        0x0000a5f1    0x16  Code  Gb  security-xxtea.o [28]
emHeapBase              0x20007cf0     0x4  Data  Lc  buffer-management.o [26]
emHeapLimit             0x20007cf4     0x4  Data  Lc  buffer-management.o [26]
emIncomingAssociationRequestHandler
                        0x00003ba9    0x2a  Code  Gb  association.o [18]
emIncomingAssociationResponseHandler
                        0x00003cf1    0x22  Code  Gb  association.o [18]
emIncomingExtendedAssociationRequestHandler
                        0x00003bd3    0x38  Code  Gb  association.o [18]
emIncomingMacBeaconHandler
                        0x00003981    0xea  Code  Gb  association.o [18]
emIncomingMacBeaconRequestHandler
                        0x00003b31    0x44  Code  Gb  association.o [18]
emIncomingMacCommandHandler
                        0x0000aa69    0xba  Code  Gb  command.o [26]
emIncomingMacLongSourceDataRequestHandler
                        0x00003c15    0xae  Code  Gb  association.o [18]
emIncomingMacShortSourceDataRequestHandler
                        0x00009825    0x66  Code  Gb  indirect-queue.o [22]
emIncomingNwkCommandHandler
                        0x00007349    0xca  Code  Gb  network-command.o [26]
emIndirectPacketQueue   0x200053c8     0x4  Data  Gb  ember-configuration.o [15]
emIndirectQueueAddPacket
                        0x0000988b    0x7e  Code  Gb  indirect-queue.o [22]
emIndirectQueueEvent    0x20007e14     0x8  Data  Gb  indirect-queue.o [22]
emIndirectQueueEventHandler
                        0x000097a5    0x80  Code  Gb  indirect-queue.o [22]
emIndirectQueueInit     0x00009781    0x24  Code  Gb  indirect-queue.o [22]
emIndirectQueueIsEmpty  0x00009965    0x18  Code  Gb  indirect-queue.o [22]
emIndirectQueueTimeouts
                        0x200053cc     0x4  Data  Gb  ember-configuration.o [15]
emInitEui64             0x0000a5d9    0x18  Code  Gb  eui64.o [26]
emInitializeBuffers     0x00008e45    0x30  Code  Gb  buffer-management.o [26]
emLoadFrameCounterFromToken
                        0x0000683f    0x18  Code  Gb  security-common.o [26]
emLoadKeyIntoCore       0x0000ca39     0xa  Code  Gb  aes.o [19]
emLocalEui64            0x20007ed4     0x8  Data  Gb  eui64.o [26]
emLocalNodeId           0x200055ea     0x2  Data  Gb  stack.o [26]
emLocalNodeSupportsSecurity
                        0x000067f3    0x22  Code  Gb  security-common.o [26]
emLocalPanId            0x200055ec     0x2  Data  Gb  stack.o [26]
emLowerMacEvent         0x20007e24     0x8  Data  Gb  lower-mac-pro2.o [23]
emLowerMacEventHandler  0x00009c05    0xe6  Code  Gb  lower-mac-pro2.o [23]
emLowerMacTick          0x00009ceb   0x2e6  Code  Gb  lower-mac-pro2.o [23]
emLowerMacTimerIsr      0x0000a07f     0x6  Code  Gb  lower-mac-pro2.o [23]
emMacAssociationRequestSentHandler
                        0x00003ccf    0x20  Code  Gb  association.o [18]
emMacCommandSentHandler
                        0x0000ab3b    0x2e  Code  Gb  command.o [26]
emMacExtendedAssociationRequestSentHandler
                        0x00003cef     0x2  Code  Gb  association.o [18]
emMacGet32bitField      0x00007821    0x16  Code  Gb  packet-header.o [26]
emMacGetRadioIdleMode   0x00007249     0x6  Code  Gb  upper-mac.o [26]
emMacIncomingPending    0x0000a085    0x1a  Code  Gb  lower-mac-pro2.o [23]
emMacInit               0x00006efd    0x16  Code  Gb  upper-mac.o [26]
emMacKickstart          0x0000715b    0xce  Code  Gb  upper-mac.o [26]
emMacMaxRetries         0x200055b8     0x1  Data  Gb  upper-mac.o [26]
emMacOutgoingBeaconSequenceNumber
                        0x20007fe9     0x1  Data  Gb  upper-mac.o [26]
emMacOutgoingDequeue    0x000096e9    0x68  Code  Gb  mac-queue.o [21]
emMacOutgoingQueue      0x200053c4     0x4  Data  Gb  ember-configuration.o [15]
emMacOutgoingQueueIsEmpty
                        0x00009751    0x22  Code  Gb  mac-queue.o [21]
emMacOutgoingQueueSubmit
                        0x000095ed    0xd8  Code  Gb  mac-queue.o [21]
emMacOutgoingSequenceNumber
                        0x20007fe8     0x1  Data  Gb  upper-mac.o [26]
emMacPacketSendCompleteCallback
                        0x00006fb3    0xc0  Code  Gb  upper-mac.o [26]
emMacPrepareTransmitBuffer
                        0x000070f1    0x62  Code  Gb  upper-mac.o [26]
emMacPurgeIncoming      0x0000a09f    0x12  Code  Gb  lower-mac-pro2.o [23]
emMacQueueInit          0x000095cd    0x20  Code  Gb  mac-queue.o [21]
emMacQueueLibraryStatus
                        0x0000e75d     0x1  Data  Gb  mac-queue.o [21]
emMacReceiveCallback    0x00006f1d    0x96  Code  Gb  upper-mac.o [26]
emMacSend               0x00009bed    0x18  Code  Gb  lower-mac-pro2.o [23]
emMacSetRadioIdleMode   0x0000722f    0x1a  Code  Gb  upper-mac.o [26]
emMacState              0x20007e1c     0x1  Data  Gb  lower-mac-pro2.o [23]
emMacSubmit             0x0000708f    0x62  Code  Gb  upper-mac.o [26]
emMakeMacPacketHeader   0x000076b9    0xbe  Code  Gb  packet-header.o [26]
emMakeNwkPacketHeader   0x00007777    0x1a  Code  Gb  packet-header.o [26]
emMakePhyPacketHeader   0x000076b5     0x4  Code  Gb  packet-header.o [26]
emMallocFreeList        0x20007ce8     0x2  Data  Gb  buffer-management.o [26]
emMarkBuffer            0x00008f95    0x76  Code  Gb  buffer-management.o [26]
emMarkCoordinatorBuffers
                        0x00007b23    0x18  Code  Gb  coordinator-support.o [22]
emMarkIndirectQueueBuffers
                        0x0000997d    0x24  Code  Gb  indirect-queue.o [22]
emMarkLowerMacBuffers   0x0000a0b1     0x6  Code  Gb  lower-mac-pro2.o [23]
emMarkMacQueueBuffers   0x000096c5    0x24  Code  Gb  mac-queue.o [21]
emMarkScanBuffers       0x0000ac4b     0x6  Code  Gb  scan.o [18]
emMarkSecurityBuffers   0x00006a49     0x6  Code  Gb  security-common.o [26]
emMarkTaskActive        0x000020df     0xe  Code  Gb  event-control.o [26]
emMfglibMode            0x20007c18     0x1  Data  Gb  phy.o [23]
emMfglibTransmitComplete
                        0x20007c19     0x1  Data  Gb  phy.o [23]
emNetworkIncomingMessageHandler
                        0x00003445   0x1c8  Code  Gb  network.o [26]
emNetworkMessageSentHandler
                        0x0000332d   0x110  Code  Gb  network.o [26]
emNetworkState          0x20007fe6     0x1  Data  Gb  stack.o [26]
emNetworkSubmit         0x0000364b    0x58  Code  Gb  network.o [26]
emNodeType              0x20007fd6     0x1  Data  Gb  stack.o [26]
emNotifyMacIsIdle       0x00007229     0x6  Code  Gb  upper-mac.o [26]
emNwkCommandSentHandler
                        0x0000741b     0x8  Code  Gb  network-command.o [26]
emNwkIncomingRangeExtenderUpdateHandler
                        0x00007c4d    0x44  Code  Gb  coordinator-support.o [22]
emNwkIncomingRangeExtenderUpdateRequestHandler
                        0x00007a07    0x2c  Code  Gb  parent-support.o [22]
emNwkIncomingShortAddressRequestHandler
                        0x00007c99    0x86  Code  Gb  coordinator-support.o [22]
emNwkIncomingShortAddressResponseHandler
                        0x00007a83    0x28  Code  Gb  parent-support.o [22]
emNwkSendRangeExtenderUpdate
                        0x000074cf    0x1a  Code  Gb  network-command.o [26]
emNwkSendShortAddressRequest
                        0x00007485    0x30  Code  Gb  network-command.o [26]
emNwkSendShortAddressResponse
                        0x000074b5    0x1a  Code  Gb  network-command.o [26]
emPacketHeaderFieldOffset
                        0x00007791    0x8c  Code  Gb  packet-header.o [26]
emPacketReceivedInternalIsrCallback
                        0x0000a02b    0x54  Code  Gb  lower-mac-pro2.o [23]
emParentEvent           0x20007eb4     0x8  Data  Gb  parent-support.o [22]
emParentEventHandler    0x000079d1    0x36  Code  Gb  parent-support.o [22]
emParentGetNewChildId   0x00007a3d     0x6  Code  Gb  parent-support.o [22]
emParentId              0x20007fd8     0x2  Data  Gb  stack.o [26]
emParentInitiateShortAddressRequest
                        0x00007a43    0x40  Code  Gb  parent-support.o [22]
emParentSubmit          0x00007899   0x138  Code  Gb  parent-support.o [22]
emParentSupportLibraryStatus
                        0x0000e75e     0x1  Data  Gb  parent-support.o [22]
emPendingOutgoingPacket
                        0x20007e34    0x80  Data  Gb  lower-mac-pro2.o [23]
emPermitJoin            0x20007d08     0x1  Data  Gb  association.o [18]
emPermitJoiningEvent    0x20007d0c     0x8  Data  Gb  association.o [18]
emPermitJoiningEventHandler
                        0x000037d7     0x4  Code  Gb  association.o [18]
emPhyBandConfig         0x0000dfb4    0x28  Data  Gb  phy-config-connect.o [11]
emPhyBands              0x0000dfdc     0x4  Data  Lc  phy-config-connect.o [11]
emPhyCcaCsmaConfigArray
                        0x0000e750     0x1  Data  Gb  phy.o [23]
emPhyCfg                0x0000dfe0    0x10  Data  Lc  phy-config-connect.o [11]
emPhyConfigMHz          0x0000dff0     0x4  Data  Gb  phy-config-connect.o [11]
emPhyCurrentBandConfig  0x20007c30     0x4  Data  Gb  phy.o [23]
emPhySetCoordinator     0x00005af3     0x2  Code  Gb  phy.o [23]
emPhyTick               0x00005a99    0x38  Code  Gb  phy.o [23]
emPhyToMacQueueAdd      0x00009543    0x1e  Code  Gb  buffer-management.o [26]
emPhyToMacQueueIsEmpty  0x0000957d     0x6  Code  Gb  buffer-management.o [26]
emPhyToMacQueueRemoveHead
[...]
inTimerIRQ              0x20005f70     0x1  Data  Lc  rtcdriver.o [5]
incomingGetMessageCommandHandler
                        0x0000d5ab    0x9a  Code  Lc  mailbox-server.o [9]
indirectDequeue         0x000099f3    0x2c  Code  Lc  indirect-queue.o [22]
indirectPacketQueue     0x20005a54    0x50  Data  Lc  ember-configuration.o [15]
indirectQueueLookUp     0x000099b5    0x3e  Code  Lc  indirect-queue.o [22]
indirectQueueSize       0x000099a1    0x14  Code  Lc  indirect-queue.o [22]
indirectQueueTimeouts   0x20005aa4    0x10  Data  Lc  ember-configuration.o [15]
init                    0x200055a8     0x8  Data  Gb  connect-callbacks.o [1]
initAndRunMainLoop      0x000074e9    0x4c  Code  Gb  main.o [10]
initRTC                 0x00008368     0x4  Data  Lc  rtcdriver.o [5]
initSundialADC          0x00001367    0x5a  Code  Gb  connect-callbacks.o [1]
initSundialGPIO         0x000013c1    0x66  Code  Gb  connect-callbacks.o [1]
initializeNonce         0x0000a953    0x5e  Code  Lc  security-aes.o [17]
initialized             0x20005ea0     0x1  Data  Lc  dmadrv.o [5]
intActiveBits           0x0000b550    0x9c  Data  Lc  diagnostic.o [4]
internalSleepForMilliseconds
                        0x00003e7b    0x16  Code  Lc  system-timer.o [19]
internalState           0x20005c98     0x1  Data  Lc  mailbox-client.o [8]
isHeapPointer           0x00008ead     0xc  Code  Lc  buffer-management.o [26]
isReadyProbeFunction    0x20007ee0     0x4  Data  Lc  sipro2.o [23]
joinData                0x20007d2c    0x14  Data  Lc  association.o [18]
joinFailed              0x00003d9f    0x28  Code  Lc  association.o [18]
joinNetworkQuietly      0x00003d33    0x50  Code  Lc  association.o [18]
lastPollMs              0x20005af0     0x4  Data  Lc  poll.o [12]
lastStart               0x20005f74     0x4  Data  Lc  rtcdriver.o [5]
lastTxSfdTime           0x20007c2c     0x4  Data  Gb  phy.o [23]
lastTxStartedTimeMs     0x200055d0     0x4  Data  Lc  phy.o [23]
ledArray                0x00002bd0    0x10  Data  Lc  bsp_stk_leds.o [5]
left                    0x20007fd3     0x1  Data  Lc  sim-eeprom-internal.o [25]
lfClkGet                0x000021ed    0x88  Code  Lc  em_cmu.o [5]
libraryInfo             0x0000784c    0x10  Data  Lc  ember-library.o [26]
longPollIntervalS       0x200055e4     0x2  Data  Lc  poll.o [12]
macOutgoingQueue        0x20005a04    0x50  Data  Lc  ember-configuration.o [15]
macRetries              0x20007e1f     0x1  Data  Lc  lower-mac-pro2.o [23]
macSendFrame            0x00007269    0xa8  Code  Lc  upper-mac.o [26]
main                    0x00007535    0x82  Code  Gb  main.o [10]
mapChannelToBand        0x0000531f    0x4a  Code  Lc  phy.o [23]
mapMacPgChanToPhyChanBand
                        0x00005ae5     0xe  Code  Lc  phy.o [23]
markers                 0x00009bcc    0x20  Data  Lc  buffers-bookkeeping.o [26]
messageDeliveredHandler
                        0x0000d4d5    0x36  Code  Lc  mailbox-server.o [9]
minTicks                0x20005fb0     0x4  Data  Lc  ustimer.o [5]
moveToNewLocation       0x00009021    0x46  Code  Lc  buffer-management.o [26]
mpuConfig               0x20005538    0x50  Data  Lc  mpu.o [5]
nameStrings             0x0000b5ec    0xc0  Data  Lc  diagnostic.o [4]
newShortId              0x200055ee     0x2  Data  Lc  parent-support.o [22]
nextBuffer              0x00008eef    0x26  Code  Lc  buffer-management.o [26]
nextLocalTag            0x20007fdb     0x1  Data  Lc  mailbox-server.o [9]
nextPacketToExpireIndex
                        0x20005af4     0x1  Data  Lc  mailbox-server.o [9]
nodePush                0x000018b5     0xc  Code  Gb  connect-callbacks.o [1]
nodes_array             0x20006030  0x1b94  Data  Lc  connect-callbacks.o [1]
nodes_array_length      0x20007fd0     0x2  Data  Gb  connect-callbacks.o [1]
noteUse                 0x00008f15    0x80  Code  Lc  buffer-management.o [26]
nullEui                 0x00008e3c     0x8  Data  Lc  mfg-token.o [5]
numberBackoffs          0x20007e1d     0x1  Data  Lc  lower-mac-pro2.o [23]
originalChannel         0x20007ebc     0x1  Data  Lc  scan.o [18]
originalPanId           0x20007ec8     0x2  Data  Lc  scan.o [18]
outgoingFrameCounter    0x20007ed0     0x4  Data  Lc  security-common.o [26]
packetTable             0x20005b00   0x190  Data  Lc  mailbox-server.o [9]
peerFrameCountersList   0x20007ecc     0x2  Data  Lc  security-common.o [26]
pendingMessageData      0x20005c90     0x8  Data  Lc  mailbox-client.o [8]
pendingTasksBitmask     0x20007bf1     0x1  Data  Lc  upper-mac.o [26]
phy2ChEvents            0x200055c8     0x1  Data  Lc  phy.o [23]
phy2Channel             0x200055ca     0x1  Data  Lc  phy.o [23]
phy2L1Events            0x200055c4     0x1  Data  Lc  phy.o [23]
phy2Listening           0x20007c14     0x1  Data  Lc  phy.o [23]
phy2MoEvents            0x200055c7     0x1  Data  Lc  phy.o [23]
phy2PhEvents            0x200055c6     0x1  Data  Lc  phy.o [23]
phy2PtiGpio             0x200055f6     0x1  Data  Gb  micro.o [5]
phy2PtiLog              0x200055ce     0x2  Data  Lc  phy.o [23]
phy2RxCrcEnabled        0x200055c2     0x1  Data  Lc  phy.o [23]
phy2SfdRecvNotificationEnabled
                        0x20007fea     0x1  Data  Lc  phy.o [23]
phy2TxPA                0x20007c34     0x4  Data  Lc  phy.o [23]
phyToMacQueue           0x20007ce6     0x2  Data  Lc  buffer-management.o [26]
power_meas              0x20007bd0     0xc  Data  Gb  connect-callbacks.o [1]
powers10                0x000046ac    0x24  Data  Lc  ember-printf.o [13]
previousCharacter       0x20007fe1     0x1  Data  Lc  command-interpreter.o [2]
printCollectedData      0x0000127d    0xbe  Code  Gb  connect-callbacks.o [1]
printCommandUsage       0x0000ceaf    0x9e  Code  Lc  command-interpreter.o [2]
printVarArg             0x00001eb5    0x26  Code  Lc  debug-print.o [3]
pro2ChEvents            0x200055c9     0x1  Data  Lc  phy.o [23]
pro2CleanupTxState      0x00005607    0x30  Code  Lc  phy.o [23]
pro2DieInfo             0x20007cd8     0xc  Data  Lc  phy.o [23]
pro2ForceCalibration    0x20007c15     0x1  Data  Lc  phy.o [23]
pro2FuncInfo            0x20007c08     0xc  Data  Lc  phy.o [23]
pro2GetAckEvents        0x00005085    0x32  Code  Lc  phy.o [23]
pro2GetFwRev            0x0000511f    0x16  Code  Gb  phy.o [23]
pro2GetInfo             0x000050bd    0x5a  Code  Lc  phy.o [23]
pro2GetOtpId            0x0000513f     0x6  Code  Gb  phy.o [23]
pro2GetPartNum          0x00005135     0xa  Code  Gb  phy.o [23]
pro2GpioCfgPowerUp      0x0000dff8     0xc  Data  Gb  micro.o [5]
pro2GpioConfig          0x000051fd    0x4c  Code  Gb  phy.o [23]
pro2IdleRadio           0x00005307    0x16  Code  Lc  phy.o [23]
pro2Isr                 0x0000587b    0xa8  Code  Lc  phy.o [23]
pro2L1Events            0x200055c5     0x1  Data  Lc  phy.o [23]
pro2MoEvents            0x20007c1b     0x1  Data  Lc  phy.o [23]
pro2OverridePaSelection
                        0x00005369   0x12c  Code  Lc  phy.o [23]
pro2PartInfo            0x20007bfc     0xc  Data  Lc  phy.o [23]
pro2PhDisabled          0x20007fec     0x1  Data  Lc  phy.o [23]
pro2PhEvents            0x20007c1a     0x1  Data  Lc  phy.o [23]
pro2Poke                0x00004fb5    0x26  Code  Gb  phy.o [23]
pro2PowerUp             0x0000592d   0x15c  Code  Lc  phy.o [23]
pro2PoweredUp           0x20007c17     0x1  Data  Lc  phy.o [23]
pro2PtiGpio             0x20007c1c     0x1  Data  Lc  phy.o [23]
pro2PtiLog              0x20007c24     0x2  Data  Lc  phy.o [23]
pro2RadioBootMode       0x200055bc     0x1  Data  Lc  phy.o [23]
pro2ReadOneProperty     0x00004fe1    0x26  Code  Gb  phy.o [23]
pro2ResetEvents         0x0000529b    0x28  Code  Lc  phy.o [23]
pro2RestartRadio        0x00005637    0x3e  Code  Lc  phy.o [23]
pro2RxRssi              0x20007feb     0x1  Data  Lc  phy.o [23]
pro2RxTxFifoInfo        0x00005251    0x48  Code  Lc  phy.o [23]
pro2SetPhEnable         0x00005557    0x38  Code  Lc  phy.o [23]
pro2SetRadioProperties  0x000052c3    0x1e  Code  Lc  phy.o [23]
pro2SetRadioRamPatch    0x000052e1    0x1e  Code  Lc  phy.o [23]
pro2SpiClockMHz         0x0000dff4     0x1  Data  Gb  micro.o [5]
pro2SpiPort             0x20005534     0x4  Data  Gb  micro.o [5]
pro2StartEd             0x0000558f    0x26  Code  Lc  phy.o [23]
pro2StartRx             0x000055bd    0x30  Code  Lc  phy.o [23]
pro2TxCrcEnabled        0x200055c3     0x1  Data  Lc  phy.o [23]
pro2TxPower             0x200055bf     0x1  Data  Lc  phy.o [23]
pro2UpdateEvents        0x0000514b    0xa8  Code  Lc  phy.o [23]
pro2WakeUp              0x00006013    0x78  Code  Lc  phy.o [23]
pro2WriteNProperties    0x0000500d    0x3c  Code  Lc  phy.o [23]
pro2WriteOneProperty    0x00005059    0x22  Code  Gb  phy.o [23]
processPhEvents         0x000057c5    0xb6  Code  Lc  phy.o [23]
processRxComplete       0x00005699   0x12c  Code  Lc  phy.o [23]
ptrCache                0x20005ab4    0x30  Data  Gb  sim-eeprom.o [14]
ptrCacheLoc             0x00000605    0x22  Code  Lc  sim-eeprom-internal.o [25]
pumpRx                  0x00004139    0x3c  Code  Gb  com.o [5]
radioConfigArray        0x0000de14   0x154  Data  Lc  phy-config-connect.o [11]
radioCurrentPowerStatus
                        0x200055c0     0x1  Data  Gb  phy.o [23]
radioIdleMode           0x200055fa     0x1  Data  Lc  upper-mac.o [26]
radioIdlePowerState     0x200055c1     0x1  Data  Lc  phy.o [23]
radioInternalConfigArray
                        0x00005508    0x48  Data  Lc  phy.o [23]
radioRamPatchImage446xRom5Pro2
                        0x0000615c   0x204  Data  Lc  phy.o [23]
radioRamPatchImage446xRom6Pro2
                        0x00006360   0x40c  Data  Lc  phy.o [23]
radioTransmitConfig     0x200055b0     0x8  Data  Gb  upper-mac.o [26]
readCounterValue        0x00000e75    0x34  Code  Lc  sim-eeprom-internal.o [25]
readInt32u              0x0000c811    0x16  Code  Lc  xxtea.o [28]
readTokenData           0x00000583    0x42  Code  Lc  sim-eeprom-internal.o [25]
ready                   0x20007edc     0x1  Data  Lc  sipro2.o [23]
reloadUartBuffer        0x000041a7    0x4a  Code  Lc  com.o [5]
removeEntry             0x00006ab3    0x46  Code  Lc  child-table.o [22]
removePacketFromIndirectQueue
                        0x00009a1f    0xac  Code  Lc  indirect-queue.o [22]
rescheduleRtc           0x000082a3    0x76  Code  Lc  rtcdriver.o [5]
resetCauseMasks         0x0000d800    0x80  Data  Lc  em_rmu.o [5]
resetForNextFrame       0x00005675    0x24  Code  Lc  phy.o [23]
restoreParams           0x0000ac6f    0x28  Code  Lc  scan.o [18]
routingTable            0x20007d4c    0x80  Data  Lc  coordinator-support.o [22]
routingTableGetUnusedEntry
                        0x00007d55    0x18  Code  Lc  coordinator-support.o [22]
routingTableLookUp      0x00007d1f    0x36  Code  Lc  coordinator-support.o [22]
routingTableSetOrAugmentEndDeviceList
                        0x00007d6d    0x8e  Code  Lc  coordinator-support.o [22]
rtcRunning              0x20005f71     0x1  Data  Lc  rtcdriver.o [5]
rtcdrvIsInitialized     0x20005f72     0x1  Data  Lc  rtcdriver.o [5]
rtosIdleHandler         0x0000205d     0x4  Code  Wk  event-control.o [26]
rxBufLen                0x20007c20     0x2  Data  Lc  phy.o [23]
rxBuffer                0x20007c38    0xa0  Data  Lc  phy.o [23]
savedAssertInfo         0x20005e94     0x8  Data  Lc  cstartup-common.o [5]
savedResetCause         0x20005e9c     0x2  Data  Lc  cstartup-common.o [5]
scanFlags               0x20007d40     0x1  Data  Lc  association.o [18]
scheduleNextPoll        0x0000d70d    0x12  Code  Lc  poll.o [12]
seed0                   0x200055e6     0x2  Data  Gb  random.o [5]
seed1                   0x200055e8     0x2  Data  Gb  random.o [5]
sendAddMessageResponseOrMessageStatusCommand
                        0x0000d50b    0x38  Code  Lc  mailbox-server.o [9]
sendDataMessageCommand  0x0000d543    0x68  Code  Lc  mailbox-server.o [9]
sendNwkCommand          0x00007423    0x5e  Code  Lc  network-command.o [26]
setChannel              0x20007bf2     0x1  Data  Lc  upper-mac.o [26]
setRadioParameters      0x00003d83    0x1c  Code  Lc  association.o [18]
shift                   0x00007ad5    0x10  Code  Lc  random.o [5]
shortPollIntervalQS     0x200055e2     0x1  Data  Lc  poll.o [12]
shortPolling            0x20005ae4     0x1  Data  Lc  poll.o [12]
shutdownCallback        0x20007e30     0x4  Data  Gb  lower-mac-pro2.o [23]
siPro2CmdRead           0x0000a217    0x1c  Code  Lc  sipro2.o [23]
siPro2GetFRR            0x0000a2d1    0x3e  Code  Gb  sipro2.o [23]
siPro2GetResponse       0x0000a3cd    0x68  Code  Gb  sipro2.o [23]
siPro2Init              0x0000a23d    0x7a  Code  Gb  sipro2.o [23]
siPro2IntClearPend      0x0000a2c1    0x10  Code  Gb  sipro2.o [23]
siPro2IntDisable        0x0000a2b7     0x4  Code  Gb  sipro2.o [23]
siPro2IntEnable         0x0000a2bb     0x6  Code  Gb  sipro2.o [23]
siPro2IsReady           0x0000a1fd    0x1a  Code  Lc  sipro2.o [23]
siPro2PowerUp           0x0000a233     0xa  Code  Gb  sipro2.o [23]
siPro2ReadRxFifo        0x0000a30f     0x8  Code  Gb  sipro2.o [23]
siPro2SendCommand       0x0000a383    0x44  Code  Gb  sipro2.o [23]
siPro2SendCommandGetResponse
                        0x0000a451    0x2c  Code  Gb  sipro2.o [23]
siPro2WaitForReady      0x0000a33d    0x3e  Code  Gb  sipro2.o [23]
siPro2WriteTxFifo       0x0000a317    0x12  Code  Gb  sipro2.o [23]
simEe2offset            0x20007be4     0x4  Data  Gb  sim-eeprom-internal.o [25]
simEeErasePage          0x000005cd    0x16  Code  Lc  sim-eeprom-internal.o [25]
simEeSetDataActiveSemaphore
                        0x20007fe0     0x1  Data  Gb  token.o [5]
simulatedEepromStorage  0x0003e000  0x2000  Data  Gb  sim-eeprom.o [14]
singleInit              0x20007bc4     0xc  Data  Gb  connect-callbacks.o [1]
sizeCache               0x0000dde8     0x8  Data  Gb  sim-eeprom.o [14]
skipOverNotLive         0x00009067    0x16  Code  Lc  buffer-management.o [26]
sleepBlockCnt           0x20005f88     0x4  Data  Lc  sleep.o [5]
sleepCallback           0x20005f8c     0x4  Data  Lc  sleep.o [5]
sleepTimerInterruptOccurred
                        0x20007be8     0x1  Data  Gb  system-timer.o [19]
spiHandleData           0x20007f68    0x58  Data  Lc  sipro2.o [23]
spiXfer                 0x0000a151    0xac  Code  Lc  sipro2.o [23]
spidrvIsInitialized     0x20007fde     0x1  Data  Lc  spidrv.o [5]
splitTrxBuf             0x20007ee4    0x84  Data  Lc  sipro2.o [23]
stackBeaconPayload      0x00003e0c    0x10  Data  Lc  association.o [18]
startTimerNestingLevel  0x20005f78     0x4  Data  Lc  rtcdriver.o [5]
stringToUnsignedInt     0x0000ce3b    0x74  Code  Lc  command-interpreter.o [2]
switchBand              0x00005499    0x6e  Code  Lc  phy.o [23]
syncReg                 0x00002275    0x12  Code  Lc  em_cmu.o [5]
systemTimerId           0x20007bec     0x4  Data  Gb  system-timer.o [19]
tailIndex               0x20007fed     0x1  Data  Lc  indirect-queue.o [22]
tailIndex               0x20007fef     0x1  Data  Lc  mac-queue.o [21]
takeCurrentMeasurement  0x00001463    0x72  Code  Lc  connect-callbacks.o [1]
takeMeasurementSet      0x00001519   0x118  Code  Gb  connect-callbacks.o [1]
takeVoltageMeasurement  0x000014d5    0x40  Code  Lc  connect-callbacks.o [1]
timeElapsed             0x20005fa8     0x1  Data  Lc  ustimer.o [5]
timer                   0x20005800    0xa0  Data  Lc  rtcdriver.o [5]
tokenArraySize          0x0000e148     0x8  Data  Gb  token-def.o [5]
tokenCreators           0x0000e128    0x10  Data  Gb  token-def.o [5]
tokenDefaults           0x0000e184    0x1c  Data  Gb  token-def.o [5]
tokenIsCnt              0x0000e138     0x8  Data  Gb  token-def.o [5]
tokenLength             0x0000cacf     0xe  Code  Lc  command-interpreter.o [2]
tokenPointer            0x0000cadd    0x10  Code  Lc  command-interpreter.o [2]
tokenSize               0x0000e140     0x8  Data  Gb  token-def.o [5]
tokensActive            0x20007fdf     0x1  Data  Gb  token.o [5]
tracePhase              0x20007ce4     0x1  Data  Lc  buffer-management.o [26]
txBufPending            0x20007c28     0x4  Data  Lc  phy.o [23]
txCompleteStatusPending
                        0x200055fc     0x1  Data  Lc  lower-mac-pro2.o [23]
txCompleted             0x0000a0cd    0x34  Code  Lc  lower-mac-pro2.o [23]
txPowerLimits           0x0000df68     0xc  Data  Lc  phy-config-connect.o [11]
uartdrvHandle           0x20005f98    0x10  Data  Lc  uartdrv.o [5]
uartdrvHandleIsInitialized
                        0x20005f94     0x1  Data  Lc  uartdrv.o [5]
uarthandle              0x20005528     0xc  Data  Gb  com.o [5]
uarthandledata          0x20005d78    0xd8  Data  Lc  com.o [5]
uninitializedIsr        0x0000dbdd          Code  Gb  faults.o [5]
unloadTxBuffer          0x000041f1    0x4c  Code  Lc  com.o [5]
updateBuffer            0x00004175    0x32  Code  Gb  com.o [5]
updateIndirectQueueEvent
                        0x00009acb    0x8c  Code  Lc  indirect-queue.o [22]
updateNextPacketToExpire
                        0x0000d3db    0x5e  Code  Lc  mailbox-server.o [9]
updateNodesArray        0x0000175f   0x112  Code  Gb  connect-callbacks.o [1]
userData                0x20007cfc     0x4  Data  Lc  buffer-management.o [26]
userDataCount           0x20007cea     0x2  Data  Lc  buffer-management.o [26]
voltageChannel          0x200055f9     0x1  Data  Gb  connect-callbacks.o [1]
wakeUpCallback          0x20005f90     0x4  Data  Lc  sleep.o [5]
wallClockOverflowCnt    0x20005f7c     0x4  Data  Lc  rtcdriver.o [5]
wallClockTimeBase       0x20005f80     0x4  Data  Lc  rtcdriver.o [5]
write16                 0x00001b5d    0x4e  Code  Gb  flash.o [19]
writeChildEntryToToken  0x00006a71    0x42  Code  Lc  child-table.o [22]
writeInt32u             0x0000c827    0x10  Code  Lc  xxtea.o [28]
writePageCounters       0x00000c33    0x74  Code  Lc  sim-eeprom-internal.o [25]
writePeerFrameCounterEntry
                        0x000068e1    0x20  Code  Lc  security-common.o [26]
writeTokenBlockData     0x00000531    0x52  Code  Lc  sim-eeprom-internal.o [25]
xxteaDecrypt            0x0000c951    0xd8  Code  Gb  xxtea.o [28]
xxteaEncrypt            0x0000c861    0xf0  Code  Gb  xxtea.o [28]


[1] = C:\Users\Alex\SimplicityStudio\v3_workspace\Sink\IAR ARM - Debug
[2] = C:\Users\Alex\SimplicityStudio\v3_workspace\Sink\IAR ARM - Debug\command-interpreter
[3] = C:\Users\Alex\SimplicityStudio\v3_workspace\Sink\IAR ARM - Debug\debug-print
[4] = C:\Users\Alex\SimplicityStudio\v3_workspace\Sink\IAR ARM - Debug\diagnostic\EZR32
[5] = C:\Users\Alex\SimplicityStudio\v3_workspace\Sink\IAR ARM - Debug\hal\hal-ezr32
[6] = C:\Users\Alex\SimplicityStudio\v3_workspace\Sink\IAR ARM - Debug\hal\hal-ezr32\EZR32_WG330
[7] = C:\Users\Alex\SimplicityStudio\v3_workspace\Sink\IAR ARM - Debug\idle-sleep
[8] = C:\Users\Alex\SimplicityStudio\v3_workspace\Sink\IAR ARM - Debug\mailbox-client
[9] = C:\Users\Alex\SimplicityStudio\v3_workspace\Sink\IAR ARM - Debug\mailbox-server
[10] = C:\Users\Alex\SimplicityStudio\v3_workspace\Sink\IAR ARM - Debug\main
[11] = C:\Users\Alex\SimplicityStudio\v3_workspace\Sink\IAR ARM - Debug\phy-ezradio
[12] = C:\Users\Alex\SimplicityStudio\v3_workspace\Sink\IAR ARM - Debug\poll
[13] = C:\Users\Alex\SimplicityStudio\v3_workspace\Sink\IAR ARM - Debug\serial
[14] = C:\Users\Alex\SimplicityStudio\v3_workspace\Sink\IAR ARM - Debug\sim-eeprom1
[15] = C:\Users\Alex\SimplicityStudio\v3_workspace\Sink\IAR ARM - Debug\stack\stack-common
[16] = command line
[17] = aes-security-library.a
[18] = form-and-join-library.a
[19] = hal-library.a
[20] = m7M_tl.a
[21] = packet-queue-library.a
[22] = parent-support-library.a
[23] = phy-pro2-brd4502c-library.a
[24] = rt7M_tl.a
[25] = sim-eeprom1-library.a
[26] = stack-common-library.a
[27] = stack-counters-library.a
[28] = xxtea-security-library.a

  55 842 bytes of readonly  code memory
     468 bytes of readwrite code memory
   3 971 bytes of readonly  data memory
  25 937 bytes of readwrite data memory

Errors: none
Warnings: none
